Component: ARM Compiler 5.06 update 7 (build 960) Tool: armlink [4d3601]

==============================================================================

Section Cross References

    algorithm.o(i.LQR_K_MatrixUpdate) refers to algorithm.o(.data) for LQR_DefaultK_Matrix
    algorithm.o(i.LegLinkage_ForwardKinematicsCal) refers to algorithm_simple.o(i.MyCos) for MyCos
    algorithm.o(i.LegLinkage_ForwardKinematicsCal) refers to algorithm_simple.o(i.MySin) for MySin
    algorithm.o(i.LegLinkage_ForwardKinematicsCal) refers to algorithm_simple.o(i.MySqr) for MySqr
    algorithm.o(i.LegLinkage_ForwardKinematicsCal) refers to algorithm_simple.o(i.MySqrt) for MySqrt
    algorithm.o(i.LegLinkage_ForwardKinematicsCal) refers to algorithm_simple.o(i.MyAtan) for MyAtan
    algorithm.o(i.LegLinkage_GetL0dot) refers to algorithm_simple.o(i.MySin) for MySin
    algorithm.o(i.LegLinkage_GetL0dot) refers to algorithm.o(i.__ARM_isnanf) for __ARM_isnanf
    algorithm.o(i.LegLinkage_GetTheta) refers to algorithm_simple.o(i.MyAtan) for MyAtan
    algorithm.o(i.LegLinkage_GetThetadot) refers to algorithm_simple.o(i.MyCos) for MyCos
    algorithm.o(i.LegLinkage_GetThetadot) refers to algorithm_simple.o(i.MySin) for MySin
    algorithm.o(i.LegLinkage_GetThetadot) refers to algorithm.o(i.__ARM_isnanf) for __ARM_isnanf
    algorithm.o(i.LuenbergerObserver_UniformVelocityModel) refers to globaldeclare_chassis.o(.constdata) for GCH_TaskTime
    algorithm.o(i.OffGround_GetLegToWheelForce) refers to algorithm_simple.o(i.MyCos) for MyCos
    algorithm.o(i.OffGround_GetLegToWheelForce) refers to algorithm_simple.o(i.MySin) for MySin
    algorithm.o(i.OffGround_GetRealFAndTp) refers to algorithm_simple.o(i.MyCos) for MyCos
    algorithm.o(i.OffGround_GetRealFAndTp) refers to algorithm_simple.o(i.MySin) for MySin
    algorithm.o(i.OffGround_GetSupportForce) refers to algorithm.o(i.OffGround_GetLegToWheelForce) for OffGround_GetLegToWheelForce
    algorithm.o(i.OffGround_GetSupportForce) refers to algorithm_simple.o(i.MyCos) for MyCos
    algorithm.o(i.OffGround_GetSupportForce) refers to algorithm_simple.o(i.MySin) for MySin
    algorithm.o(i.OffGround_LegLinkRelateDataUpdate) refers to algorithm.o(i.LegLinkage_GetL0Length) for LegLinkage_GetL0Length
    algorithm.o(i.OffGround_LegLinkRelateDataUpdate) refers to algorithm.o(i.LegLinkage_GetL0dot) for LegLinkage_GetL0dot
    algorithm.o(i.OffGround_LegLinkRelateDataUpdate) refers to algorithm.o(i.LegLinkage_GetTheta) for LegLinkage_GetTheta
    algorithm.o(i.OffGround_LegLinkRelateDataUpdate) refers to algorithm.o(i.LegLinkage_GetThetadot) for LegLinkage_GetThetadot
    algorithm.o(i.PID_Cal) refers to general_auxiliaryfunc.o(i.Limit) for Limit
    algorithm.o(i.TD_Cal) refers to algorithm.o(i._TD_fst) for _TD_fst
    algorithm.o(i.VMC_Cal) refers to algorithm_simple.o(i.MySin) for MySin
    algorithm.o(i.VMC_Cal) refers to algorithm_simple.o(i.MyCos) for MyCos
    algorithm.o(i._TD_fst) refers to algorithm_simple.o(i.MyAbsf) for MyAbsf
    algorithm.o(i._TD_fst) refers to algorithm_simple.o(i.MySqrt) for MySqrt
    algorithm.o(i._TD_fst) refers to algorithm_simple.o(i.MySign) for MySign
    algorithm_simple.o(i.MyAtan) refers to atanf.o(i.__hardfp_atanf) for __hardfp_atanf
    algorithm_simple.o(i.MyCos) refers to arm_cos_f32.o(.text) for arm_cos_f32
    algorithm_simple.o(i.MySin) refers to arm_sin_f32.o(.text) for arm_sin_f32
    general_auxiliaryfunc.o(i.IsInsideEightGesture) refers to general_auxiliaryfunc.o(i.IsLeftJoyStickRight) for IsLeftJoyStickRight
    general_auxiliaryfunc.o(i.IsInsideEightGesture) refers to general_auxiliaryfunc.o(i.IsLeftJoyStickDown) for IsLeftJoyStickDown
    general_auxiliaryfunc.o(i.IsInsideEightGesture) refers to general_auxiliaryfunc.o(i.IsRightJoyStickLeft) for IsRightJoyStickLeft
    general_auxiliaryfunc.o(i.IsInsideEightGesture) refers to general_auxiliaryfunc.o(i.IsRightJoyStickDown) for IsRightJoyStickDown
    general_auxiliaryfunc.o(i.IsLeftJoyStickBeyondDeadZoneDown) refers to globaldeclare_general.o(.bss) for GST_Receiver
    general_auxiliaryfunc.o(i.IsLeftJoyStickBeyondDeadZoneUp) refers to globaldeclare_general.o(.bss) for GST_Receiver
    general_auxiliaryfunc.o(i.IsLeftJoyStickDown) refers to globaldeclare_general.o(.bss) for GST_Receiver
    general_auxiliaryfunc.o(i.IsLeftJoyStickLeft) refers to globaldeclare_general.o(.bss) for GST_Receiver
    general_auxiliaryfunc.o(i.IsLeftJoyStickRight) refers to globaldeclare_general.o(.bss) for GST_Receiver
    general_auxiliaryfunc.o(i.IsLeftJoyStickUp) refers to globaldeclare_general.o(.bss) for GST_Receiver
    general_auxiliaryfunc.o(i.IsLeftLevelDown) refers to globaldeclare_general.o(.bss) for GST_Receiver
    general_auxiliaryfunc.o(i.IsLeftLevelMid) refers to globaldeclare_general.o(.bss) for GST_Receiver
    general_auxiliaryfunc.o(i.IsLeftLevelUp) refers to globaldeclare_general.o(.bss) for GST_Receiver
[...]
    USART2_IRQHandler                        0x08006591   Thumb Code    80  irqhandler_config.o(i.USART2_IRQHandler)
    USART3_DMA_printf                        0x080065f1   Thumb Code    62  usart_communication.o(i.USART3_DMA_printf)
    USART3_IRQHandler                        0x0800663d   Thumb Code    68  irqhandler_config.o(i.USART3_IRQHandler)
    USART_ClearFlag                          0x08006691   Thumb Code    18  stm32f4xx_usart.o(i.USART_ClearFlag)
    USART_Cmd                                0x080066a3   Thumb Code    24  stm32f4xx_usart.o(i.USART_Cmd)
    USART_DMACmd                             0x080066bb   Thumb Code    18  stm32f4xx_usart.o(i.USART_DMACmd)
    USART_DeInit                             0x080066cd   Thumb Code   206  stm32f4xx_usart.o(i.USART_DeInit)
    USART_GetITStatus                        0x080067bd   Thumb Code    84  stm32f4xx_usart.o(i.USART_GetITStatus)
    USART_ITConfig                           0x08006811   Thumb Code    74  stm32f4xx_usart.o(i.USART_ITConfig)
    USART_Init                               0x0800685d   Thumb Code   204  stm32f4xx_usart.o(i.USART_Init)
    USART_StructInit                         0x08006931   Thumb Code    24  stm32f4xx_usart.o(i.USART_StructInit)
    UsageFault_Handler                       0x08006949   Thumb Code     4  stm32f4xx_it.o(i.UsageFault_Handler)
    VMC_Cal                                  0x0800694d   Thumb Code   456  algorithm.o(i.VMC_Cal)
    VMC_FMatrixUpdate                        0x08006b19   Thumb Code    26  algorithm.o(i.VMC_FMatrixUpdate)
    VofaPrint                                0x08006b35   Thumb Code   250  debugtask.o(i.VofaPrint)
    WWDG_ClearFlag                           0x08006c85   Thumb Code     8  stm32f4xx_wwdg.o(i.WWDG_ClearFlag)
    WWDG_Enable                              0x08006c91   Thumb Code    10  stm32f4xx_wwdg.o(i.WWDG_Enable)
    WWDG_EnableIT                            0x08006ca1   Thumb Code     8  stm32f4xx_wwdg.o(i.WWDG_EnableIT)
    WWDG_IRQHandler                          0x08006cad   Thumb Code    16  irqhandler_config.o(i.WWDG_IRQHandler)
    WWDG_SetCounter                          0x08006cc1   Thumb Code    10  stm32f4xx_wwdg.o(i.WWDG_SetCounter)
    WWDG_SetPrescaler                        0x08006cd1   Thumb Code    18  stm32f4xx_wwdg.o(i.WWDG_SetPrescaler)
    WWDG_SetWindowValue                      0x08006ce9   Thumb Code    34  stm32f4xx_wwdg.o(i.WWDG_SetWindowValue)
    _BSPInit_CANSendZeroCurrent              0x08006d11   Thumb Code   102  rm_bsp.o(i._BSPInit_CANSendZeroCurrent)
    _CH_Flag_Reset                           0x08006d81   Thumb Code    12  chassis_apifunction.o(i._CH_Flag_Reset)
    _CH_GSTCH_Data_Reset                     0x08006d95   Thumb Code   140  chassis_apifunction.o(i._CH_GSTCH_Data_Reset)
    _CH_Move_DirectionChoose                 0x08006e29   Thumb Code    28  chassis_apifunction.o(i._CH_Move_DirectionChoose)
    _CH_Move_DisHandler                      0x08006e45   Thumb Code    56  chassis_apifunction.o(i._CH_Move_DisHandler)
    _CH_Move_GetDesVel                       0x08006e81   Thumb Code   542  chassis_apifunction.o(i._CH_Move_GetDesVel)
    _CH_Move_GetTurnVel                      0x080070d5   Thumb Code    40  chassis_apifunction.o(i._CH_Move_GetTurnVel)
    _CH_PIDCal_DataReset                     0x08007105   Thumb Code    68  chassis_apifunction.o(i._CH_PIDCal_DataReset)
    _CH_TDCal_DataReset                      0x0800715d   Thumb Code    52  chassis_apifunction.o(i._CH_TDCal_DataReset)
    _CRC16_Append                            0x080071a1   Thumb Code    44  usart_communication.o(i._CRC16_Append)
    _CRC16_GetCheckSum                       0x080071cd   Thumb Code    46  usart_communication.o(i._CRC16_GetCheckSum)
    _CRC16_Verify                            0x08007201   Thumb Code    60  usart_communication.o(i._CRC16_Verify)
    _ChIsEnter_AutoSafeMode_RCControl        0x0800723d   Thumb Code   128  chassis_stratgy.o(i._ChIsEnter_AutoSafeMode_RCControl)
    _ChIsEnter_FollowMode_RCControl          0x080072c5   Thumb Code     4  chassis_stratgy.o(i._ChIsEnter_FollowMode_RCControl)
    _ChIsEnter_FreeMode_RCControl            0x080072c9   Thumb Code    92  chassis_stratgy.o(i._ChIsEnter_FreeMode_RCControl)
    _ChIsEnter_ManualSafeMode_RCControl      0x08007325   Thumb Code    32  chassis_stratgy.o(i._ChIsEnter_ManualSafeMode_RCControl)
    _ChIsEnter_SittingMode_RCControl         0x08007345   Thumb Code   154  chassis_stratgy.o(i._ChIsEnter_SittingMode_RCControl)
    _ChIsEnter_SlowSitDownMode_RCControl     0x080073e9   Thumb Code    78  chassis_stratgy.o(i._ChIsEnter_SlowSitDownMode_RCControl)
    _ChIsEnter_StandUpMode_RCControl         0x08007439   Thumb Code   136  chassis_stratgy.o(i._ChIsEnter_StandUpMode_RCControl)
    _Ch_FBData_LPF                           0x080074c5   Thumb Code    40  chassis_apifunction.o(i._Ch_FBData_LPF)
    _Ch_VelFB_Process                        0x080074ed   Thumb Code   138  chassis_apifunction.o(i._Ch_VelFB_Process)
    _HM_DesData_TorqueToCurrent              0x08007595   Thumb Code    66  chassis_apifunction.o(i._HM_DesData_TorqueToCurrent)
    _HM_FBData_Parse                         0x080075e9   Thumb Code   132  chassis_apifunction.o(i._HM_FBData_Parse)
    _TD_fst                                  0x08007675   Thumb Code   274  algorithm.o(i._TD_fst)
    __ARM_fpclassify                         0x08007787   Thumb Code    48  fpclassify.o(i.__ARM_fpclassify)
    __ARM_fpclassifyf                        0x080077b7   Thumb Code    38  fpclassifyf.o(i.__ARM_fpclassifyf)
    __IsUART4SingleRecOK                     0x080077ed   Thumb Code    24  irqhandler_config.o(i.__IsUART4SingleRecOK)
    __IsUSART1SingleRecOK                    0x0800780d   Thumb Code    24  irqhandler_config.o(i.__IsUSART1SingleRecOK)
    __IsUSART2SingleRecOK                    0x0800782d   Thumb Code    24  irqhandler_config.o(i.__IsUSART2SingleRecOK)
    __UA2Rx_IsVerifySuccess                  0x0800784d   Thumb Code    40  usart_communication.o(i.__UA2Rx_IsVerifySuccess)
    __UA4Rx_IsVerifySuccess                  0x08007879   Thumb Code    34  usart_communication.o(i.__UA4Rx_IsVerifySuccess)
    __hardfp_atanf                           0x080078a1   Thumb Code   296  atanf.o(i.__hardfp_atanf)
    __mathlib_flt_infnan                     0x08007a01   Thumb Code     6  funder.o(i.__mathlib_flt_infnan)
    __mathlib_flt_underflow                  0x08007a09   Thumb Code    10  funder.o(i.__mathlib_flt_underflow)
    _is_digit                                0x08007a19   Thumb Code    14  __printf_wp.o(i._is_digit)
    main                                     0x08007a29   Thumb Code   154  main.o(i.main)
    pvPortMalloc                             0x08008579   Thumb Code   474  heap_4.o(i.pvPortMalloc)
    pxPortInitialiseStack                    0x08008771   Thumb Code    38  port.o(i.pxPortInitialiseStack)
    uxListRemove                             0x0800879d   Thumb Code    40  list.o(i.uxListRemove)
    uxTaskGetStackHighWaterMark              0x080087c5   Thumb Code    34  tasks.o(i.uxTaskGetStackHighWaterMark)
    vListInitialise                          0x080087ed   Thumb Code    26  list.o(i.vListInitialise)
    vListInitialiseItem                      0x08008807   Thumb Code     6  list.o(i.vListInitialiseItem)
    vListInsert                              0x0800880d   Thumb Code    52  list.o(i.vListInsert)
    vPortEnterCritical                       0x08008841   Thumb Code    76  port.o(i.vPortEnterCritical)
    vPortExitCritical                        0x08008895   Thumb Code    56  port.o(i.vPortExitCritical)
    vPortFree                                0x080088d1   Thumb Code   202  heap_4.o(i.vPortFree)
    vPortSetupTimerInterrupt                 0x080089ad   Thumb Code    20  port.o(i.vPortSetupTimerInterrupt)
    vQueueAddToRegistry                      0x080089c5   Thumb Code    90  queue.o(i.vQueueAddToRegistry)
    vQueueWaitForMessageRestricted           0x08008a25   Thumb Code    74  queue.o(i.vQueueWaitForMessageRestricted)
    vTaskDelay                               0x08008a71   Thumb Code    82  tasks.o(i.vTaskDelay)
    vTaskInternalSetTimeOutState             0x08008acd   Thumb Code    14  tasks.o(i.vTaskInternalSetTimeOutState)
    vTaskMissedYield                         0x08008ae5   Thumb Code     8  tasks.o(i.vTaskMissedYield)
    vTaskPlaceOnEventList                    0x08008af1   Thumb Code    52  tasks.o(i.vTaskPlaceOnEventList)
    vTaskPlaceOnEventListRestricted          0x08008b29   Thumb Code    98  tasks.o(i.vTaskPlaceOnEventListRestricted)
    vTaskStartScheduler                      0x08008b91   Thumb Code   106  tasks.o(i.vTaskStartScheduler)
    vTaskSuspendAll                          0x08008c0d   Thumb Code    12  tasks.o(i.vTaskSuspendAll)
    vTaskSwitchContext                       0x08008c1d   Thumb Code   130  tasks.o(i.vTaskSwitchContext)
    xPortStartScheduler                      0x08008cb5   Thumb Code   330  port.o(i.xPortStartScheduler)
    xQueueGenericCreate                      0x08008e1d   Thumb Code   102  queue.o(i.xQueueGenericCreate)
    xQueueGenericReset                       0x08008e85   Thumb Code   214  queue.o(i.xQueueGenericReset)
    xQueueReceive                            0x08008f61   Thumb Code   356  queue.o(i.xQueueReceive)
    xTaskCheckForTimeOut                     0x080090c9   Thumb Code   160  tasks.o(i.xTaskCheckForTimeOut)
    xTaskCreate                              0x08009175   Thumb Code    56  tasks.o(i.xTaskCreate)
    xTaskDelayUntil                          0x080091ad   Thumb Code   202  tasks.o(i.xTaskDelayUntil)
    xTaskGetSchedulerState                   0x08009285   Thumb Code    24  tasks.o(i.xTaskGetSchedulerState)
    xTaskGetTickCount                        0x080092a5   Thumb Code     6  tasks.o(i.xTaskGetTickCount)
    xTaskIncrementTick                       0x080092b1   Thumb Code   416  tasks.o(i.xTaskIncrementTick)
    xTaskRemoveFromEventList                 0x0800947d   Thumb Code   282  tasks.o(i.xTaskRemoveFromEventList)
    xTaskResumeAll                           0x080095b1   Thumb Code   382  tasks.o(i.xTaskResumeAll)
    xTimerCreateTimerTask                    0x08009755   Thumb Code    66  timers.o(i.xTimerCreateTimerTask)
    _get_lc_numeric                          0x080097ad   Thumb Code    44  lc_numeric_c.o(locale$$code)
    _get_lc_ctype                            0x080097d9   Thumb Code    44  lc_ctype_c.o(locale$$code)
    __dflt_normalise                         0x08009805   Thumb Code    26  dflt_clz.o(x$fpl$dfltn)
    __fpl_dretinf                            0x0800981f   Thumb Code    12  dretinf.o(x$fpl$dretinf)
    __fpl_exception                          0x0800982d   Thumb Code   454  except.o(x$fpl$exception)
    __aeabi_f2d                              0x08009a19   Thumb Code     0  f2d.o(x$fpl$f2d)
    _f2d                                     0x08009a19   Thumb Code   122  f2d.o(x$fpl$f2d)
    __fpl_fnaninf                            0x08009a93   Thumb Code   242  fnaninf.o(x$fpl$fnaninf)
    _fp_init                                 0x08009b85   Thumb Code    10  fpinit.o(x$fpl$fpinit)
    __fplib_config_fpu_vfp                   0x08009b8d   Thumb Code     0  fpinit.o(x$fpl$fpinit)
    __fplib_config_pureend_doubles           0x08009b8d   Thumb Code     0  fpinit.o(x$fpl$fpinit)
    __funder                                 0x08009b8f   Thumb Code   254  funder_clz.o(x$fpl$funder)
    __funder_d                               0x08009c8d   Thumb Code    62  funder_clz.o(x$fpl$funder)
    __ieee_status                            0x08009ccd   Thumb Code    28  istatus.o(x$fpl$ieeestatus)
    _printf_fp_dec                           0x08009ced   Thumb Code     4  printf1.o(x$fpl$printf1)
    _printf_fp_hex                           0x08009cf1   Thumb Code     4  printf2.o(x$fpl$printf2)
    __fpl_return_NaN                         0x08009cf5   Thumb Code   178  retnan.o(x$fpl$retnan)
    _fp_trapveneer                           0x08009da7   Thumb Code    36  trapv.o(x$fpl$trapveneer)
    __fpl_cmpreturn                          0x08009dcb   Thumb Code    90  trapv.o(x$fpl$trapveneer)
    GCH_TaskPeriod                           0x08009e24   Data           4  globaldeclare_chassis.o(.constdata)
    __I$use$fp                               0x08009e24   Number         0  usenofp.o(x$fpl$usenofp)
    GCH_TaskTime                             0x08009e28   Data           4  globaldeclare_chassis.o(.constdata)
    JointMotorMAXTorque                      0x08009e2c   Data           4  globaldeclare_chassis.o(.constdata)
    UA1RxDMAbuf_LEN                          0x08009e30   Data           1  usart_communication.o(.constdata)
    UA2TxDMAbuf_LEN                          0x08009e31   Data           1  usart_communication.o(.constdata)
    UA2RxDMAbuf_LEN                          0x08009e32   Data           1  usart_communication.o(.constdata)
    UA3TxDMAbuf_LEN                          0x08009e33   Data           1  usart_communication.o(.constdata)
    UA3RxDMAbuf_LEN                          0x08009e34   Data           1  usart_communication.o(.constdata)
    UA4RxDMAbuf_LEN                          0x08009e35   Data           1  usart_communication.o(.constdata)
    UA4TxDMAbuf_LEN                          0x08009e36   Data           1  usart_communication.o(.constdata)
    UA5TxDMAbuf_LEN                          0x08009e37   Data           1  usart_communication.o(.constdata)
    UA5RxDMAbuf_LEN                          0x08009e38   Data           2  usart_communication.o(.constdata)
    UA6TxDMAbuf_LEN                          0x08009e3a   Data           1  usart_communication.o(.constdata)
    UA6RxDMAbuf_LEN                          0x08009e3b   Data           1  usart_communication.o(.constdata)
    CRC16_InitValue                          0x08009e3c   Data           2  usart_communication.o(.constdata)
    CRC16_Table                              0x08009e3e   Data         512  usart_communication.o(.constdata)
    WWDG_CounterValue                        0x0800a03e   Data           1  wwdg_config.o(.constdata)
    WWDG_WindowValue                         0x0800a03f   Data           1  wwdg_config.o(.constdata)
    sinTable_f32                             0x0800a040   Data        2052  arm_common_tables.o(.constdata)
    Region$$Table$$Base                      0x0800a944   Number         0  anon$$obj.o(Region$$Table)
    Region$$Table$$Limit                     0x0800a964   Number         0  anon$$obj.o(Region$$Table)
    __ctype                                  0x0800a98d   Data           0  lc_ctype_c.o(locale$$data)
    G_TestFlag                               0x20000000   Data           1  globaldeclare_general.o(.data)
    G_u8Test                                 0x20000001   Data           1  globaldeclare_general.o(.data)
    G_u16Test                                0x20000002   Data           2  globaldeclare_general.o(.data)
    G_u32Test                                0x20000004   Data           4  globaldeclare_general.o(.data)
    G_s16Test                                0x20000008   Data           2  globaldeclare_general.o(.data)
    G_s32Test                                0x2000000c   Data           4  globaldeclare_general.o(.data)
    G_fTest                                  0x20000010   Data           4  globaldeclare_general.o(.data)
    G_fTest1                                 0x20000014   Data           4  globaldeclare_general.o(.data)
    G_fTest2                                 0x20000018   Data           4  globaldeclare_general.o(.data)
    G_fTest3                                 0x2000001c   Data           4  globaldeclare_general.o(.data)
    GF_USART1_RxDone                         0x20000020   Data           1  globaldeclare_general.o(.data)
    TD_LegLen_rStandUp                       0x20000024   Data           4  globaldeclare_chassis.o(.data)
    TD_LegLen_rNorm                          0x20000028   Data           4  globaldeclare_chassis.o(.data)
    TD_LegLen_rSlowSitDown                   0x2000002c   Data           4  globaldeclare_chassis.o(.data)
    PID_LegLen_KpStandUp                     0x20000030   Data           4  globaldeclare_chassis.o(.data)
    PID_LegLen_KdStandUp                     0x20000034   Data           4  globaldeclare_chassis.o(.data)
    PID_LegLen_KpNorm                        0x20000038   Data           4  globaldeclare_chassis.o(.data)
    PID_LegLen_KdNorm                        0x2000003c   Data           4  globaldeclare_chassis.o(.data)
    LegLenMin                                0x20000040   Data           4  globaldeclare_chassis.o(.data)
    LegLenMinTH                              0x20000044   Data           4  globaldeclare_chassis.o(.data)
    LegLenLow                                0x20000048   Data           4  globaldeclare_chassis.o(.data)
    LegLenMid                                0x2000004c   Data           4  globaldeclare_chassis.o(.data)
    LegLenHigh                               0x20000050   Data           4  globaldeclare_chassis.o(.data)
    ChassisPitchAngleZP                      0x20000054   Data           4  globaldeclare_chassis.o(.data)
    ChassisRollAngleZP                       0x20000058   Data           4  globaldeclare_chassis.o(.data)
    LegFFForce_Norm                          0x2000005c   Data           4  globaldeclare_chassis.o(.data)
    LegFFForce_SlowSitDown                   0x20000060   Data           4  globaldeclare_chassis.o(.data)
    LegFFForce_SlowSitDownStep               0x20000064   Data           4  globaldeclare_chassis.o(.data)
    CHMode_AllMode_PreProcessTime            0x20000068   Data           2  globaldeclare_chassis.o(.data)
    CHMode_RC_StandUp_TotalTime              0x2000006a   Data           2  globaldeclare_chassis.o(.data)
    ChMove_StillVelTH                        0x2000006c   Data           4  globaldeclare_chassis.o(.data)
    ChMove_VelDesMax                         0x20000070   Data           4  globaldeclare_chassis.o(.data)
    ChMove_Acc_Moving                        0x20000074   Data           4  globaldeclare_chassis.o(.data)
    ChMove_Acc_Brake                         0x20000078   Data           4  globaldeclare_chassis.o(.data)
    ChMove_VelDesMin                         0x2000007c   Data           4  globaldeclare_chassis.o(.data)
    ChMove_VelMovingChangeRateMin            0x20000080   Data           4  globaldeclare_chassis.o(.data)
    ChMove_VelMovingChangeRateMax            0x20000084   Data           4  globaldeclare_chassis.o(.data)
    ChMove_VelBrakingChangeRateMax           0x20000088   Data           4  globaldeclare_chassis.o(.data)
    ChMove_BrakeVelLimitTH                   0x2000008c   Data           4  globaldeclare_chassis.o(.data)
    ChMove_TurnYawVel_Normal                 0x20000090   Data           4  globaldeclare_chassis.o(.data)
    GFCH_IMU2Restart                         0x20000094   Data           1  globaldeclare_chassis.o(.data)
    GFCH_LegCalibration                      0x20000095   Data           1  globaldeclare_chassis.o(.data)
    GstCH_HM1RxC620Data                      0x20000096   Data           8  globaldeclare_chassis.o(.data)
    GstCH_HM2RxC620Data                      0x2000009e   Data           8  globaldeclare_chassis.o(.data)
    GstCH_HM1_AngleVelLPF                    0x200000a8   Data          20  globaldeclare_chassis.o(.data)
    GstCH_HM2_AngleVelLPF                    0x200000bc   Data          20  globaldeclare_chassis.o(.data)
    GstCH_xC1dotLPF                          0x200000d0   Data          20  globaldeclare_chassis.o(.data)
    GstCH_xC2dotLPF                          0x200000e4   Data          20  globaldeclare_chassis.o(.data)
    GstCH_Theta1dotLPF                       0x200000f8   Data          20  globaldeclare_chassis.o(.data)
    GstCH_Theta2dotLPF                       0x2000010c   Data          20  globaldeclare_chassis.o(.data)
    GstCH_AccX_LPF                           0x20000120   Data          20  globaldeclare_chassis.o(.data)
    GstCH_TheoryVelLPF                       0x20000134   Data          20  globaldeclare_chassis.o(.data)
    GstCH_VelCompLPF                         0x20000148   Data          20  globaldeclare_chassis.o(.data)
    GstCH_YawAngleVelLPF                     0x2000015c   Data          20  globaldeclare_chassis.o(.data)
    GstCH_PitchAngleVelLPF                   0x20000170   Data          20  globaldeclare_chassis.o(.data)
    GstCH_LegLen1TD                          0x20000184   Data          24  globaldeclare_chassis.o(.data)
    GstCH_LegLen2TD                          0x2000019c   Data          24  globaldeclare_chassis.o(.data)
    GstCH_LegLen1PID                         0x200001b4   Data          68  globaldeclare_chassis.o(.data)
    GstCH_LegLen2PID                         0x200001f8   Data          68  globaldeclare_chassis.o(.data)
    GstCH_RollCompPID                        0x2000023c   Data          68  globaldeclare_chassis.o(.data)
    GstCH_LegLinkCal1                        0x20000280   Data         112  globaldeclare_chassis.o(.data)
    GstCH_LegLinkCal2                        0x200002f0   Data         112  globaldeclare_chassis.o(.data)
    GEMCH_Mode                               0x20000360   Data           1  globaldeclare_chassis.o(.data)
    GEMCH_ModePre                            0x20000361   Data           1  globaldeclare_chassis.o(.data)
    GSTCH_JM1                                0x20000364   Data          40  globaldeclare_chassis.o(.data)
    GSTCH_JM2                                0x2000038c   Data          40  globaldeclare_chassis.o(.data)
    GSTCH_JM3                                0x200003b4   Data          40  globaldeclare_chassis.o(.data)
    GSTCH_JM4                                0x200003dc   Data          40  globaldeclare_chassis.o(.data)
    GSTCH_HM1                                0x20000404   Data          20  globaldeclare_chassis.o(.data)
    GSTCH_HM2                                0x20000418   Data          20  globaldeclare_chassis.o(.data)
    GFGB_IMU1Restart                         0x2000042c   Data           1  globaldeclare_gimbal.o(.data)
    GGB_RollAngle                            0x20000430   Data           4  globaldeclare_gimbal.o(.data)
    LQR_DefaultK_Matrix                      0x20000434   Data         160  algorithm.o(.data)
    GSTCH_OffGround1                         0x200004d8   Data         128  chassis_task.o(.data)
    GSTCH_OffGround2                         0x20000558   Data         128  chassis_task.o(.data)
    DebugTaskHandle                          0x200005dc   Data           4  main.o(.data)
    DebugTaskHighWaterMark                   0x200005e0   Data           4  main.o(.data)
    ReceiverTaskHandle                       0x200005e4   Data           4  main.o(.data)
    ReceiverTaskHighWaterMark                0x200005e8   Data           4  main.o(.data)
    ChassisTaskHandle                        0x200005ec   Data           4  main.o(.data)
    ChassisTaskHighWaterMark                 0x200005f0   Data           4  main.o(.data)
    SendDataTaskHandle                       0x200005f4   Data           4  main.o(.data)
    SendDataTaskHighWaterMark                0x200005f8   Data           4  main.o(.data)
    pxCurrentTCB                             0x200005fc   Data           4  tasks.o(.data)
    GST_SystemMonitor                        0x20000688   Data          60  globaldeclare_general.o(.bss)
    GST_Receiver                             0x200006c4   Data          22  globaldeclare_general.o(.bss)
    GST_RMCtrl                               0x200006dc   Data         112  globaldeclare_general.o(.bss)
    GstCH_IMU2                               0x2000074c   Data         176  globaldeclare_chassis.o(.bss)
    GstCH_VelObserver                        0x200007fc   Data          40  globaldeclare_chassis.o(.bss)
    GstCH_LQRCal                             0x20000824   Data         216  globaldeclare_chassis.o(.bss)
    GstCH_Leg1VMC                            0x200008fc   Data          32  globaldeclare_chassis.o(.bss)
    GstCH_Leg2VMC                            0x2000091c   Data          32  globaldeclare_chassis.o(.bss)
    GSTCH_Data                               0x2000093c   Data         164  globaldeclare_chassis.o(.bss)
    GstGB_IMU1                               0x200009e0   Data          48  globaldeclare_gimbal.o(.bss)
    GstGB_PitchPosPID                        0x20000a10   Data          68  globaldeclare_gimbal.o(.bss)
    GstGB_PitchSpeedPID                      0x20000a54   Data          68  globaldeclare_gimbal.o(.bss)
    GstGB_YawPosPID                          0x20000a98   Data          68  globaldeclare_gimbal.o(.bss)
    GstGB_YawSpeedPID                        0x20000adc   Data          68  globaldeclare_gimbal.o(.bss)
    UA1RxDMAbuf                              0x20000b20   Data          18  usart_communication.o(.bss)
    UA2RxDMAbuf                              0x20000b32   Data          38  usart_communication.o(.bss)
    UA3RxDMAbuf                              0x20000b58   Data         128  usart_communication.o(.bss)
    UA4RxDMAbuf                              0x20000bd8   Data         106  usart_communication.o(.bss)
    UA5TxDMAbuf                              0x20000c42   Data         128  usart_communication.o(.bss)
    UA5RxDMAbuf                              0x20000cc2   Data         500  usart_communication.o(.bss)
    UA6RxDMAbuf                              0x20000eb6   Data          42  usart_communication.o(.bss)
    USART3_DMA_Buf                           0x20000ee0   Data         255  usart_communication.o(.bss)
    USART6_DMA_Buf                           0x20000fdf   Data         255  usart_communication.o(.bss)
    xQueueRegistry                           0x200010e0   Data          64  queue.o(.bss)
    __libspace_start                         0x2000542c   Data          96  libspace.o(.bss)
    __temporary_stack_top$libspace           0x2000548c   Data           0  libspace.o(.bss)



==============================================================================

Memory Map of the image

  Image Entry point : 0x08000189

  Load Region LR_IROM1 (Base: 0x08000000, Size: 0x0000b118, Max: 0x00080000, ABSOLUTE, COMPRESSED[0x0000abec])

    Execution Region ER_IROM1 (Exec base: 0x08000000, Load base: 0x08000000, Size: 0x0000aa90, Max: 0x00080000, ABSOLUTE)

    Exec Addr    Load Addr    Size         Type   Attr      Idx    E Section Name        Object

    0x08000000   0x08000000   0x00000188   Data   RO         3228    RESET               startup_stm32f40_41xxx.o
    0x08000188   0x08000188   0x00000008   Code   RO         6062  * !!!main             c_w.l(__main.o)
    0x08000190   0x08000190   0x00000034   Code   RO         6414    !!!scatter          c_w.l(__scatter.o)
    0x080001c4   0x080001c4   0x0000005a   Code   RO         6412    !!dczerorl2         c_w.l(__dczerorl2.o)
    0x0800021e   0x0800021e   0x00000002   PAD
    0x08000220   0x08000220   0x0000001c   Code   RO         6416    !!handler_zi        c_w.l(__scatter_zi.o)
    0x0800023c   0x0800023c   0x00000000   Code   RO         6043    .ARM.Collect$$_printf_percent$$00000000  c_w.l(_printf_percent.o)
    0x0800023c   0x0800023c   0x00000006   Code   RO         6128    .ARM.Collect$$_printf_percent$$00000001  c_w.l(_printf_n.o)
    0x08000242   0x08000242   0x00000006   Code   RO         6130    .ARM.Collect$$_printf_percent$$00000002  c_w.l(_printf_p.o)
    0x08000248   0x08000248   0x00000006   Code   RO         6134    .ARM.Collect$$_printf_percent$$00000003  c_w.l(_printf_f.o)
    0x0800024e   0x0800024e   0x00000006   Code   RO         6135    .ARM.Collect$$_printf_percent$$00000004  c_w.l(_printf_e.o)
    0x08000254   0x08000254   0x00000006   Code   RO         6136    .ARM.Collect$$_printf_percent$$00000005  c_w.l(_printf_g.o)
    0x0800025a   0x0800025a   0x00000006   Code   RO         6137    .ARM.Collect$$_printf_percent$$00000006  c_w.l(_printf_a.o)
    0x08000260   0x08000260   0x0000000a   Code   RO         6142    .ARM.Collect$$_printf_percent$$00000007  c_w.l(_printf_ll.o)
    0x0800026a   0x0800026a   0x00000006   Code   RO         6132    .ARM.Collect$$_printf_percent$$00000008  c_w.l(_printf_i.o)
    0x08000270   0x08000270   0x00000006   Code   RO         6133    .ARM.Collect$$_printf_percent$$00000009  c_w.l(_printf_d.o)
    0x08000276   0x08000276   0x00000006   Code   RO         6042    .ARM.Collect$$_printf_percent$$0000000A  c_w.l(_printf_u.o)
    0x0800027c   0x0800027c   0x00000006   Code   RO         6131    .ARM.Collect$$_printf_percent$$0000000B  c_w.l(_printf_o.o)
    0x08000282   0x08000282   0x00000006   Code   RO         6129    .ARM.Collect$$_printf_percent$$0000000C  c_w.l(_printf_x.o)
    0x08000288   0x08000288   0x00000006   Code   RO         6139    .ARM.Collect$$_printf_percent$$0000000D  c_w.l(_printf_lli.o)
    0x0800028e   0x0800028e   0x00000006   Code   RO         6140    .ARM.Collect$$_printf_percent$$0000000E  c_w.l(_printf_lld.o)
    0x08000294   0x08000294   0x00000006   Code   RO         6141    .ARM.Collect$$_printf_percent$$0000000F  c_w.l(_printf_llu.o)
    0x0800029a   0x0800029a   0x00000006   Code   RO         6146    .ARM.Collect$$_printf_percent$$00000010  c_w.l(_printf_llo.o)
    0x080002a0   0x080002a0   0x00000006   Code   RO         6147    .ARM.Collect$$_printf_percent$$00000011  c_w.l(_printf_llx.o)
    0x080002a6   0x080002a6   0x0000000a   Code   RO         6143    .ARM.Collect$$_printf_percent$$00000012  c_w.l(_printf_l.o)
    0x080002b0   0x080002b0   0x00000006   Code   RO         6041    .ARM.Collect$$_printf_percent$$00000013  c_w.l(_printf_c.o)
    0x080002b6   0x080002b6   0x00000006   Code   RO         6127    .ARM.Collect$$_printf_percent$$00000014  c_w.l(_printf_s.o)
    0x080002bc   0x080002bc   0x00000006   Code   RO         6144    .ARM.Collect$$_printf_percent$$00000015  c_w.l(_printf_lc.o)
    0x080002c2   0x080002c2   0x00000006   Code   RO         6145    .ARM.Collect$$_printf_percent$$00000016  c_w.l(_printf_ls.o)
    0x080002c8   0x080002c8   0x00000004   Code   RO         6138    .ARM.Collect$$_printf_percent$$00000017  c_w.l(_printf_percent_end.o)
    0x080002cc   0x080002cc   0x00000002   Code   RO         6261    .ARM.Collect$$libinit$$00000000  c_w.l(libinit.o)
    0x080002ce   0x080002ce   0x00000004   Code   RO         6282    .ARM.Collect$$libinit$$00000001  c_w.l(libinit2.o)
    0x080002d2   0x080002d2   0x00000000   Code   RO         6285    .ARM.Collect$$libinit$$00000004  c_w.l(libinit2.o)
    0x080002d2   0x080002d2   0x00000000   Code   RO         6288    .ARM.Collect$$libinit$$0000000A  c_w.l(libinit2.o)
    0x080002d2   0x080002d2   0x00000000   Code   RO         6290    .ARM.Collect$$libinit$$0000000C  c_w.l(libinit2.o)
    0x080002d2   0x080002d2   0x00000000   Code   RO         6292    .ARM.Collect$$libinit$$0000000E  c_w.l(libinit2.o)
    0x080002d2   0x080002d2   0x00000006   Code   RO         6293    .ARM.Collect$$libinit$$0000000F  c_w.l(libinit2.o)
    0x080002d8   0x080002d8   0x00000000   Code   RO         6295    .ARM.Collect$$libinit$$00000011  c_w.l(libinit2.o)
    0x080002d8   0x080002d8   0x0000000c   Code   RO         6296    .ARM.Collect$$libinit$$00000012  c_w.l(libinit2.o)
    0x080002e4   0x080002e4   0x00000000   Code   RO         6297    .ARM.Collect$$libinit$$00000013  c_w.l(libinit2.o)
    0x080002e4   0x080002e4   0x00000000   Code   RO         6299    .ARM.Collect$$libinit$$00000015  c_w.l(libinit2.o)
    0x080002e4   0x080002e4   0x0000000a   Code   RO         6300    .ARM.Collect$$libinit$$00000016  c_w.l(libinit2.o)
    0x080002ee   0x080002ee   0x00000000   Code   RO         6301    .ARM.Collect$$libinit$$00000017  c_w.l(libinit2.o)
    0x080002ee   0x080002ee   0x00000000   Code   RO         6303    .ARM.Collect$$libinit$$00000019  c_w.l(libinit2.o)
    0x080002ee   0x080002ee   0x00000000   Code   RO         6305    .ARM.Collect$$libinit$$0000001B  c_w.l(libinit2.o)
    0x080002ee   0x080002ee   0x00000000   Code   RO         6307    .ARM.Collect$$libinit$$0000001D  c_w.l(libinit2.o)
    0x080002ee   0x080002ee   0x00000000   Code   RO         6309    .ARM.Collect$$libinit$$0000001F  c_w.l(libinit2.o)
    0x080002ee   0x080002ee   0x00000000   Code   RO         6311    .ARM.Collect$$libinit$$00000021  c_w.l(libinit2.o)
    0x080002ee   0x080002ee   0x00000000   Code   RO         6313    .ARM.Collect$$libinit$$00000023  c_w.l(libinit2.o)
    0x080002ee   0x080002ee   0x00000000   Code   RO         6315    .ARM.Collect$$libinit$$00000025  c_w.l(libinit2.o)
    0x080002ee   0x080002ee   0x00000000   Code   RO         6319    .ARM.Collect$$libinit$$0000002C  c_w.l(libinit2.o)
    0x080002ee   0x080002ee   0x00000000   Code   RO         6321    .ARM.Collect$$libinit$$0000002E  c_w.l(libinit2.o)
    0x080002ee   0x080002ee   0x00000000   Code   RO         6323    .ARM.Collect$$libinit$$00000030  c_w.l(libinit2.o)
    0x080002ee   0x080002ee   0x00000000   Code   RO         6325    .ARM.Collect$$libinit$$00000032  c_w.l(libinit2.o)
    0x080002ee   0x080002ee   0x00000002   Code   RO         6326    .ARM.Collect$$libinit$$00000033  c_w.l(libinit2.o)
    0x080002f0   0x080002f0   0x00000002   Code   RO         6356    .ARM.Collect$$libshutdown$$00000000  c_w.l(libshutdown.o)
    0x080002f2   0x080002f2   0x00000000   Code   RO         6373    .ARM.Collect$$libshutdown$$00000002  c_w.l(libshutdown2.o)
    0x080002f2   0x080002f2   0x00000000   Code   RO         6375    .ARM.Collect$$libshutdown$$00000004  c_w.l(libshutdown2.o)
    0x080002f2   0x080002f2   0x00000000   Code   RO         6377    .ARM.Collect$$libshutdown$$00000006  c_w.l(libshutdown2.o)
    0x080002f2   0x080002f2   0x00000000   Code   RO         6380    .ARM.Collect$$libshutdown$$00000009  c_w.l(libshutdown2.o)
    0x080002f2   0x080002f2   0x00000000   Code   RO         6383    .ARM.Collect$$libshutdown$$0000000C  c_w.l(libshutdown2.o)
    0x080002f2   0x080002f2   0x00000000   Code   RO         6385    .ARM.Collect$$libshutdown$$0000000E  c_w.l(libshutdown2.o)
    0x080002f2   0x080002f2   0x00000000   Code   RO         6388    .ARM.Collect$$libshutdown$$00000011  c_w.l(libshutdown2.o)
    0x080002f2   0x080002f2   0x00000002   Code   RO         6389    .ARM.Collect$$libshutdown$$00000012  c_w.l(libshutdown2.o)
    0x080002f4   0x080002f4   0x00000000   Code   RO         6078    .ARM.Collect$$rtentry$$00000000  c_w.l(__rtentry.o)
    0x080002f4   0x080002f4   0x00000000   Code   RO         6184    .ARM.Collect$$rtentry$$00000002  c_w.l(__rtentry2.o)
    0x080002f4   0x080002f4   0x00000006   Code   RO         6196    .ARM.Collect$$rtentry$$00000004  c_w.l(__rtentry4.o)
    0x080002fa   0x080002fa   0x00000000   Code   RO         6186    .ARM.Collect$$rtentry$$00000009  c_w.l(__rtentry2.o)
    0x080002fa   0x080002fa   0x00000004   Code   RO         6187    .ARM.Collect$$rtentry$$0000000A  c_w.l(__rtentry2.o)
    0x080002fe   0x080002fe   0x00000000   Code   RO         6189    .ARM.Collect$$rtentry$$0000000C  c_w.l(__rtentry2.o)
    0x080002fe   0x080002fe   0x00000008   Code   RO         6190    .ARM.Collect$$rtentry$$0000000D  c_w.l(__rtentry2.o)
    0x08000306   0x08000306   0x00000002   Code   RO         6273    .ARM.Collect$$rtexit$$00000000  c_w.l(rtexit.o)
    0x08000308   0x08000308   0x00000000   Code   RO         6328    .ARM.Collect$$rtexit$$00000002  c_w.l(rtexit2.o)
    0x08000308   0x08000308   0x00000004   Code   RO         6329    .ARM.Collect$$rtexit$$00000003  c_w.l(rtexit2.o)
    0x0800030c   0x0800030c   0x00000006   Code   RO         6330    .ARM.Collect$$rtexit$$00000004  c_w.l(rtexit2.o)
    0x08000312   0x08000312   0x00000002   PAD
    0x08000314   0x08000314   0x000000be   Code   RO         3149    .emb_text           port.o
    0x080003d2   0x080003d2   0x00000002   PAD
    0x080003d4   0x080003d4   0x00000040   Code   RO         3229    .text               startup_stm32f40_41xxx.o
    0x08000414   0x08000414   0x00000078   Code   RO         5854    .text               arm_cortexM4lf_math.lib(arm_cos_f32.o)
    0x0800048c   0x0800048c   0x00000094   Code   RO         5904    .text               arm_cortexM4lf_math.lib(arm_sin_f32.o)
    0x08000520   0x08000520   0x00000024   Code   RO         6009    .text               c_w.l(vsprintf.o)
    0x08000544   0x08000544   0x00000052   Code   RO         6017    .text               c_w.l(_printf_str.o)
    0x08000596   0x08000596   0x00000002   PAD
    0x08000598   0x08000598   0x00000078   Code   RO         6019    .text               c_w.l(_printf_dec.o)
    0x08000610   0x08000610   0x00000188   Code   RO         6038    .text               c_w.l(__printf_flags_ss_wp.o)
    0x08000798   0x08000798   0x0000008a   Code   RO         6048    .text               c_w.l(rt_memcpy_v6.o)
    0x08000822   0x08000822   0x00000064   Code   RO         6050    .text               c_w.l(rt_memcpy_w.o)
    0x08000886   0x08000886   0x00000010   Code   RO         6054    .text               c_w.l(aeabi_memset.o)
    0x08000896   0x08000896   0x00000044   Code   RO         6056    .text               c_w.l(rt_memclr.o)
    0x080008da   0x080008da   0x0000004e   Code   RO         6058    .text               c_w.l(rt_memclr_w.o)
    0x08000928   0x08000928   0x00000006   Code   RO         6060    .text               c_w.l(heapauxi.o)
    0x0800092e   0x0800092e   0x0000004e   Code   RO         6079    .text               c_w.l(_printf_pad.o)
    0x0800097c   0x0800097c   0x00000024   Code   RO         6081    .text               c_w.l(_printf_truncate.o)
    0x080009a0   0x080009a0   0x000000b2   Code   RO         6083    .text               c_w.l(_printf_intcommon.o)
    0x08000a52   0x08000a52   0x00000028   Code   RO         6085    .text               c_w.l(_printf_charcount.o)
    0x08000a7a   0x08000a7a   0x00000002   PAD
    0x08000a7c   0x08000a7c   0x00000030   Code   RO         6087    .text               c_w.l(_printf_char_common.o)
    0x08000aac   0x08000aac   0x0000000a   Code   RO         6089    .text               c_w.l(_sputc.o)
    0x08000ab6   0x08000ab6   0x0000002c   Code   RO         6093    .text               c_w.l(_printf_char.o)
    0x08000ae2   0x08000ae2   0x00000002   PAD
    0x08000ae4   0x08000ae4   0x000000bc   Code   RO         6095    .text               c_w.l(_printf_wctomb.o)
    0x08000ba0   0x08000ba0   0x0000007c   Code   RO         6098    .text               c_w.l(_printf_longlong_dec.o)
    0x08000c1c   0x08000c1c   0x00000070   Code   RO         6104    .text               c_w.l(_printf_oct_int_ll.o)
    0x08000c8c   0x08000c8c   0x00000094   Code   RO         6124    .text               c_w.l(_printf_hex_int_ll_ptr.o)
    0x08000d20   0x08000d20   0x0000008a   Code   RO         6198    .text               c_w.l(lludiv10.o)
    0x08000daa   0x08000daa   0x0000041e   Code   RO         6200    .text               c_w.l(_printf_fp_dec.o)
    0x080011c8   0x080011c8   0x000002fc   Code   RO         6202    .text               c_w.l(_printf_fp_hex.o)
    0x080014c4   0x080014c4   0x0000002c   Code   RO         6207    .text               c_w.l(_printf_wchar.o)
    0x080014f0   0x080014f0   0x00000040   Code   RO         6209    .text               c_w.l(_wcrtomb.o)
    0x08001530   0x08001530   0x0000004a   Code   RO         6215    .text               c_w.l(sys_stackheap_outer.o)
    0x0800157a   0x0800157a   0x00000002   PAD
    0x0800157c   0x0800157c   0x00000010   Code   RO         6217    .text               c_w.l(rt_ctype_table.o)
    0x0800158c   0x0800158c   0x00000008   Code   RO         6222    .text               c_w.l(rt_locale_intlibspace.o)
    0x08001594   0x08001594   0x00000080   Code   RO         6224    .text               c_w.l(_printf_fp_infnan.o)
    0x08001614   0x08001614   0x000000e4   Code   RO         6226    .text               c_w.l(bigflt0.o)
    0x080016f8   0x080016f8   0x00000012   Code   RO         6254    .text               c_w.l(exit.o)
    0x0800170a   0x0800170a   0x00000002   PAD
    0x0800170c   0x0800170c   0x00000008   Code   RO         6270    .text               c_w.l(libspace.o)
    0x08001714   0x08001714   0x00000030   Code   RO         6275    .text               c_w.l(_fptrap.o)
    0x08001744   0x08001744   0x00000080   Code   RO         6280    .text               c_w.l(strcmpv7m.o)
    0x080017c4   0x080017c4   0x0000000e   Code   RO         6334    .text               c_w.l(defsig_fpe_outer.o)
    0x080017d2   0x080017d2   0x00000002   PAD
    0x080017d4   0x080017d4   0x0000000c   Code   RO         6342    .text               c_w.l(sys_exit.o)
    0x080017e0   0x080017e0   0x0000000a   Code   RO         6346    .text               c_w.l(defsig_exit.o)
    0x080017ea   0x080017ea   0x00000002   PAD
    0x080017ec   0x080017ec   0x000000ac   Code   RO         6348    .text               c_w.l(defsig_fpe_inner.o)
    0x08001898   0x08001898   0x00000002   Code   RO         6359    .text               c_w.l(use_no_semi.o)
    0x0800189a   0x0800189a   0x00000000   Code   RO         6361    .text               c_w.l(indicate_semi.o)
    0x0800189a   0x0800189a   0x00000032   Code   RO         6366    .text               c_w.l(defsig_general.o)
    0x080018cc   0x080018cc   0x0000000e   Code   RO         6390    .text               c_w.l(sys_wrch.o)
    0x080018da   0x080018da   0x0000003e   Code   RO         6229    CL$$btod_d2e        c_w.l(btod.o)
    0x08001918   0x08001918   0x00000046   Code   RO         6231    CL$$btod_d2e_denorm_low  c_w.l(btod.o)
    0x0800195e   0x0800195e   0x00000060   Code   RO         6230    CL$$btod_d2e_norm_op1  c_w.l(btod.o)
    0x080019be   0x080019be   0x00000338   Code   RO         6239    CL$$btod_div_common  c_w.l(btod.o)
    0x08001cf6   0x08001cf6   0x000000dc   Code   RO         6236    CL$$btod_e2e        c_w.l(btod.o)
    0x08001dd2   0x08001dd2   0x0000002a   Code   RO         6233    CL$$btod_ediv       c_w.l(btod.o)
    0x08001dfc   0x08001dfc   0x0000002a   Code   RO         6232    CL$$btod_emul       c_w.l(btod.o)
    0x08001e26   0x08001e26   0x00000244   Code   RO         6238    CL$$btod_mult_common  c_w.l(btod.o)
    0x0800206a   0x0800206a   0x00000002   PAD
    0x0800206c   0x0800206c   0x000000c0   Code   RO         1129    i.AllTaskFpsCount   debugtask.o
    0x0800212c   0x0800212c   0x00000034   Code   RO         1538    i.BSP_All_Init      rm_bsp.o
    0x08002160   0x08002160   0x00000004   Code   RO         3277    i.BusFault_Handler  stm32f4xx_it.o
    0x08002164   0x08002164   0x0000003c   Code   RO         1276    i.CAN1_RX0_IRQHandler  irqhandler_config.o
    0x080021a0   0x080021a0   0x0000001c   Code   RO         1277    i.CAN1_TX_IRQHandler  irqhandler_config.o
    0x080021bc   0x080021bc   0x0000007c   Code   RO         1278    i.CAN2_RX0_IRQHandler  irqhandler_config.o
    0x08002238   0x08002238   0x0000001c   Code   RO         1279    i.CAN2_TX_IRQHandler  irqhandler_config.o
    0x08002254   0x08002254   0x0000002c   Code   RO         1496    i.CANRx_C620DataParse  can_communication.o
    0x08002280   0x08002280   0x0000002c   Code   RO         1498    i.CANTx_SendCurrentToMotor  can_communication.o
    0x080022ac   0x080022ac   0x000000a8   Code   RO         3714    i.CAN_ClearITPendingBit  stm32f4xx_can.o
    0x08002354   0x08002354   0x00000038   Code   RO         3716    i.CAN_DeInit        stm32f4xx_can.o
    0x0800238c   0x0800238c   0x00000108   Code   RO         3718    i.CAN_FilterInit    stm32f4xx_can.o
    0x08002494   0x08002494   0x00000120   Code   RO         3720    i.CAN_GetITStatus   stm32f4xx_can.o
    0x080025b4   0x080025b4   0x00000012   Code   RO         3724    i.CAN_ITConfig      stm32f4xx_can.o
    0x080025c6   0x080025c6   0x00000114   Code   RO         3725    i.CAN_Init          stm32f4xx_can.o
    0x080026da   0x080026da   0x000000e8   Code   RO         3728    i.CAN_Receive       stm32f4xx_can.o
    0x080027c2   0x080027c2   0x00000066   Code   RO         1499    i.CAN_Send          can_communication.o
    0x08002828   0x08002828   0x00000020   Code   RO         3731    i.CAN_StructInit    stm32f4xx_can.o
    0x08002848   0x08002848   0x00000126   Code   RO         3733    i.CAN_Transmit      stm32f4xx_can.o
    0x0800296e   0x0800296e   0x00000002   PAD
    0x08002970   0x08002970   0x000001bc   Code   RO          883    i.CH_LQRCal_Process  chassis_apifunction.o
    0x08002b2c   0x08002b2c   0x000000a0   Code   RO          884    i.CH_LQR_DesDataUpdate  chassis_apifunction.o
    0x08002bcc   0x08002bcc   0x00000080   Code   RO          885    i.CH_LegLenDes_Update  chassis_apifunction.o
    0x08002c4c   0x08002c4c   0x00000090   Code   RO          886    i.CH_LegLinkageCal_Process  chassis_apifunction.o
    0x08002cdc   0x08002cdc   0x00000060   Code   RO          887    i.CH_ModeChooseParaStructUpdate  chassis_apifunction.o
    0x08002d3c   0x08002d3c   0x0000006e   Code   RO          888    i.CH_MotionUpdateAndProcess  chassis_apifunction.o
    0x08002daa   0x08002daa   0x00000002   PAD
    0x08002dac   0x08002dac   0x0000005c   Code   RO          889    i.CH_VMCCal_Process  chassis_apifunction.o
    0x08002e08   0x08002e08   0x00000170   Code   RO          890    i.CH_VMC_DesDataUpdate  chassis_apifunction.o
    0x08002f78   0x08002f78   0x00000010   Code   RO          760    i.ChModeControl_AutoSafeMode_RCControl  chassis_stratgy.o
    0x08002f88   0x08002f88   0x00000020   Code   RO          761    i.ChModeControl_FollowMode_RCControl  chassis_stratgy.o
    0x08002fa8   0x08002fa8   0x000000fc   Code   RO          762    i.ChModeControl_FreeMode_RCControl  chassis_stratgy.o
    0x080030a4   0x080030a4   0x0000002a   Code   RO          891    i.ChModeControl_FreeMode_RCControl_MoveHandler  chassis_apifunction.o
    0x080030ce   0x080030ce   0x00000002   PAD
    0x080030d0   0x080030d0   0x0000001c   Code   RO          763    i.ChModeControl_ManualSafeMode_RCControl  chassis_stratgy.o
    0x080030ec   0x080030ec   0x00000010   Code   RO          764    i.ChModeControl_SittingMode_RCControl  chassis_stratgy.o
    0x080030fc   0x080030fc   0x00000124   Code   RO          765    i.ChModeControl_SlowSitDownMode_RCControl  chassis_stratgy.o
    0x08003220   0x08003220   0x00000108   Code   RO          766    i.ChModeControl_StandUpMode_RCControl  chassis_stratgy.o
    0x08003328   0x08003328   0x00000170   Code   RO          721    i.ChassisControl    chassis_task.o
    0x08003498   0x08003498   0x000000aa   Code   RO          767    i.ChassisModeChoose_RCControl  chassis_stratgy.o
    0x08003542   0x08003542   0x00000042   Code   RO          768    i.ChassisModeControl_RCControl  chassis_stratgy.o
    0x08003584   0x08003584   0x0000006a   Code   RO          769    i.ChassisMode_GetModeStartTime  chassis_stratgy.o
    0x080035ee   0x080035ee   0x00000002   PAD
    0x080035f0   0x080035f0   0x0000002c   Code   RO          722    i.ChassisTask       chassis_task.o
    0x0800361c   0x0800361c   0x0000001c   Code   RO          892    i.Chassis_AllDesDataReset  chassis_apifunction.o
    0x08003638   0x08003638   0x00000230   Code   RO          893    i.Chassis_AllFBDataUpdate  chassis_apifunction.o
    0x08003868   0x08003868   0x00000014   Code   RO          894    i.Chassis_DisFBClear  chassis_apifunction.o
    0x0800387c   0x0800387c   0x0000000c   Code   RO          895    i.Chassis_RobotCtrlDataReset  chassis_apifunction.o
    0x08003888   0x08003888   0x0000005c   Code   RO          896    i.Chassis_RobotCtrlDefaultConfigDataReset  chassis_apifunction.o
    0x080038e4   0x080038e4   0x000000b0   Code   RO          897    i.Chassis_RobotCtrlForceConfigDataReset  chassis_apifunction.o
    0x08003994   0x08003994   0x00000012   Code   RO         3736    i.CheckITStatus     stm32f4xx_can.o
    0x080039a6   0x080039a6   0x00000002   PAD
    0x080039a8   0x080039a8   0x00000034   Code   RO         3883    i.DMA_ClearITPendingBit  stm32f4xx_dma.o
    0x080039dc   0x080039dc   0x00000016   Code   RO         3884    i.DMA_Cmd           stm32f4xx_dma.o
    0x080039f2   0x080039f2   0x00000002   PAD
    0x080039f4   0x080039f4   0x00000158   Code   RO         3885    i.DMA_DeInit        stm32f4xx_dma.o
    0x08003b4c   0x08003b4c   0x00000014   Code   RO         3889    i.DMA_GetCmdStatus  stm32f4xx_dma.o
    0x08003b60   0x08003b60   0x00000008   Code   RO         3890    i.DMA_GetCurrDataCounter  stm32f4xx_dma.o
    0x08003b68   0x08003b68   0x00000058   Code   RO         3896    i.DMA_Init          stm32f4xx_dma.o
    0x08003bc0   0x08003bc0   0x00000004   Code   RO         3899    i.DMA_SetCurrDataCounter  stm32f4xx_dma.o
    0x08003bc4   0x08003bc4   0x00000022   Code   RO         3900    i.DMA_StructInit    stm32f4xx_dma.o
    0x08003be6   0x08003be6   0x00000002   Code   RO         3278    i.DebugMon_Handler  stm32f4xx_it.o
    0x08003be8   0x08003be8   0x00000070   Code   RO         1130    i.DebugTask         debugtask.o
    0x08003c58   0x08003c58   0x0000001e   Code   RO         1708    i.Delay_ms_Unexact  delay_config.o
    0x08003c76   0x08003c76   0x00000090   Code   RO         4348    i.GPIO_Init         stm32f4xx_gpio.o
    0x08003d06   0x08003d06   0x00000046   Code   RO         4349    i.GPIO_PinAFConfig  stm32f4xx_gpio.o
    0x08003d4c   0x08003d4c   0x00000012   Code   RO         4357    i.GPIO_StructInit   stm32f4xx_gpio.o
    0x08003d5e   0x08003d5e   0x00000002   PAD
    0x08003d60   0x08003d60   0x0000002c   Code   RO          898    i.HM_DesDataReset   chassis_apifunction.o
    0x08003d8c   0x08003d8c   0x00000080   Code   RO          899    i.HM_DesDataUpdate  chassis_apifunction.o
    0x08003e0c   0x08003e0c   0x00000004   Code   RO         3279    i.HardFault_Handler  stm32f4xx_it.o
    0x08003e10   0x08003e10   0x00000020   Code   RO          900    i.IsEnterManualCalibration  chassis_apifunction.o
    0x08003e30   0x08003e30   0x00000026   Code   RO          583    i.IsInsideEightGesture  general_auxiliaryfunc.o
    0x08003e56   0x08003e56   0x00000002   PAD
    0x08003e58   0x08003e58   0x00000018   Code   RO          584    i.IsLeftJoyStickBeyondDeadZoneDown  general_auxiliaryfunc.o
    0x08003e70   0x08003e70   0x00000018   Code   RO          585    i.IsLeftJoyStickBeyondDeadZoneUp  general_auxiliaryfunc.o
    0x08003e88   0x08003e88   0x00000018   Code   RO          586    i.IsLeftJoyStickDown  general_auxiliaryfunc.o
    0x08003ea0   0x08003ea0   0x00000018   Code   RO          587    i.IsLeftJoyStickLeft  general_auxiliaryfunc.o
    0x08003eb8   0x08003eb8   0x00000018   Code   RO          588    i.IsLeftJoyStickRight  general_auxiliaryfunc.o
    0x08003ed0   0x08003ed0   0x00000014   Code   RO          590    i.IsLeftLevelDown   general_auxiliaryfunc.o
    0x08003ee4   0x08003ee4   0x00000014   Code   RO          591    i.IsLeftLevelMid    general_auxiliaryfunc.o
    0x08003ef8   0x08003ef8   0x000000d4   Code   RO          593    i.IsRCConnected     general_auxiliaryfunc.o
    0x08003fcc   0x08003fcc   0x00000018   Code   RO          594    i.IsRightJoyStickDown  general_auxiliaryfunc.o
    0x08003fe4   0x08003fe4   0x00000018   Code   RO          595    i.IsRightJoyStickLeft  general_auxiliaryfunc.o
    0x08003ffc   0x08003ffc   0x00000014   Code   RO          600    i.IsRightLevelUp    general_auxiliaryfunc.o
    0x08004010   0x08004010   0x00000018   Code   RO          602    i.IsRollerUp        general_auxiliaryfunc.o
    0x08004028   0x08004028   0x00000084   Code   RO          901    i.JM_DesDataReset   chassis_apifunction.o
    0x080040ac   0x080040ac   0x000000e4   Code   RO          902    i.JM_DesDataUpdate  chassis_apifunction.o
    0x08004190   0x08004190   0x0000007c   Code   RO          233    i.LPF_Cal           algorithm.o
    0x0800420c   0x0800420c   0x00000006   Code   RO          234    i.LPF_GetOutput     algorithm.o
    0x08004212   0x08004212   0x00000006   Code   RO          235    i.LPF_SetInput      algorithm.o
    0x08004218   0x08004218   0x00000064   Code   RO          236    i.LQR_Cal           algorithm.o
    0x0800427c   0x0800427c   0x00000020   Code   RO          237    i.LQR_Get_uVector   algorithm.o
    0x0800429c   0x0800429c   0x00000058   Code   RO          238    i.LQR_K_MatrixUpdate  algorithm.o
    0x080042f4   0x080042f4   0x0000002a   Code   RO          239    i.LQR_xVector_DataUpdate  algorithm.o
    0x0800431e   0x0800431e   0x0000001a   Code   RO          240    i.LegLinkage_AngleDataUpdate  algorithm.o
    0x08004338   0x08004338   0x0000000a   Code   RO          241    i.LegLinkage_AngleVelDataUpdate  algorithm.o
    0x08004342   0x08004342   0x00000002   PAD
    0x08004344   0x08004344   0x00000308   Code   RO          242    i.LegLinkage_ForwardKinematicsCal  algorithm.o
    0x0800464c   0x0800464c   0x00000006   Code   RO          243    i.LegLinkage_GetL0Length  algorithm.o
    0x08004652   0x08004652   0x00000002   PAD
    0x08004654   0x08004654   0x00000114   Code   RO          244    i.LegLinkage_GetL0dot  algorithm.o
    0x08004768   0x08004768   0x00000006   Code   RO          245    i.LegLinkage_GetLegLength  algorithm.o
    0x0800476e   0x0800476e   0x00000002   PAD
    0x08004770   0x08004770   0x000000b4   Code   RO          246    i.LegLinkage_GetTheta  algorithm.o
    0x08004824   0x08004824   0x00000140   Code   RO          247    i.LegLinkage_GetThetadot  algorithm.o
    0x08004964   0x08004964   0x00000040   Code   RO          248    i.LegLinkage_GetxCdot  algorithm.o
    0x080049a4   0x080049a4   0x0000002a   Code   RO          603    i.Limit             general_auxiliaryfunc.o
    0x080049ce   0x080049ce   0x00000002   PAD
    0x080049d0   0x080049d0   0x0000008c   Code   RO          249    i.LuenbergerObserver_UniformVelocityModel  algorithm.o
    0x08004a5c   0x08004a5c   0x00000004   Code   RO         3280    i.MemManage_Handler  stm32f4xx_it.o
    0x08004a60   0x08004a60   0x0000000a   Code   RO          516    i.MyAbsf            algorithm_simple.o
    0x08004a6a   0x08004a6a   0x00000018   Code   RO          517    i.MyAtan            algorithm_simple.o
    0x08004a82   0x08004a82   0x00000002   PAD
    0x08004a84   0x08004a84   0x00000034   Code   RO          518    i.MyCos             algorithm_simple.o
    0x08004ab8   0x08004ab8   0x00000030   Code   RO          519    i.MySign            algorithm_simple.o
    0x08004ae8   0x08004ae8   0x00000034   Code   RO          520    i.MySin             algorithm_simple.o
    0x08004b1c   0x08004b1c   0x0000000a   Code   RO          521    i.MySqr             algorithm_simple.o
    0x08004b26   0x08004b26   0x00000002   PAD
    0x08004b28   0x08004b28   0x00000034   Code   RO          522    i.MySqrt            algorithm_simple.o
    0x08004b5c   0x08004b5c   0x00000120   Code   RO         1577    i.My_CAN1_Init      can_config.o
    0x08004c7c   0x08004c7c   0x00000128   Code   RO         1578    i.My_CAN2_Init      can_config.o
    0x08004da4   0x08004da4   0x00000044   Code   RO         1829    i.My_TIM5_Init      tim_config.o
    0x08004de8   0x08004de8   0x00000188   Code   RO         1765    i.My_UART4_Init     usart_config.o
    0x08004f70   0x08004f70   0x0000014c   Code   RO         1767    i.My_USART1_Init    usart_config.o
    0x080050bc   0x080050bc   0x000001c4   Code   RO         1768    i.My_USART2_Init    usart_config.o
    0x08005280   0x08005280   0x000001c0   Code   RO         1769    i.My_USART3_Init    usart_config.o
    0x08005440   0x08005440   0x00000184   Code   RO         1770    i.My_USART6_Init    usart_config.o
    0x080055c4   0x080055c4   0x00000042   Code   RO         1738    i.My_WWDG_Init      wwdg_config.o
    0x08005606   0x08005606   0x00000002   Code   RO         3281    i.NMI_Handler       stm32f4xx_it.o
    0x08005608   0x08005608   0x00000078   Code   RO         3334    i.NVIC_Init         misc.o
    0x08005680   0x08005680   0x00000014   Code   RO         3335    i.NVIC_PriorityGroupConfig  misc.o
    0x08005694   0x08005694   0x00000006   Code   RO          250    i.OffGround_BodyZAccUpdate  algorithm.o
    0x0800569a   0x0800569a   0x0000006a   Code   RO          251    i.OffGround_GetLegToWheelForce  algorithm.o
    0x08005704   0x08005704   0x000001da   Code   RO          252    i.OffGround_GetRealFAndTp  algorithm.o
    0x080058de   0x080058de   0x00000002   PAD
    0x080058e0   0x080058e0   0x000000f0   Code   RO          253    i.OffGround_GetSupportForce  algorithm.o
    0x080059d0   0x080059d0   0x000000f0   Code   RO          254    i.OffGround_LegLinkRelateDataUpdate  algorithm.o
    0x08005ac0   0x08005ac0   0x00000006   Code   RO          255    i.OffGround_PitchAngleUpdate  algorithm.o
    0x08005ac6   0x08005ac6   0x00000006   Code   RO          256    i.OffGround_PitchAngleVelUpdate  algorithm.o
    0x08005acc   0x08005acc   0x0000000a   Code   RO          257    i.OffGround_TorqueDataUpdate  algorithm.o
    0x08005ad6   0x08005ad6   0x00000002   PAD
    0x08005ad8   0x08005ad8   0x00000154   Code   RO          258    i.PID_Cal           algorithm.o
    0x08005c2c   0x08005c2c   0x00000006   Code   RO          259    i.PID_GetOutput     algorithm.o
    0x08005c32   0x08005c32   0x00000002   PAD
    0x08005c34   0x08005c34   0x00000048   Code   RO          260    i.PID_Reset         algorithm.o
    0x08005c7c   0x08005c7c   0x00000006   Code   RO          261    i.PID_SetDes        algorithm.o
    0x08005c82   0x08005c82   0x00000006   Code   RO          262    i.PID_SetFB         algorithm.o
    0x08005c88   0x08005c88   0x0000000e   Code   RO          263    i.PID_SetKpKiKd     algorithm.o
    0x08005c96   0x08005c96   0x00000002   PAD
    0x08005c98   0x08005c98   0x00000020   Code   RO         4452    i.RCC_AHB1PeriphClockCmd  stm32f4xx_rcc.o
    0x08005cb8   0x08005cb8   0x00000020   Code   RO         4461    i.RCC_APB1PeriphClockCmd  stm32f4xx_rcc.o
    0x08005cd8   0x08005cd8   0x00000020   Code   RO         4463    i.RCC_APB1PeriphResetCmd  stm32f4xx_rcc.o
    0x08005cf8   0x08005cf8   0x00000020   Code   RO         4464    i.RCC_APB2PeriphClockCmd  stm32f4xx_rcc.o
    0x08005d18   0x08005d18   0x00000020   Code   RO         4466    i.RCC_APB2PeriphResetCmd  stm32f4xx_rcc.o
    0x08005d38   0x08005d38   0x000000e8   Code   RO         4473    i.RCC_GetClocksFreq  stm32f4xx_rcc.o
    0x08005e20   0x08005e20   0x00000020   Code   RO         1174    i.ReceiverTask      receivertask.o
    0x08005e40   0x08005e40   0x00000018   Code   RO         1830    i.RunTimeGet        tim_config.o
    0x08005e58   0x08005e58   0x00000010   Code   RO         1831    i.RunTimeReset      tim_config.o
    0x08005e68   0x08005e68   0x00000024   Code   RO         1192    i.SendDataTask      senddatatask.o
    0x08005e8c   0x08005e8c   0x000000ec   Code   RO         3236    i.SetSysClock       system_stm32f4xx.o
    0x08005f78   0x08005f78   0x0000004c   Code   RO          604    i.StepChangeValue   general_auxiliaryfunc.o
    0x08005fc4   0x08005fc4   0x00000034   Code   RO         3150    i.SysTick_Handler   port.o
    0x08005ff8   0x08005ff8   0x00000068   Code   RO         3238    i.SystemInit        system_stm32f4xx.o
    0x08006060   0x08006060   0x0000003c   Code   RO          264    i.TD_Cal            algorithm.o
    0x0800609c   0x0800609c   0x00000006   Code   RO          265    i.TD_GetOutput      algorithm.o
    0x080060a2   0x080060a2   0x00000002   PAD
    0x080060a4   0x080060a4   0x00000018   Code   RO          266    i.TD_Reset          algorithm.o
    0x080060bc   0x080060bc   0x00000006   Code   RO          267    i.TD_SetInput       algorithm.o
    0x080060c2   0x080060c2   0x00000006   Code   RO          268    i.TD_Setr           algorithm.o
    0x080060c8   0x080060c8   0x00000018   Code   RO         5040    i.TIM_Cmd           stm32f4xx_tim.o
    0x080060e0   0x080060e0   0x00000006   Code   RO         5059    i.TIM_GetCounter    stm32f4xx_tim.o
    0x080060e6   0x080060e6   0x00000004   Code   RO         5106    i.TIM_SetCounter    stm32f4xx_tim.o
    0x080060ea   0x080060ea   0x00000002   PAD
    0x080060ec   0x080060ec   0x00000084   Code   RO         5112    i.TIM_TimeBaseInit  stm32f4xx_tim.o
    0x08006170   0x08006170   0x00000012   Code   RO         5113    i.TIM_TimeBaseStructInit  stm32f4xx_tim.o
    0x08006182   0x08006182   0x00000002   PAD
    0x08006184   0x08006184   0x000000e8   Code   RO         1383    i.UA1Rx_ReceiverDataProcess  usart_communication.o
    0x0800626c   0x0800626c   0x000000a8   Code   RO         1384    i.UA2Rx_IMU1DataProcess  usart_communication.o
    0x08006314   0x08006314   0x00000068   Code   RO         1385    i.UA2Tx_SendDataToIMU1  usart_communication.o
    0x0800637c   0x0800637c   0x0000001c   Code   RO         1386    i.UA4Rx_IMU2DataProcess  usart_communication.o
    0x08006398   0x08006398   0x00000134   Code   RO         1387    i.UA4Tx_SendDataToIMU2  usart_communication.o
    0x080064cc   0x080064cc   0x00000060   Code   RO         1280    i.UART4_IRQHandler  irqhandler_config.o
    0x0800652c   0x0800652c   0x00000064   Code   RO         1281    i.USART1_IRQHandler  irqhandler_config.o
    0x08006590   0x08006590   0x00000060   Code   RO         1282    i.USART2_IRQHandler  irqhandler_config.o
    0x080065f0   0x080065f0   0x0000004c   Code   RO         1388    i.USART3_DMA_printf  usart_communication.o
    0x0800663c   0x0800663c   0x00000054   Code   RO         1283    i.USART3_IRQHandler  irqhandler_config.o
    0x08006690   0x08006690   0x00000012   Code   RO         5593    i.USART_ClearFlag   stm32f4xx_usart.o
    0x080066a2   0x080066a2   0x00000018   Code   RO         5597    i.USART_Cmd         stm32f4xx_usart.o
    0x080066ba   0x080066ba   0x00000012   Code   RO         5598    i.USART_DMACmd      stm32f4xx_usart.o
    0x080066cc   0x080066cc   0x000000f0   Code   RO         5599    i.USART_DeInit      stm32f4xx_usart.o
    0x080067bc   0x080067bc   0x00000054   Code   RO         5601    i.USART_GetITStatus  stm32f4xx_usart.o
    0x08006810   0x08006810   0x0000004a   Code   RO         5603    i.USART_ITConfig    stm32f4xx_usart.o
    0x0800685a   0x0800685a   0x00000002   PAD
    0x0800685c   0x0800685c   0x000000d4   Code   RO         5604    i.USART_Init        stm32f4xx_usart.o
    0x08006930   0x08006930   0x00000018   Code   RO         5620    i.USART_StructInit  stm32f4xx_usart.o
    0x08006948   0x08006948   0x00000004   Code   RO         3282    i.UsageFault_Handler  stm32f4xx_it.o
    0x0800694c   0x0800694c   0x000001cc   Code   RO          269    i.VMC_Cal           algorithm.o
    0x08006b18   0x08006b18   0x0000001a   Code   RO          270    i.VMC_FMatrixUpdate  algorithm.o
    0x08006b32   0x08006b32   0x00000002   PAD
    0x08006b34   0x08006b34   0x00000150   Code   RO         1131    i.VofaPrint         debugtask.o
    0x08006c84   0x08006c84   0x0000000c   Code   RO         5788    i.WWDG_ClearFlag    stm32f4xx_wwdg.o
    0x08006c90   0x08006c90   0x00000010   Code   RO         5790    i.WWDG_Enable       stm32f4xx_wwdg.o
    0x08006ca0   0x08006ca0   0x0000000c   Code   RO         5791    i.WWDG_EnableIT     stm32f4xx_wwdg.o
    0x08006cac   0x08006cac   0x00000014   Code   RO         1284    i.WWDG_IRQHandler   irqhandler_config.o
    0x08006cc0   0x08006cc0   0x00000010   Code   RO         5793    i.WWDG_SetCounter   stm32f4xx_wwdg.o
    0x08006cd0   0x08006cd0   0x00000018   Code   RO         5794    i.WWDG_SetPrescaler  stm32f4xx_wwdg.o
    0x08006ce8   0x08006ce8   0x00000028   Code   RO         5795    i.WWDG_SetWindowValue  stm32f4xx_wwdg.o
    0x08006d10   0x08006d10   0x00000070   Code   RO         1539    i._BSPInit_CANSendZeroCurrent  rm_bsp.o
    0x08006d80   0x08006d80   0x00000014   Code   RO          903    i._CH_Flag_Reset    chassis_apifunction.o
    0x08006d94   0x08006d94   0x00000094   Code   RO          904    i._CH_GSTCH_Data_Reset  chassis_apifunction.o
    0x08006e28   0x08006e28   0x0000001c   Code   RO          905    i._CH_Move_DirectionChoose  chassis_apifunction.o
    0x08006e44   0x08006e44   0x0000003c   Code   RO          906    i._CH_Move_DisHandler  chassis_apifunction.o
    0x08006e80   0x08006e80   0x00000254   Code   RO          907    i._CH_Move_GetDesVel  chassis_apifunction.o
    0x080070d4   0x080070d4   0x00000030   Code   RO          908    i._CH_Move_GetTurnVel  chassis_apifunction.o
    0x08007104   0x08007104   0x00000058   Code   RO          909    i._CH_PIDCal_DataReset  chassis_apifunction.o
    0x0800715c   0x0800715c   0x00000044   Code   RO          910    i._CH_TDCal_DataReset  chassis_apifunction.o
    0x080071a0   0x080071a0   0x0000002c   Code   RO         1390    i._CRC16_Append     usart_communication.o
    0x080071cc   0x080071cc   0x00000034   Code   RO         1391    i._CRC16_GetCheckSum  usart_communication.o
    0x08007200   0x08007200   0x0000003c   Code   RO         1392    i._CRC16_Verify     usart_communication.o
    0x0800723c   0x0800723c   0x00000088   Code   RO          770    i._ChIsEnter_AutoSafeMode_RCControl  chassis_stratgy.o
    0x080072c4   0x080072c4   0x00000004   Code   RO          771    i._ChIsEnter_FollowMode_RCControl  chassis_stratgy.o
    0x080072c8   0x080072c8   0x0000005c   Code   RO          772    i._ChIsEnter_FreeMode_RCControl  chassis_stratgy.o
    0x08007324   0x08007324   0x00000020   Code   RO          773    i._ChIsEnter_ManualSafeMode_RCControl  chassis_stratgy.o
    0x08007344   0x08007344   0x000000a4   Code   RO          774    i._ChIsEnter_SittingMode_RCControl  chassis_stratgy.o
    0x080073e8   0x080073e8   0x0000004e   Code   RO          775    i._ChIsEnter_SlowSitDownMode_RCControl  chassis_stratgy.o
    0x08007436   0x08007436   0x00000002   PAD
    0x08007438   0x08007438   0x0000008c   Code   RO          776    i._ChIsEnter_StandUpMode_RCControl  chassis_stratgy.o
    0x080074c4   0x080074c4   0x00000028   Code   RO          911    i._Ch_FBData_LPF    chassis_apifunction.o
    0x080074ec   0x080074ec   0x000000a8   Code   RO          912    i._Ch_VelFB_Process  chassis_apifunction.o
    0x08007594   0x08007594   0x00000054   Code   RO          913    i._HM_DesData_TorqueToCurrent  chassis_apifunction.o
    0x080075e8   0x080075e8   0x0000008c   Code   RO          914    i._HM_FBData_Parse  chassis_apifunction.o
    0x08007674   0x08007674   0x00000112   Code   RO          272    i._TD_fst           algorithm.o
    0x08007786   0x08007786   0x00000030   Code   RO         6268    i.__ARM_fpclassify  m_wm.l(fpclassify.o)
    0x080077b6   0x080077b6   0x00000026   Code   RO         6167    i.__ARM_fpclassifyf  m_wm.l(fpclassifyf.o)
    0x080077dc   0x080077dc   0x0000000e   Code   RO          273    i.__ARM_isnanf      algorithm.o
    0x080077ea   0x080077ea   0x00000002   PAD
    0x080077ec   0x080077ec   0x00000020   Code   RO         1285    i.__IsUART4SingleRecOK  irqhandler_config.o
    0x0800780c   0x0800780c   0x00000020   Code   RO         1286    i.__IsUSART1SingleRecOK  irqhandler_config.o
    0x0800782c   0x0800782c   0x00000020   Code   RO         1287    i.__IsUSART2SingleRecOK  irqhandler_config.o
    0x0800784c   0x0800784c   0x0000002c   Code   RO         1393    i.__UA2Rx_IsVerifySuccess  usart_communication.o
    0x08007878   0x08007878   0x00000028   Code   RO         1394    i.__UA4Rx_IsVerifySuccess  usart_communication.o
    0x080078a0   0x080078a0   0x00000160   Code   RO         6066    i.__hardfp_atanf    m_wm.l(atanf.o)
    0x08007a00   0x08007a00   0x00000006   Code   RO         6170    i.__mathlib_flt_infnan  m_wm.l(funder.o)
    0x08007a06   0x08007a06   0x00000002   PAD
    0x08007a08   0x08007a08   0x00000010   Code   RO         6175    i.__mathlib_flt_underflow  m_wm.l(funder.o)
    0x08007a18   0x08007a18   0x0000000e   Code   RO         6031    i._is_digit         c_w.l(__printf_wp.o)
    0x08007a26   0x08007a26   0x00000002   PAD
    0x08007a28   0x08007a28   0x00000104   Code   RO         1213    i.main              main.o
    0x08007b2c   0x08007b2c   0x000000b8   Code   RO         2434    i.prvAddCurrentTaskToDelayedList  tasks.o
    0x08007be4   0x08007be4   0x000000f8   Code   RO         2435    i.prvAddNewTaskToReadyList  tasks.o
    0x08007cdc   0x08007cdc   0x00000064   Code   RO         2887    i.prvCheckForValidListAndQueue  timers.o
    0x08007d40   0x08007d40   0x00000048   Code   RO         2436    i.prvCheckTasksWaitingTermination  tasks.o
    0x08007d88   0x08007d88   0x0000002a   Code   RO         2030    i.prvCopyDataFromQueue  queue.o
    0x08007db2   0x08007db2   0x00000002   PAD
    0x08007db4   0x08007db4   0x00000068   Code   RO         2437    i.prvCreateIdleTasks  tasks.o
    0x08007e1c   0x08007e1c   0x0000005a   Code   RO         2438    i.prvCreateTask     tasks.o
    0x08007e76   0x08007e76   0x00000012   Code   RO         2439    i.prvDeleteTCB      tasks.o
    0x08007e88   0x08007e88   0x00000028   Code   RO         2888    i.prvGetNextExpireTime  timers.o
    0x08007eb0   0x08007eb0   0x0000006c   Code   RO         3082    i.prvHeapInit       heap_4.o
    0x08007f1c   0x08007f1c   0x00000028   Code   RO         2440    i.prvIdleTask       tasks.o
    0x08007f44   0x08007f44   0x0000002a   Code   RO         2034    i.prvInitialiseNewQueue  queue.o
    0x08007f6e   0x08007f6e   0x000000cc   Code   RO         2441    i.prvInitialiseNewTask  tasks.o
    0x0800803a   0x0800803a   0x00000002   PAD
    0x0800803c   0x0800803c   0x00000068   Code   RO         2442    i.prvInitialiseTaskLists  tasks.o
    0x080080a4   0x080080a4   0x000000a0   Code   RO         3083    i.prvInsertBlockIntoFreeList  heap_4.o
    0x08008144   0x08008144   0x00000058   Code   RO         2890    i.prvInsertTimerInActiveList  timers.o
    0x0800819c   0x0800819c   0x0000001a   Code   RO         2035    i.prvIsQueueEmpty   queue.o
    0x080081b6   0x080081b6   0x00000002   PAD
    0x080081b8   0x080081b8   0x00000044   Code   RO         2891    i.prvProcessExpiredTimer  timers.o
    0x080081fc   0x080081fc   0x00000154   Code   RO         2892    i.prvProcessReceivedCommands  timers.o
    0x08008350   0x08008350   0x00000074   Code   RO         2893    i.prvProcessTimerOrBlockTask  timers.o
    0x080083c4   0x080083c4   0x00000028   Code   RO         2894    i.prvReloadTimer    timers.o
    0x080083ec   0x080083ec   0x00000030   Code   RO         2444    i.prvResetNextTaskUnblockTime  tasks.o
    0x0800841c   0x0800841c   0x0000002c   Code   RO         2895    i.prvSampleTimeNow  timers.o
    0x08008448   0x08008448   0x00000044   Code   RO         2896    i.prvSwitchTimerLists  timers.o
    0x0800848c   0x0800848c   0x00000014   Code   RO         2447    i.prvTaskCheckFreeStackSpace  tasks.o
    0x080084a0   0x080084a0   0x00000040   Code   RO         3151    i.prvTaskExitError  port.o
    0x080084e0   0x080084e0   0x0000001a   Code   RO         2897    i.prvTimerTask      timers.o
    0x080084fa   0x080084fa   0x0000007e   Code   RO         2037    i.prvUnlockQueue    queue.o
    0x08008578   0x08008578   0x000001f8   Code   RO         3085    i.pvPortMalloc      heap_4.o
    0x08008770   0x08008770   0x0000002c   Code   RO         3152    i.pxPortInitialiseStack  port.o
    0x0800879c   0x0800879c   0x00000028   Code   RO         1990    i.uxListRemove      list.o
    0x080087c4   0x080087c4   0x00000028   Code   RO         2456    i.uxTaskGetStackHighWaterMark  tasks.o
    0x080087ec   0x080087ec   0x0000001a   Code   RO         1991    i.vListInitialise   list.o
    0x08008806   0x08008806   0x00000006   Code   RO         1992    i.vListInitialiseItem  list.o
    0x0800880c   0x0800880c   0x00000034   Code   RO         1993    i.vListInsert       list.o
    0x08008840   0x08008840   0x00000054   Code   RO         3154    i.vPortEnterCritical  port.o
    0x08008894   0x08008894   0x0000003c   Code   RO         3155    i.vPortExitCritical  port.o
    0x080088d0   0x080088d0   0x000000dc   Code   RO         3086    i.vPortFree         heap_4.o
    0x080089ac   0x080089ac   0x00000018   Code   RO         3156    i.vPortSetupTimerInterrupt  port.o
    0x080089c4   0x080089c4   0x00000060   Code   RO         2045    i.vQueueAddToRegistry  queue.o
    0x08008a24   0x08008a24   0x0000004a   Code   RO         2049    i.vQueueWaitForMessageRestricted  queue.o
    0x08008a6e   0x08008a6e   0x00000002   PAD
    0x08008a70   0x08008a70   0x0000005c   Code   RO         2462    i.vTaskDelay        tasks.o
    0x08008acc   0x08008acc   0x00000018   Code   RO         2467    i.vTaskInternalSetTimeOutState  tasks.o
    0x08008ae4   0x08008ae4   0x0000000c   Code   RO         2469    i.vTaskMissedYield  tasks.o
    0x08008af0   0x08008af0   0x00000038   Code   RO         2470    i.vTaskPlaceOnEventList  tasks.o
    0x08008b28   0x08008b28   0x00000068   Code   RO         2471    i.vTaskPlaceOnEventListRestricted  tasks.o
    0x08008b90   0x08008b90   0x0000007c   Code   RO         2480    i.vTaskStartScheduler  tasks.o
    0x08008c0c   0x08008c0c   0x00000010   Code   RO         2482    i.vTaskSuspendAll   tasks.o
    0x08008c1c   0x08008c1c   0x00000098   Code   RO         2483    i.vTaskSwitchContext  tasks.o
    0x08008cb4   0x08008cb4   0x00000168   Code   RO         3158    i.xPortStartScheduler  port.o
    0x08008e1c   0x08008e1c   0x00000066   Code   RO         2052    i.xQueueGenericCreate  queue.o
    0x08008e82   0x08008e82   0x00000002   PAD
    0x08008e84   0x08008e84   0x000000dc   Code   RO         2053    i.xQueueGenericReset  queue.o
    0x08008f60   0x08008f60   0x00000168   Code   RO         2062    i.xQueueReceive     queue.o
    0x080090c8   0x080090c8   0x000000ac   Code   RO         2486    i.xTaskCheckForTimeOut  tasks.o
    0x08009174   0x08009174   0x00000038   Code   RO         2487    i.xTaskCreate       tasks.o
    0x080091ac   0x080091ac   0x000000d8   Code   RO         2488    i.xTaskDelayUntil   tasks.o
    0x08009284   0x08009284   0x00000020   Code   RO         2498    i.xTaskGetSchedulerState  tasks.o
    0x080092a4   0x080092a4   0x0000000c   Code   RO         2499    i.xTaskGetTickCount  tasks.o
    0x080092b0   0x080092b0   0x000001cc   Code   RO         2501    i.xTaskIncrementTick  tasks.o
    0x0800947c   0x0800947c   0x00000134   Code   RO         2504    i.xTaskRemoveFromEventList  tasks.o
    0x080095b0   0x080095b0   0x000001a4   Code   RO         2505    i.xTaskResumeAll    tasks.o
    0x08009754   0x08009754   0x00000058   Code   RO         2906    i.xTimerCreateTimerTask  timers.o
    0x080097ac   0x080097ac   0x0000002c   Code   RO         6252    locale$$code        c_w.l(lc_numeric_c.o)
    0x080097d8   0x080097d8   0x0000002c   Code   RO         6278    locale$$code        c_w.l(lc_ctype_c.o)
    0x08009804   0x08009804   0x0000001a   Code   RO         6150    x$fpl$dfltn         g_wm.l(dflt_clz.o)
    0x0800981e   0x0800981e   0x0000000c   Code   RO         6154    x$fpl$dretinf       g_wm.l(dretinf.o)
    0x0800982a   0x0800982a   0x00000002   PAD
    0x0800982c   0x0800982c   0x000001ec   Code   RO         6211    x$fpl$exception     g_wm.l(except.o)
    0x08009a18   0x08009a18   0x0000007a   Code   RO         6064    x$fpl$f2d           g_wm.l(f2d.o)
    0x08009a92   0x08009a92   0x000000f2   Code   RO         6156    x$fpl$fnaninf       g_wm.l(fnaninf.o)
    0x08009b84   0x08009b84   0x0000000a   Code   RO         6340    x$fpl$fpinit        g_wm.l(fpinit.o)
    0x08009b8e   0x08009b8e   0x0000013c   Code   RO         6213    x$fpl$funder        g_wm.l(funder_clz.o)
    0x08009cca   0x08009cca   0x00000002   PAD
    0x08009ccc   0x08009ccc   0x00000020   Code   RO         6262    x$fpl$ieeestatus    g_wm.l(istatus.o)
    0x08009cec   0x08009cec   0x00000004   Code   RO         6158    x$fpl$printf1       g_wm.l(printf1.o)
    0x08009cf0   0x08009cf0   0x00000004   Code   RO         6160    x$fpl$printf2       g_wm.l(printf2.o)
    0x08009cf4   0x08009cf4   0x000000b2   Code   RO         6264    x$fpl$retnan        g_wm.l(retnan.o)
    0x08009da6   0x08009da6   0x0000007e   Code   RO         6266    x$fpl$trapveneer    g_wm.l(trapv.o)
    0x08009e24   0x08009e24   0x00000000   Code   RO         6166    x$fpl$usenofp       g_wm.l(usenofp.o)
    0x08009e24   0x08009e24   0x0000000c   Data   RO           58    .constdata          globaldeclare_chassis.o
    0x08009e30   0x08009e30   0x0000020e   Data   RO         1396    .constdata          usart_communication.o
    0x0800a03e   0x0800a03e   0x00000002   Data   RO         1739    .constdata          wwdg_config.o
    0x0800a040   0x0800a040   0x00000804   Data   RO         5984    .constdata          arm_cortexM4lf_math.lib(arm_common_tables.o)
    0x0800a844   0x0800a844   0x00000011   Data   RO         6039    .constdata          c_w.l(__printf_flags_ss_wp.o)
    0x0800a855   0x0800a855   0x00000003   PAD
    0x0800a858   0x0800a858   0x00000008   Data   RO         6096    .constdata          c_w.l(_printf_wctomb.o)
    0x0800a860   0x0800a860   0x00000028   Data   RO         6125    .constdata          c_w.l(_printf_hex_int_ll_ptr.o)
    0x0800a888   0x0800a888   0x00000026   Data   RO         6203    .constdata          c_w.l(_printf_fp_hex.o)
    0x0800a8ae   0x0800a8ae   0x00000002   PAD
    0x0800a8b0   0x0800a8b0   0x00000094   Data   RO         6227    .constdata          c_w.l(bigflt0.o)
    0x0800a944   0x0800a944   0x00000020   Data   RO         6410    Region$$Table       anon$$obj.o
    0x0800a964   0x0800a964   0x0000001c   Data   RO         6251    locale$$data        c_w.l(lc_numeric_c.o)
    0x0800a980   0x0800a980   0x00000110   Data   RO         6277    locale$$data        c_w.l(lc_ctype_c.o)


    Execution Region RW_IRAM1 (Exec base: 0x20000000, Load base: 0x0800aa90, Size: 0x00005a90, Max: 0x00020000, ABSOLUTE, COMPRESSED[0x0000015c])

    Exec Addr    Load Addr    Size         Type   Attr      Idx    E Section Name        Object

    0x20000000   COMPRESSED   0x00000021   Data   RW            5    .data               globaldeclare_general.o
    0x20000021   COMPRESSED   0x00000003   PAD
    0x20000024   COMPRESSED   0x00000408   Data   RW           59    .data               globaldeclare_chassis.o
    0x2000042c   COMPRESSED   0x00000008   Data   RW          107    .data               globaldeclare_gimbal.o
    0x20000434   COMPRESSED   0x000000a0   Data   RW          274    .data               algorithm.o
    0x200004d4   COMPRESSED   0x00000104   Data   RW          723    .data               chassis_task.o
    0x200005d8   COMPRESSED   0x00000002   Data   RW         1132    .data               debugtask.o
    0x200005da   COMPRESSED   0x00000002   PAD
    0x200005dc   COMPRESSED   0x00000020   Data   RW         1214    .data               main.o
    0x200005fc   COMPRESSED   0x00000040   Data   RW         2508    .data               tasks.o
    0x2000063c   COMPRESSED   0x00000014   Data   RW         2917    .data               timers.o
    0x20000650   COMPRESSED   0x0000001c   Data   RW         3093    .data               heap_4.o
    0x2000066c   COMPRESSED   0x0000000c   Data   RW         3159    .data               port.o
    0x20000678   COMPRESSED   0x00000010   Data   RW         4505    .data               stm32f4xx_rcc.o
    0x20000688        -       0x000000c4   Zero   RW            4    .bss                globaldeclare_general.o
    0x2000074c        -       0x00000294   Zero   RW           57    .bss                globaldeclare_chassis.o
    0x200009e0        -       0x00000140   Zero   RW          105    .bss                globaldeclare_gimbal.o
    0x20000b20        -       0x000005be   Zero   RW         1395    .bss                usart_communication.o
    0x200010de   COMPRESSED   0x00000002   PAD
    0x200010e0        -       0x00000040   Zero   RW         2066    .bss                queue.o
    0x20001120        -       0x000002e4   Zero   RW         2507    .bss                tasks.o
    0x20001404        -       0x00000028   Zero   RW         2916    .bss                timers.o
    0x2000142c        -       0x00004000   Zero   RW         3092    .bss                heap_4.o
    0x2000542c        -       0x00000060   Zero   RW         6271    .bss                c_w.l(libspace.o)
    0x2000548c   COMPRESSED   0x00000004   PAD
    0x20005490        -       0x00000200   Zero   RW         3227    HEAP                startup_stm32f40_41xxx.o
    0x20005690        -       0x00000400   Zero   RW         3226    STACK               startup_stm32f40_41xxx.o


==============================================================================

Image component sizes


      Code (inc. data)   RO Data    RW Data    ZI Data      Debug   Object Name

      4610        122          0        160          0      38287   algorithm.o
       248         28          0          0          0      17652   algorithm_simple.o
       190         12          0          0          0       2456   can_communication.o
       584         16          0          0          0     293838   can_config.o
      4524        532          0          0          0      21974   chassis_apifunction.o
      1888        204          0          0          0      12995   chassis_stratgy.o
       412         66          0        260          0       2191   chassis_task.o
       640        132          0          2          0       1814   debugtask.o
        30          0          0          0          0        631   delay_config.o
         0          0          0          0          0      14936   event_groups.o
       620         70          0          0          0       8874   general_auxiliaryfunc.o
         0          0         12       1032        660      17600   globaldeclare_chassis.o
         0          0          0         33        196       8996   globaldeclare_general.o
         0          0          0          8        320     246984   globaldeclare_gimbal.o
       992         84          0         28      16384       5803   heap_4.o
       732        128          0          0          0       6738   irqhandler_config.o
       124          0          0          0          0       2797   list.o
       260        106          0         32          0      16185   main.o
       140         24          0          0          0      18799   misc.o
       878         78          0         12          0      10304   port.o
      1088         16          0          0         64      12455   queue.o
        32          4          0          0          0        547   receivertask.o
       164         10          0          0          0       1133   rm_bsp.o
        36          4          0          0          0        547   senddatatask.o
        64         26        392          0       1536        880   startup_stm32f40_41xxx.o
      1646         22          0          0          0      16228   stm32f4xx_can.o
       572         40          0          0          0      18968   stm32f4xx_dma.o
       232          0          0          0          0       9597   stm32f4xx_gpio.o
        20          0          0          0          0       3013   stm32f4xx_it.o
       392         48          0         16          0      21561   stm32f4xx_rcc.o
       184         28          0          0          0      23480   stm32f4xx_tim.o
       694         42          0          0          0      12505   stm32f4xx_usart.o
       120         32          0          0          0       3991   stm32f4xx_wwdg.o
       340         32          0          0          0       1649   system_stm32f4xx.o
      3428        364          0         64        740      32912   tasks.o
       108         14          0          0          0       1603   tim_config.o
      1018        110          0         20         40      26624   timers.o
      1156        138        526          0       1470       9751   usart_communication.o
      2012        126          0          0          0       4288   usart_config.o
        66          0          2          0          0       1172   wwdg_config.o

    ----------------------------------------------------------------------
     30306       2658        964       1672      21412     952758   Object Totals
         0          0         32          0          0          0   (incl. Generated)
        62          0          0          5          2          0   (incl. Padding)

    ----------------------------------------------------------------------

      Code (inc. data)   RO Data    RW Data    ZI Data      Debug   Library Member Name

         0          0       2052          0          0       4704   arm_common_tables.o
       120         12          0          0          0      17170   arm_cos_f32.o
       148         18          0          0          0        814   arm_sin_f32.o
        90          0          0          0          0          0   __dczerorl2.o
         8          0          0          0          0         68   __main.o
       392          4         17          0          0         92   __printf_flags_ss_wp.o
        14          0          0          0          0         68   __printf_wp.o
         0          0          0          0          0          0   __rtentry.o
        12          0          0          0          0          0   __rtentry2.o
         6          0          0          0          0          0   __rtentry4.o
        52          8          0          0          0          0   __scatter.o
        28          0          0          0          0          0   __scatter_zi.o
        48          4          0          0          0         84   _fptrap.o
         6          0          0          0          0          0   _printf_a.o
         6          0          0          0          0          0   _printf_c.o
        44          0          0          0          0        108   _printf_char.o
        48          6          0          0          0         96   _printf_char_common.o
        40          0          0          0          0         68   _printf_charcount.o
         6          0          0          0          0          0   _printf_d.o
       120         16          0          0          0         92   _printf_dec.o
         6          0          0          0          0          0   _printf_e.o
         6          0          0          0          0          0   _printf_f.o
      1054          0          0          0          0        216   _printf_fp_dec.o
       764          8         38          0          0        100   _printf_fp_hex.o
       128         16          0          0          0         84   _printf_fp_infnan.o
         6          0          0          0          0          0   _printf_g.o
       148          4         40          0          0        160   _printf_hex_int_ll_ptr.o
         6          0          0          0          0          0   _printf_i.o
       178          0          0          0          0         88   _printf_intcommon.o
        10          0          0          0          0          0   _printf_l.o
         6          0          0          0          0          0   _printf_lc.o
        10          0          0          0          0          0   _printf_ll.o
         6          0          0          0          0          0   _printf_lld.o
         6          0          0          0          0          0   _printf_lli.o
         6          0          0          0          0          0   _printf_llo.o
         6          0          0          0          0          0   _printf_llu.o
         6          0          0          0          0          0   _printf_llx.o
       124         16          0          0          0         92   _printf_longlong_dec.o
         6          0          0          0          0          0   _printf_ls.o
         6          0          0          0          0          0   _printf_n.o
         6          0          0          0          0          0   _printf_o.o
       112         10          0          0          0        124   _printf_oct_int_ll.o
         6          0          0          0          0          0   _printf_p.o
        78          0          0          0          0        108   _printf_pad.o
         0          0          0          0          0          0   _printf_percent.o
         4          0          0          0          0          0   _printf_percent_end.o
         6          0          0          0          0          0   _printf_s.o
        82          0          0          0          0         80   _printf_str.o
        36          0          0          0          0         84   _printf_truncate.o
         6          0          0          0          0          0   _printf_u.o
        44          0          0          0          0        108   _printf_wchar.o
       188          6          8          0          0         92   _printf_wctomb.o
         6          0          0          0          0          0   _printf_x.o
        10          0          0          0          0         68   _sputc.o
        64          0          0          0          0         92   _wcrtomb.o
        16          0          0          0          0         68   aeabi_memset.o
       228          4        148          0          0         96   bigflt0.o
      1936        128          0          0          0        672   btod.o
        10          0          0          0          0         68   defsig_exit.o
       172        110          0          0          0         76   defsig_fpe_inner.o
        14          0          0          0          0         80   defsig_fpe_outer.o
        50          0          0          0          0         88   defsig_general.o
        18          0          0          0          0         80   exit.o
         6          0          0          0          0        152   heapauxi.o
         0          0          0          0          0          0   indicate_semi.o
        44         10        272          0          0         76   lc_ctype_c.o
        44         10         28          0          0         76   lc_numeric_c.o
         2          0          0          0          0          0   libinit.o
        34          0          0          0          0          0   libinit2.o
         2          0          0          0          0          0   libshutdown.o
         2          0          0          0          0          0   libshutdown2.o
         8          4          0          0         96         68   libspace.o
       138          0          0          0          0         80   lludiv10.o
        16          4          0          0          0         76   rt_ctype_table.o
         8          4          0          0          0         68   rt_locale_intlibspace.o
        68          0          0          0          0         68   rt_memclr.o
        78          0          0          0          0         80   rt_memclr_w.o
       138          0          0          0          0         68   rt_memcpy_v6.o
       100          0          0          0          0         80   rt_memcpy_w.o
         2          0          0          0          0          0   rtexit.o
        10          0          0          0          0          0   rtexit2.o
       128          0          0          0          0         68   strcmpv7m.o
        12          4          0          0          0         68   sys_exit.o
        74          0          0          0          0         80   sys_stackheap_outer.o
        14          0          0          0          0         76   sys_wrch.o
         2          0          0          0          0         68   use_no_semi.o
        36          4          0          0          0         76   vsprintf.o
        26          0          0          0          0        116   dflt_clz.o
        12          0          0          0          0        116   dretinf.o
       492         36          0          0          0        148   except.o
       122          8          0          0          0        132   f2d.o
       242          4          0          0          0        144   fnaninf.o
        10          0          0          0          0        116   fpinit.o
       316          0          0          0          0        132   funder_clz.o
        32          4          0          0          0        116   istatus.o
         4          0          0          0          0        116   printf1.o
         4          0          0          0          0        116   printf2.o
       178          0          0          0          0        116   retnan.o
       126          0          0          0          0        148   trapv.o
         0          0          0          0          0          0   usenofp.o
       352         56          0          0          0        172   atanf.o
        48          0          0          0          0        124   fpclassify.o
        38          0          0          0          0        116   fpclassifyf.o
        22          6          0          0          0        232   funder.o

    ----------------------------------------------------------------------
      9786        524       2608          0        100      29576   Library Totals
        28          0          5          0          4          0   (incl. Padding)

    ----------------------------------------------------------------------

      Code (inc. data)   RO Data    RW Data    ZI Data      Debug   Library Name

       268         30       2052          0          0      22688   arm_cortexM4lf_math.lib
      7466        380        551          0         96       4728   c_w.l
      1564         52          0          0          0       1516   g_wm.l
       460         62          0          0          0        644   m_wm.l

    ----------------------------------------------------------------------
      9786        524       2608          0        100      29576   Library Totals

    ----------------------------------------------------------------------

==============================================================================


      Code (inc. data)   RO Data    RW Data    ZI Data      Debug   

     40092       3182       3572       1672      21512     952182   Grand Totals
     40092       3182       3572        348      21512     952182   ELF Image Totals (compressed)
     40092       3182       3572        348          0          0   ROM Totals

==============================================================================

    Total RO  Size (Code + RO Data)                43664 (  42.64kB)
    Total RW  Size (RW Data + ZI Data)             23184 (  22.64kB)
    Total ROM Size (Code + RO Data + RW Data)      44012 (  42.98kB)

==============================================================================

