Component: ARM Compiler 5.06 update 7 (build 960) Tool: armlink [4d3601]

==============================================================================

Section Cross References

    algorithm.o(i.LQR_K_MatrixUpdate) refers to algorithm.o(.data) for LQR_DefaultK_Matrix
    algorithm.o(i.LegLinkage_ForwardKinematicsCal) refers to algorithm_simple.o(i.MyCos) for MyCos
    algorithm.o(i.LegLinkage_ForwardKinematicsCal) refers to algorithm_simple.o(i.MySin) for MySin
    algorithm.o(i.LegLinkage_ForwardKinematicsCal) refers to algorithm_simple.o(i.MySqr) for MySqr
    algorithm.o(i.LegLinkage_ForwardKinematicsCal) refers to algorithm_simple.o(i.MySqrt) for MySqrt
    algorithm.o(i.LegLinkage_ForwardKinematicsCal) refers to algorithm_simple.o(i.MyAtan) for MyAtan
    algorithm.o(i.LegLinkage_GetL0dot) refers to algorithm_simple.o(i.MySin) for MySin
    algorithm.o(i.LegLinkage_GetL0dot) refers to algorithm.o(i.__ARM_isnanf) for __ARM_isnanf
    algorithm.o(i.LegLinkage_GetTheta) refers to algorithm_simple.o(i.MyAtan) for MyAtan
    algorithm.o(i.LegLinkage_GetThetadot) refers to algorithm_simple.o(i.MyCos) for MyCos
    algorithm.o(i.LegLinkage_GetThetadot) refers to algorithm_simple.o(i.MySin) for MySin
    algorithm.o(i.LegLinkage_GetThetadot) refers to algorithm.o(i.__ARM_isnanf) for __ARM_isnanf
    algorithm.o(i.LuenbergerObserver_UniformVelocityModel) refers to globaldeclare_chassis.o(.constdata) for GCH_TaskTime
    algorithm.o(i.OffGround_GetLegToWheelForce) refers to algorithm_simple.o(i.MyCos) for MyCos
    algorithm.o(i.OffGround_GetLegToWheelForce) refers to algorithm_simple.o(i.MySin) for MySin
    algorithm.o(i.OffGround_GetRealFAndTp) refers to algorithm_simple.o(i.MyCos) for MyCos
    algorithm.o(i.OffGround_GetRealFAndTp) refers to algorithm_simple.o(i.MySin) for MySin
    algorithm.o(i.OffGround_GetSupportForce) refers to algorithm.o(i.OffGround_GetLegToWheelForce) for OffGround_GetLegToWheelForce
    algorithm.o(i.OffGround_GetSupportForce) refers to algorithm_simple.o(i.MyCos) for MyCos
    algorithm.o(i.OffGround_GetSupportForce) refers to algorithm_simple.o(i.MySin) for MySin
    algorithm.o(i.OffGround_LegLinkRelateDataUpdate) refers to algorithm.o(i.LegLinkage_GetL0Length) for LegLinkage_GetL0Length
    algorithm.o(i.OffGround_LegLinkRelateDataUpdate) refers to algorithm.o(i.LegLinkage_GetL0dot) for LegLinkage_GetL0dot
    algorithm.o(i.OffGround_LegLinkRelateDataUpdate) refers to algorithm.o(i.LegLinkage_GetTheta) for LegLinkage_GetTheta
    algorithm.o(i.OffGround_LegLinkRelateDataUpdate) refers to algorithm.o(i.LegLinkage_GetThetadot) for LegLinkage_GetThetadot
    algorithm.o(i.PID_Cal) refers to general_auxiliaryfunc.o(i.Limit) for Limit
    algorithm.o(i.TD_Cal) refers to algorithm.o(i._TD_fst) for _TD_fst
    algorithm.o(i.VMC_Cal) refers to algorithm_simple.o(i.MySin) for MySin
    algorithm.o(i.VMC_Cal) refers to algorithm_simple.o(i.MyCos) for MyCos
    algorithm.o(i._TD_fst) refers to algorithm_simple.o(i.MyAbsf) for MyAbsf
    algorithm.o(i._TD_fst) refers to algorithm_simple.o(i.MySqrt) for MySqrt
    algorithm.o(i._TD_fst) refers to algorithm_simple.o(i.MySign) for MySign
    algorithm_simple.o(i.MyAtan) refers to atanf.o(i.__hardfp_atanf) for __hardfp_atanf
    algorithm_simple.o(i.MyCos) refers to arm_cos_f32.o(.text) for arm_cos_f32
    algorithm_simple.o(i.MySin) refers to arm_sin_f32.o(.text) for arm_sin_f32
    general_auxiliaryfunc.o(i.IsInsideEightGesture) refers to general_auxiliaryfunc.o(i.IsLeftJoyStickRight) for IsLeftJoyStickRight
    general_auxiliaryfunc.o(i.IsInsideEightGesture) refers to general_auxiliaryfunc.o(i.IsLeftJoyStickDown) for IsLeftJoyStickDown
    general_auxiliaryfunc.o(i.IsInsideEightGesture) refers to general_auxiliaryfunc.o(i.IsRightJoyStickLeft) for IsRightJoyStickLeft
    general_auxiliaryfunc.o(i.IsInsideEightGesture) refers to general_auxiliaryfunc.o(i.IsRightJoyStickDown) for IsRightJoyStickDown
    general_auxiliaryfunc.o(i.IsLeftJoyStickBeyondDeadZoneDown) refers to globaldeclare_general.o(.bss) for GST_Receiver
    general_auxiliaryfunc.o(i.IsLeftJoyStickBeyondDeadZoneUp) refers to globaldeclare_general.o(.bss) for GST_Receiver
    general_auxiliaryfunc.o(i.IsLeftJoyStickDown) refers to globaldeclare_general.o(.bss) for GST_Receiver
    general_auxiliaryfunc.o(i.IsLeftJoyStickLeft) refers to globaldeclare_general.o(.bss) for GST_Receiver
    general_auxiliaryfunc.o(i.IsLeftJoyStickRight) refers to globaldeclare_general.o(.bss) for GST_Receiver
    general_auxiliaryfunc.o(i.IsLeftJoyStickUp) refers to globaldeclare_general.o(.bss) for GST_Receiver
    general_auxiliaryfunc.o(i.IsLeftLevelDown) refers to globaldeclare_general.o(.bss) for GST_Receiver
    general_auxiliaryfunc.o(i.IsLeftLevelMid) refers to globaldeclare_general.o(.bss) for GST_Receiver
    general_auxiliaryfunc.o(i.IsLeftLevelUp) refers to globaldeclare_general.o(.bss) for GST_Receiver
[...]
    TD_Reset                                 0x080062d1   Thumb Code    18  algorithm.o(i.TD_Reset)
    TD_SetInput                              0x080062e9   Thumb Code     6  algorithm.o(i.TD_SetInput)
    TD_Setr                                  0x080062ef   Thumb Code     6  algorithm.o(i.TD_Setr)
    TIM_Cmd                                  0x080062f5   Thumb Code    24  stm32f4xx_tim.o(i.TIM_Cmd)
    TIM_GetCounter                           0x0800630d   Thumb Code     6  stm32f4xx_tim.o(i.TIM_GetCounter)
    TIM_SetCounter                           0x08006313   Thumb Code     4  stm32f4xx_tim.o(i.TIM_SetCounter)
    TIM_TimeBaseInit                         0x08006319   Thumb Code   104  stm32f4xx_tim.o(i.TIM_TimeBaseInit)
    TIM_TimeBaseStructInit                   0x0800639d   Thumb Code    18  stm32f4xx_tim.o(i.TIM_TimeBaseStructInit)
    UA1Rx_ReceiverDataProcess                0x080063b1   Thumb Code   222  usart_communication.o(i.UA1Rx_ReceiverDataProcess)
    UA2Rx_IMU1DataProcess                    0x08006499   Thumb Code   132  usart_communication.o(i.UA2Rx_IMU1DataProcess)
    UA2Tx_SendDataToIMU1                     0x08006541   Thumb Code    88  usart_communication.o(i.UA2Tx_SendDataToIMU1)
    UA4Rx_IMU2DataProcess                    0x080065a9   Thumb Code    20  usart_communication.o(i.UA4Rx_IMU2DataProcess)
    UA4Tx_SendDataToIMU2                     0x080065c5   Thumb Code   270  usart_communication.o(i.UA4Tx_SendDataToIMU2)
    UART4_IRQHandler                         0x080066f9   Thumb Code    80  irqhandler_config.o(i.UART4_IRQHandler)
    USART1_IRQHandler                        0x08006759   Thumb Code    80  irqhandler_config.o(i.USART1_IRQHandler)
    USART2_IRQHandler                        0x080067bd   Thumb Code    80  irqhandler_config.o(i.USART2_IRQHandler)
    USART3_DMA_printf                        0x0800681d   Thumb Code    62  usart_communication.o(i.USART3_DMA_printf)
    USART3_IRQHandler                        0x08006869   Thumb Code    68  irqhandler_config.o(i.USART3_IRQHandler)
    USART_ClearFlag                          0x080068bd   Thumb Code    18  stm32f4xx_usart.o(i.USART_ClearFlag)
    USART_Cmd                                0x080068cf   Thumb Code    24  stm32f4xx_usart.o(i.USART_Cmd)
    USART_DMACmd                             0x080068e7   Thumb Code    18  stm32f4xx_usart.o(i.USART_DMACmd)
    USART_DeInit                             0x080068f9   Thumb Code   206  stm32f4xx_usart.o(i.USART_DeInit)
    USART_GetITStatus                        0x080069e9   Thumb Code    84  stm32f4xx_usart.o(i.USART_GetITStatus)
    USART_ITConfig                           0x08006a3d   Thumb Code    74  stm32f4xx_usart.o(i.USART_ITConfig)
    USART_Init                               0x08006a89   Thumb Code   204  stm32f4xx_usart.o(i.USART_Init)
    USART_StructInit                         0x08006b5d   Thumb Code    24  stm32f4xx_usart.o(i.USART_StructInit)
    UsageFault_Handler                       0x08006b75   Thumb Code     4  stm32f4xx_it.o(i.UsageFault_Handler)
    VMC_Cal                                  0x08006b79   Thumb Code   456  algorithm.o(i.VMC_Cal)
    VMC_FMatrixUpdate                        0x08006d45   Thumb Code    26  algorithm.o(i.VMC_FMatrixUpdate)
    VofaPrint                                0x08006d61   Thumb Code   182  debugtask.o(i.VofaPrint)
    WWDG_ClearFlag                           0x08006e69   Thumb Code     8  stm32f4xx_wwdg.o(i.WWDG_ClearFlag)
    WWDG_Enable                              0x08006e75   Thumb Code    10  stm32f4xx_wwdg.o(i.WWDG_Enable)
    WWDG_EnableIT                            0x08006e85   Thumb Code     8  stm32f4xx_wwdg.o(i.WWDG_EnableIT)
    WWDG_IRQHandler                          0x08006e91   Thumb Code    16  irqhandler_config.o(i.WWDG_IRQHandler)
    WWDG_SetCounter                          0x08006ea5   Thumb Code    10  stm32f4xx_wwdg.o(i.WWDG_SetCounter)
    WWDG_SetPrescaler                        0x08006eb5   Thumb Code    18  stm32f4xx_wwdg.o(i.WWDG_SetPrescaler)
    WWDG_SetWindowValue                      0x08006ecd   Thumb Code    34  stm32f4xx_wwdg.o(i.WWDG_SetWindowValue)
    _BSPInit_CANSendZeroCurrent              0x08006ef5   Thumb Code   102  rm_bsp.o(i._BSPInit_CANSendZeroCurrent)
    _CH_Flag_Reset                           0x08006f65   Thumb Code    12  chassis_apifunction.o(i._CH_Flag_Reset)
    _CH_LQRCal_DesDataReset                  0x08006f79   Thumb Code    84  chassis_apifunction.o(i._CH_LQRCal_DesDataReset)
    _CH_LegLen_DesDataReset                  0x08006fd5   Thumb Code    20  chassis_apifunction.o(i._CH_LegLen_DesDataReset)
    _CH_PIDCal_DataReset                     0x08006fed   Thumb Code    68  chassis_apifunction.o(i._CH_PIDCal_DataReset)
    _CH_TDCal_DataReset                      0x08007045   Thumb Code    52  chassis_apifunction.o(i._CH_TDCal_DataReset)
    _CH_VMCCal_DesDataReset                  0x08007089   Thumb Code    36  chassis_apifunction.o(i._CH_VMCCal_DesDataReset)
    _CRC16_Append                            0x080070b5   Thumb Code    44  usart_communication.o(i._CRC16_Append)
    _CRC16_GetCheckSum                       0x080070e1   Thumb Code    46  usart_communication.o(i._CRC16_GetCheckSum)
    _CRC16_Verify                            0x08007115   Thumb Code    60  usart_communication.o(i._CRC16_Verify)
    _ChIsEnter_AutoSafeMode_RCControl        0x08007151   Thumb Code   128  chassis_stratgy.o(i._ChIsEnter_AutoSafeMode_RCControl)
    _ChIsEnter_FollowMode_RCControl          0x080071d9   Thumb Code     4  chassis_stratgy.o(i._ChIsEnter_FollowMode_RCControl)
    _ChIsEnter_FreeMode_RCControl            0x080071dd   Thumb Code    92  chassis_stratgy.o(i._ChIsEnter_FreeMode_RCControl)
    _ChIsEnter_ManualSafeMode_RCControl      0x08007239   Thumb Code    32  chassis_stratgy.o(i._ChIsEnter_ManualSafeMode_RCControl)
    _ChIsEnter_SittingMode_RCControl         0x08007259   Thumb Code   154  chassis_stratgy.o(i._ChIsEnter_SittingMode_RCControl)
    _ChIsEnter_SlowSitDownMode_RCControl     0x080072fd   Thumb Code    78  chassis_stratgy.o(i._ChIsEnter_SlowSitDownMode_RCControl)
    _ChIsEnter_StandUpMode_RCControl         0x0800734d   Thumb Code   136  chassis_stratgy.o(i._ChIsEnter_StandUpMode_RCControl)
    _Ch_FBData_LPF                           0x080073d9   Thumb Code    40  chassis_apifunction.o(i._Ch_FBData_LPF)
    _Ch_VelFB_Process                        0x08007401   Thumb Code   138  chassis_apifunction.o(i._Ch_VelFB_Process)
    _HM_DesData_TorqueToCurrent              0x080074a9   Thumb Code    66  chassis_apifunction.o(i._HM_DesData_TorqueToCurrent)
    _HM_FBData_Parse                         0x080074fd   Thumb Code   132  chassis_apifunction.o(i._HM_FBData_Parse)
    _TD_fst                                  0x08007589   Thumb Code   274  algorithm.o(i._TD_fst)
    __ARM_fpclassify                         0x0800769b   Thumb Code    48  fpclassify.o(i.__ARM_fpclassify)
    __ARM_fpclassifyf                        0x080076cb   Thumb Code    38  fpclassifyf.o(i.__ARM_fpclassifyf)
    __IsUART4SingleRecOK                     0x08007701   Thumb Code    24  irqhandler_config.o(i.__IsUART4SingleRecOK)
    __IsUSART1SingleRecOK                    0x08007721   Thumb Code    24  irqhandler_config.o(i.__IsUSART1SingleRecOK)
    __IsUSART2SingleRecOK                    0x08007741   Thumb Code    24  irqhandler_config.o(i.__IsUSART2SingleRecOK)
    __UA2Rx_IsVerifySuccess                  0x08007761   Thumb Code    40  usart_communication.o(i.__UA2Rx_IsVerifySuccess)
    __UA4Rx_IsVerifySuccess                  0x0800778d   Thumb Code    34  usart_communication.o(i.__UA4Rx_IsVerifySuccess)
    __hardfp_atanf                           0x080077b5   Thumb Code   296  atanf.o(i.__hardfp_atanf)
    __mathlib_flt_infnan                     0x08007915   Thumb Code     6  funder.o(i.__mathlib_flt_infnan)
    __mathlib_flt_underflow                  0x0800791d   Thumb Code    10  funder.o(i.__mathlib_flt_underflow)
    _is_digit                                0x0800792d   Thumb Code    14  __printf_wp.o(i._is_digit)
    main                                     0x0800793d   Thumb Code   154  main.o(i.main)
    pvPortMalloc                             0x0800848d   Thumb Code   474  heap_4.o(i.pvPortMalloc)
    pxPortInitialiseStack                    0x08008685   Thumb Code    38  port.o(i.pxPortInitialiseStack)
    uxListRemove                             0x080086b1   Thumb Code    40  list.o(i.uxListRemove)
    uxTaskGetStackHighWaterMark              0x080086d9   Thumb Code    34  tasks.o(i.uxTaskGetStackHighWaterMark)
    vListInitialise                          0x08008701   Thumb Code    26  list.o(i.vListInitialise)
    vListInitialiseItem                      0x0800871b   Thumb Code     6  list.o(i.vListInitialiseItem)
    vListInsert                              0x08008721   Thumb Code    52  list.o(i.vListInsert)
    vPortEnterCritical                       0x08008755   Thumb Code    76  port.o(i.vPortEnterCritical)
    vPortExitCritical                        0x080087a9   Thumb Code    56  port.o(i.vPortExitCritical)
    vPortFree                                0x080087e5   Thumb Code   202  heap_4.o(i.vPortFree)
    vPortSetupTimerInterrupt                 0x080088c1   Thumb Code    20  port.o(i.vPortSetupTimerInterrupt)
    vQueueAddToRegistry                      0x080088d9   Thumb Code    90  queue.o(i.vQueueAddToRegistry)
    vQueueWaitForMessageRestricted           0x08008939   Thumb Code    74  queue.o(i.vQueueWaitForMessageRestricted)
    vTaskDelay                               0x08008985   Thumb Code    82  tasks.o(i.vTaskDelay)
    vTaskInternalSetTimeOutState             0x080089e1   Thumb Code    14  tasks.o(i.vTaskInternalSetTimeOutState)
    vTaskMissedYield                         0x080089f9   Thumb Code     8  tasks.o(i.vTaskMissedYield)
    vTaskPlaceOnEventList                    0x08008a05   Thumb Code    52  tasks.o(i.vTaskPlaceOnEventList)
    vTaskPlaceOnEventListRestricted          0x08008a3d   Thumb Code    98  tasks.o(i.vTaskPlaceOnEventListRestricted)
    vTaskStartScheduler                      0x08008aa5   Thumb Code   106  tasks.o(i.vTaskStartScheduler)
    vTaskSuspendAll                          0x08008b21   Thumb Code    12  tasks.o(i.vTaskSuspendAll)
    vTaskSwitchContext                       0x08008b31   Thumb Code   130  tasks.o(i.vTaskSwitchContext)
    xPortStartScheduler                      0x08008bc9   Thumb Code   330  port.o(i.xPortStartScheduler)
    xQueueGenericCreate                      0x08008d31   Thumb Code   102  queue.o(i.xQueueGenericCreate)
    xQueueGenericReset                       0x08008d99   Thumb Code   214  queue.o(i.xQueueGenericReset)
    xQueueReceive                            0x08008e75   Thumb Code   356  queue.o(i.xQueueReceive)
    xTaskCheckForTimeOut                     0x08008fdd   Thumb Code   160  tasks.o(i.xTaskCheckForTimeOut)
    xTaskCreate                              0x08009089   Thumb Code    56  tasks.o(i.xTaskCreate)
    xTaskDelayUntil                          0x080090c1   Thumb Code   202  tasks.o(i.xTaskDelayUntil)
    xTaskGetSchedulerState                   0x08009199   Thumb Code    24  tasks.o(i.xTaskGetSchedulerState)
    xTaskGetTickCount                        0x080091b9   Thumb Code     6  tasks.o(i.xTaskGetTickCount)
    xTaskIncrementTick                       0x080091c5   Thumb Code   416  tasks.o(i.xTaskIncrementTick)
    xTaskRemoveFromEventList                 0x08009391   Thumb Code   282  tasks.o(i.xTaskRemoveFromEventList)
    xTaskResumeAll                           0x080094c5   Thumb Code   382  tasks.o(i.xTaskResumeAll)
    xTimerCreateTimerTask                    0x08009669   Thumb Code    66  timers.o(i.xTimerCreateTimerTask)
    _get_lc_numeric                          0x080096c1   Thumb Code    44  lc_numeric_c.o(locale$$code)
    _get_lc_ctype                            0x080096ed   Thumb Code    44  lc_ctype_c.o(locale$$code)
    __dflt_normalise                         0x08009719   Thumb Code    26  dflt_clz.o(x$fpl$dfltn)
    __fpl_dretinf                            0x08009733   Thumb Code    12  dretinf.o(x$fpl$dretinf)
    __fpl_exception                          0x08009741   Thumb Code   454  except.o(x$fpl$exception)
    __aeabi_f2d                              0x0800992d   Thumb Code     0  f2d.o(x$fpl$f2d)
    _f2d                                     0x0800992d   Thumb Code   122  f2d.o(x$fpl$f2d)
    __fpl_fnaninf                            0x080099a7   Thumb Code   242  fnaninf.o(x$fpl$fnaninf)
    _fp_init                                 0x08009a99   Thumb Code    10  fpinit.o(x$fpl$fpinit)
    __fplib_config_fpu_vfp                   0x08009aa1   Thumb Code     0  fpinit.o(x$fpl$fpinit)
    __fplib_config_pureend_doubles           0x08009aa1   Thumb Code     0  fpinit.o(x$fpl$fpinit)
    __funder                                 0x08009aa3   Thumb Code   254  funder_clz.o(x$fpl$funder)
    __funder_d                               0x08009ba1   Thumb Code    62  funder_clz.o(x$fpl$funder)
    __ieee_status                            0x08009be1   Thumb Code    28  istatus.o(x$fpl$ieeestatus)
    _printf_fp_dec                           0x08009c01   Thumb Code     4  printf1.o(x$fpl$printf1)
    _printf_fp_hex                           0x08009c05   Thumb Code     4  printf2.o(x$fpl$printf2)
    __fpl_return_NaN                         0x08009c09   Thumb Code   178  retnan.o(x$fpl$retnan)
    _fp_trapveneer                           0x08009cbb   Thumb Code    36  trapv.o(x$fpl$trapveneer)
    __fpl_cmpreturn                          0x08009cdf   Thumb Code    90  trapv.o(x$fpl$trapveneer)
    GCH_TaskPeriod                           0x08009d38   Data           4  globaldeclare_chassis.o(.constdata)
    __I$use$fp                               0x08009d38   Number         0  usenofp.o(x$fpl$usenofp)
    GCH_TaskTime                             0x08009d3c   Data           4  globaldeclare_chassis.o(.constdata)
    JointMotorMAXTorque                      0x08009d40   Data           4  globaldeclare_chassis.o(.constdata)
    UA1RxDMAbuf_LEN                          0x08009d44   Data           1  usart_communication.o(.constdata)
    UA2TxDMAbuf_LEN                          0x08009d45   Data           1  usart_communication.o(.constdata)
    UA2RxDMAbuf_LEN                          0x08009d46   Data           1  usart_communication.o(.constdata)
    UA3TxDMAbuf_LEN                          0x08009d47   Data           1  usart_communication.o(.constdata)
    UA3RxDMAbuf_LEN                          0x08009d48   Data           1  usart_communication.o(.constdata)
    UA4RxDMAbuf_LEN                          0x08009d49   Data           1  usart_communication.o(.constdata)
    UA4TxDMAbuf_LEN                          0x08009d4a   Data           1  usart_communication.o(.constdata)
    UA5TxDMAbuf_LEN                          0x08009d4b   Data           1  usart_communication.o(.constdata)
    UA5RxDMAbuf_LEN                          0x08009d4c   Data           2  usart_communication.o(.constdata)
    UA6TxDMAbuf_LEN                          0x08009d4e   Data           1  usart_communication.o(.constdata)
    UA6RxDMAbuf_LEN                          0x08009d4f   Data           1  usart_communication.o(.constdata)
    CRC16_InitValue                          0x08009d50   Data           2  usart_communication.o(.constdata)
    CRC16_Table                              0x08009d52   Data         512  usart_communication.o(.constdata)
    WWDG_CounterValue                        0x08009f52   Data           1  wwdg_config.o(.constdata)
    WWDG_WindowValue                         0x08009f53   Data           1  wwdg_config.o(.constdata)
    sinTable_f32                             0x08009f54   Data        2052  arm_common_tables.o(.constdata)
    Region$$Table$$Base                      0x0800a858   Number         0  anon$$obj.o(Region$$Table)
    Region$$Table$$Limit                     0x0800a878   Number         0  anon$$obj.o(Region$$Table)
    __ctype                                  0x0800a8a1   Data           0  lc_ctype_c.o(locale$$data)
    G_TestFlag                               0x20000000   Data           1  globaldeclare_general.o(.data)
    G_u8Test                                 0x20000001   Data           1  globaldeclare_general.o(.data)
    G_u16Test                                0x20000002   Data           2  globaldeclare_general.o(.data)
    G_u32Test                                0x20000004   Data           4  globaldeclare_general.o(.data)
    G_s16Test                                0x20000008   Data           2  globaldeclare_general.o(.data)
    G_s32Test                                0x2000000c   Data           4  globaldeclare_general.o(.data)
    G_fTest                                  0x20000010   Data           4  globaldeclare_general.o(.data)
    G_fTest1                                 0x20000014   Data           4  globaldeclare_general.o(.data)
    G_fTest2                                 0x20000018   Data           4  globaldeclare_general.o(.data)
    G_fTest3                                 0x2000001c   Data           4  globaldeclare_general.o(.data)
    GF_USART1_RxDone                         0x20000020   Data           1  globaldeclare_general.o(.data)
    TD_LegLen_rStandUp                       0x20000024   Data           4  globaldeclare_chassis.o(.data)
    TD_LegLen_rNorm                          0x20000028   Data           4  globaldeclare_chassis.o(.data)
    TD_LegLen_rSlowSitDown                   0x2000002c   Data           4  globaldeclare_chassis.o(.data)
    PID_LegLen_KpStandUp                     0x20000030   Data           4  globaldeclare_chassis.o(.data)
    PID_LegLen_KdStandUp                     0x20000034   Data           4  globaldeclare_chassis.o(.data)
    PID_LegLen_KpNorm                        0x20000038   Data           4  globaldeclare_chassis.o(.data)
    PID_LegLen_KdNorm                        0x2000003c   Data           4  globaldeclare_chassis.o(.data)
    LegLenMin                                0x20000040   Data           4  globaldeclare_chassis.o(.data)
    LegLenMinTH                              0x20000044   Data           4  globaldeclare_chassis.o(.data)
    LegLenLow                                0x20000048   Data           4  globaldeclare_chassis.o(.data)
    LegLenMid                                0x2000004c   Data           4  globaldeclare_chassis.o(.data)
    LegLenHigh                               0x20000050   Data           4  globaldeclare_chassis.o(.data)
    ChassisPitchAngleZP                      0x20000054   Data           4  globaldeclare_chassis.o(.data)
    ChassisRollAngleZP                       0x20000058   Data           4  globaldeclare_chassis.o(.data)
    LegFFForce_Norm                          0x2000005c   Data           4  globaldeclare_chassis.o(.data)
    LegFFForce_SlowSitDown                   0x20000060   Data           4  globaldeclare_chassis.o(.data)
    LegFFForce_SlowSitDownStep               0x20000064   Data           4  globaldeclare_chassis.o(.data)
    CHMode_AllMode_PreProcessTime            0x20000068   Data           2  globaldeclare_chassis.o(.data)
    CHMode_RC_StandUp_TotalTime              0x2000006a   Data           2  globaldeclare_chassis.o(.data)
    GFCH_IMU2Restart                         0x2000006c   Data           1  globaldeclare_chassis.o(.data)
    GFCH_LegCalibration                      0x2000006d   Data           1  globaldeclare_chassis.o(.data)
    GstCH_HM1RxC620Data                      0x2000006e   Data           8  globaldeclare_chassis.o(.data)
    GstCH_HM2RxC620Data                      0x20000076   Data           8  globaldeclare_chassis.o(.data)
    GstCH_HM1_AngleVelLPF                    0x20000080   Data          20  globaldeclare_chassis.o(.data)
    GstCH_HM2_AngleVelLPF                    0x20000094   Data          20  globaldeclare_chassis.o(.data)
    GstCH_xC1dotLPF                          0x200000a8   Data          20  globaldeclare_chassis.o(.data)
    GstCH_xC2dotLPF                          0x200000bc   Data          20  globaldeclare_chassis.o(.data)
    GstCH_Theta1dotLPF                       0x200000d0   Data          20  globaldeclare_chassis.o(.data)
    GstCH_Theta2dotLPF                       0x200000e4   Data          20  globaldeclare_chassis.o(.data)
    GstCH_AccX_LPF                           0x200000f8   Data          20  globaldeclare_chassis.o(.data)
    GstCH_TheoryVelLPF                       0x2000010c   Data          20  globaldeclare_chassis.o(.data)
    GstCH_VelCompLPF                         0x20000120   Data          20  globaldeclare_chassis.o(.data)
    GstCH_YawAngleVelLPF                     0x20000134   Data          20  globaldeclare_chassis.o(.data)
    GstCH_PitchAngleVelLPF                   0x20000148   Data          20  globaldeclare_chassis.o(.data)
    GstCH_LegLen1TD                          0x2000015c   Data          24  globaldeclare_chassis.o(.data)
    GstCH_LegLen2TD                          0x20000174   Data          24  globaldeclare_chassis.o(.data)
    GstCH_LegLen1PID                         0x2000018c   Data          68  globaldeclare_chassis.o(.data)
    GstCH_LegLen2PID                         0x200001d0   Data          68  globaldeclare_chassis.o(.data)
    GstCH_RollCompPID                        0x20000214   Data          68  globaldeclare_chassis.o(.data)
    GstCH_LegLinkCal1                        0x20000258   Data         112  globaldeclare_chassis.o(.data)
    GstCH_LegLinkCal2                        0x200002c8   Data         112  globaldeclare_chassis.o(.data)
    GEMCH_Mode                               0x20000338   Data           1  globaldeclare_chassis.o(.data)
    GEMCH_ModePre                            0x20000339   Data           1  globaldeclare_chassis.o(.data)
    GSTCH_JM1                                0x2000033c   Data          40  globaldeclare_chassis.o(.data)
    GSTCH_JM2                                0x20000364   Data          40  globaldeclare_chassis.o(.data)
    GSTCH_JM3                                0x2000038c   Data          40  globaldeclare_chassis.o(.data)
    GSTCH_JM4                                0x200003b4   Data          40  globaldeclare_chassis.o(.data)
    GSTCH_HM1                                0x200003dc   Data          20  globaldeclare_chassis.o(.data)
    GSTCH_HM2                                0x200003f0   Data          20  globaldeclare_chassis.o(.data)
    GFGB_IMU1Restart                         0x20000404   Data           1  globaldeclare_gimbal.o(.data)
    GGB_RollAngle                            0x20000408   Data           4  globaldeclare_gimbal.o(.data)
    LQR_DefaultK_Matrix                      0x2000040c   Data         160  algorithm.o(.data)
    GSTCH_OffGround1                         0x200004b0   Data         128  chassis_task.o(.data)
    GSTCH_OffGround2                         0x20000530   Data         128  chassis_task.o(.data)
    DebugTaskHandle                          0x200005b4   Data           4  main.o(.data)
    DebugTaskHighWaterMark                   0x200005b8   Data           4  main.o(.data)
    ReceiverTaskHandle                       0x200005bc   Data           4  main.o(.data)
    ReceiverTaskHighWaterMark                0x200005c0   Data           4  main.o(.data)
    ChassisTaskHandle                        0x200005c4   Data           4  main.o(.data)
    ChassisTaskHighWaterMark                 0x200005c8   Data           4  main.o(.data)
    SendDataTaskHandle                       0x200005cc   Data           4  main.o(.data)
    SendDataTaskHighWaterMark                0x200005d0   Data           4  main.o(.data)
    pxCurrentTCB                             0x200005d4   Data           4  tasks.o(.data)
    GST_SystemMonitor                        0x20000660   Data          60  globaldeclare_general.o(.bss)
    GST_Receiver                             0x2000069c   Data          22  globaldeclare_general.o(.bss)
    GST_RMCtrl                               0x200006b4   Data         112  globaldeclare_general.o(.bss)
    GstCH_IMU2                               0x20000724   Data         176  globaldeclare_chassis.o(.bss)
    GstCH_VelObserver                        0x200007d4   Data          40  globaldeclare_chassis.o(.bss)
    GstCH_LQRCal                             0x200007fc   Data         216  globaldeclare_chassis.o(.bss)
    GstCH_Leg1VMC                            0x200008d4   Data          32  globaldeclare_chassis.o(.bss)
    GstCH_Leg2VMC                            0x200008f4   Data          32  globaldeclare_chassis.o(.bss)
    GSTCH_Data                               0x20000914   Data         160  globaldeclare_chassis.o(.bss)
    GstGB_IMU1                               0x200009b4   Data          48  globaldeclare_gimbal.o(.bss)
    GstGB_PitchPosPID                        0x200009e4   Data          68  globaldeclare_gimbal.o(.bss)
    GstGB_PitchSpeedPID                      0x20000a28   Data          68  globaldeclare_gimbal.o(.bss)
    GstGB_YawPosPID                          0x20000a6c   Data          68  globaldeclare_gimbal.o(.bss)
    GstGB_YawSpeedPID                        0x20000ab0   Data          68  globaldeclare_gimbal.o(.bss)
    UA1RxDMAbuf                              0x20000af4   Data          18  usart_communication.o(.bss)
    UA2RxDMAbuf                              0x20000b06   Data          38  usart_communication.o(.bss)
    UA3RxDMAbuf                              0x20000b2c   Data         128  usart_communication.o(.bss)
    UA4RxDMAbuf                              0x20000bac   Data         106  usart_communication.o(.bss)
    UA5TxDMAbuf                              0x20000c16   Data         128  usart_communication.o(.bss)
    UA5RxDMAbuf                              0x20000c96   Data         500  usart_communication.o(.bss)
    UA6RxDMAbuf                              0x20000e8a   Data          42  usart_communication.o(.bss)
    USART3_DMA_Buf                           0x20000eb4   Data         255  usart_communication.o(.bss)
    USART6_DMA_Buf                           0x20000fb3   Data         255  usart_communication.o(.bss)
    xQueueRegistry                           0x200010b4   Data          64  queue.o(.bss)
    __libspace_start                         0x20005400   Data          96  libspace.o(.bss)
    __temporary_stack_top$libspace           0x20005460   Data           0  libspace.o(.bss)



==============================================================================

Memory Map of the image

  Image Entry point : 0x08000189

  Load Region LR_IROM1 (Base: 0x08000000, Size: 0x0000b004, Max: 0x00080000, ABSOLUTE, COMPRESSED[0x0000aadc])

    Execution Region ER_IROM1 (Exec base: 0x08000000, Load base: 0x08000000, Size: 0x0000a9a4, Max: 0x00080000, ABSOLUTE)

    Exec Addr    Load Addr    Size         Type   Attr      Idx    E Section Name        Object

    0x08000000   0x08000000   0x00000188   Data   RO         3210    RESET               startup_stm32f40_41xxx.o
    0x08000188   0x08000188   0x00000008   Code   RO         6044  * !!!main             c_w.l(__main.o)
    0x08000190   0x08000190   0x00000034   Code   RO         6396    !!!scatter          c_w.l(__scatter.o)
    0x080001c4   0x080001c4   0x0000005a   Code   RO         6394    !!dczerorl2         c_w.l(__dczerorl2.o)
    0x0800021e   0x0800021e   0x00000002   PAD
    0x08000220   0x08000220   0x0000001c   Code   RO         6398    !!handler_zi        c_w.l(__scatter_zi.o)
    0x0800023c   0x0800023c   0x00000000   Code   RO         6025    .ARM.Collect$$_printf_percent$$00000000  c_w.l(_printf_percent.o)
    0x0800023c   0x0800023c   0x00000006   Code   RO         6110    .ARM.Collect$$_printf_percent$$00000001  c_w.l(_printf_n.o)
    0x08000242   0x08000242   0x00000006   Code   RO         6112    .ARM.Collect$$_printf_percent$$00000002  c_w.l(_printf_p.o)
    0x08000248   0x08000248   0x00000006   Code   RO         6116    .ARM.Collect$$_printf_percent$$00000003  c_w.l(_printf_f.o)
    0x0800024e   0x0800024e   0x00000006   Code   RO         6117    .ARM.Collect$$_printf_percent$$00000004  c_w.l(_printf_e.o)
    0x08000254   0x08000254   0x00000006   Code   RO         6118    .ARM.Collect$$_printf_percent$$00000005  c_w.l(_printf_g.o)
    0x0800025a   0x0800025a   0x00000006   Code   RO         6119    .ARM.Collect$$_printf_percent$$00000006  c_w.l(_printf_a.o)
    0x08000260   0x08000260   0x0000000a   Code   RO         6124    .ARM.Collect$$_printf_percent$$00000007  c_w.l(_printf_ll.o)
    0x0800026a   0x0800026a   0x00000006   Code   RO         6114    .ARM.Collect$$_printf_percent$$00000008  c_w.l(_printf_i.o)
    0x08000270   0x08000270   0x00000006   Code   RO         6115    .ARM.Collect$$_printf_percent$$00000009  c_w.l(_printf_d.o)
    0x08000276   0x08000276   0x00000006   Code   RO         6024    .ARM.Collect$$_printf_percent$$0000000A  c_w.l(_printf_u.o)
    0x0800027c   0x0800027c   0x00000006   Code   RO         6113    .ARM.Collect$$_printf_percent$$0000000B  c_w.l(_printf_o.o)
    0x08000282   0x08000282   0x00000006   Code   RO         6111    .ARM.Collect$$_printf_percent$$0000000C  c_w.l(_printf_x.o)
    0x08000288   0x08000288   0x00000006   Code   RO         6121    .ARM.Collect$$_printf_percent$$0000000D  c_w.l(_printf_lli.o)
    0x0800028e   0x0800028e   0x00000006   Code   RO         6122    .ARM.Collect$$_printf_percent$$0000000E  c_w.l(_printf_lld.o)
    0x08000294   0x08000294   0x00000006   Code   RO         6123    .ARM.Collect$$_printf_percent$$0000000F  c_w.l(_printf_llu.o)
    0x0800029a   0x0800029a   0x00000006   Code   RO         6128    .ARM.Collect$$_printf_percent$$00000010  c_w.l(_printf_llo.o)
    0x080002a0   0x080002a0   0x00000006   Code   RO         6129    .ARM.Collect$$_printf_percent$$00000011  c_w.l(_printf_llx.o)
    0x080002a6   0x080002a6   0x0000000a   Code   RO         6125    .ARM.Collect$$_printf_percent$$00000012  c_w.l(_printf_l.o)
    0x080002b0   0x080002b0   0x00000006   Code   RO         6023    .ARM.Collect$$_printf_percent$$00000013  c_w.l(_printf_c.o)
    0x080002b6   0x080002b6   0x00000006   Code   RO         6109    .ARM.Collect$$_printf_percent$$00000014  c_w.l(_printf_s.o)
    0x080002bc   0x080002bc   0x00000006   Code   RO         6126    .ARM.Collect$$_printf_percent$$00000015  c_w.l(_printf_lc.o)
    0x080002c2   0x080002c2   0x00000006   Code   RO         6127    .ARM.Collect$$_printf_percent$$00000016  c_w.l(_printf_ls.o)
    0x080002c8   0x080002c8   0x00000004   Code   RO         6120    .ARM.Collect$$_printf_percent$$00000017  c_w.l(_printf_percent_end.o)
    0x080002cc   0x080002cc   0x00000002   Code   RO         6243    .ARM.Collect$$libinit$$00000000  c_w.l(libinit.o)
    0x080002ce   0x080002ce   0x00000004   Code   RO         6264    .ARM.Collect$$libinit$$00000001  c_w.l(libinit2.o)
    0x080002d2   0x080002d2   0x00000000   Code   RO         6267    .ARM.Collect$$libinit$$00000004  c_w.l(libinit2.o)
    0x080002d2   0x080002d2   0x00000000   Code   RO         6270    .ARM.Collect$$libinit$$0000000A  c_w.l(libinit2.o)
    0x080002d2   0x080002d2   0x00000000   Code   RO         6272    .ARM.Collect$$libinit$$0000000C  c_w.l(libinit2.o)
    0x080002d2   0x080002d2   0x00000000   Code   RO         6274    .ARM.Collect$$libinit$$0000000E  c_w.l(libinit2.o)
    0x080002d2   0x080002d2   0x00000006   Code   RO         6275    .ARM.Collect$$libinit$$0000000F  c_w.l(libinit2.o)
    0x080002d8   0x080002d8   0x00000000   Code   RO         6277    .ARM.Collect$$libinit$$00000011  c_w.l(libinit2.o)
    0x080002d8   0x080002d8   0x0000000c   Code   RO         6278    .ARM.Collect$$libinit$$00000012  c_w.l(libinit2.o)
    0x080002e4   0x080002e4   0x00000000   Code   RO         6279    .ARM.Collect$$libinit$$00000013  c_w.l(libinit2.o)
    0x080002e4   0x080002e4   0x00000000   Code   RO         6281    .ARM.Collect$$libinit$$00000015  c_w.l(libinit2.o)
    0x080002e4   0x080002e4   0x0000000a   Code   RO         6282    .ARM.Collect$$libinit$$00000016  c_w.l(libinit2.o)
    0x080002ee   0x080002ee   0x00000000   Code   RO         6283    .ARM.Collect$$libinit$$00000017  c_w.l(libinit2.o)
    0x080002ee   0x080002ee   0x00000000   Code   RO         6285    .ARM.Collect$$libinit$$00000019  c_w.l(libinit2.o)
    0x080002ee   0x080002ee   0x00000000   Code   RO         6287    .ARM.Collect$$libinit$$0000001B  c_w.l(libinit2.o)
    0x080002ee   0x080002ee   0x00000000   Code   RO         6289    .ARM.Collect$$libinit$$0000001D  c_w.l(libinit2.o)
    0x080002ee   0x080002ee   0x00000000   Code   RO         6291    .ARM.Collect$$libinit$$0000001F  c_w.l(libinit2.o)
    0x080002ee   0x080002ee   0x00000000   Code   RO         6293    .ARM.Collect$$libinit$$00000021  c_w.l(libinit2.o)
    0x080002ee   0x080002ee   0x00000000   Code   RO         6295    .ARM.Collect$$libinit$$00000023  c_w.l(libinit2.o)
    0x080002ee   0x080002ee   0x00000000   Code   RO         6297    .ARM.Collect$$libinit$$00000025  c_w.l(libinit2.o)
    0x080002ee   0x080002ee   0x00000000   Code   RO         6301    .ARM.Collect$$libinit$$0000002C  c_w.l(libinit2.o)
    0x080002ee   0x080002ee   0x00000000   Code   RO         6303    .ARM.Collect$$libinit$$0000002E  c_w.l(libinit2.o)
    0x080002ee   0x080002ee   0x00000000   Code   RO         6305    .ARM.Collect$$libinit$$00000030  c_w.l(libinit2.o)
    0x080002ee   0x080002ee   0x00000000   Code   RO         6307    .ARM.Collect$$libinit$$00000032  c_w.l(libinit2.o)
    0x080002ee   0x080002ee   0x00000002   Code   RO         6308    .ARM.Collect$$libinit$$00000033  c_w.l(libinit2.o)
    0x080002f0   0x080002f0   0x00000002   Code   RO         6338    .ARM.Collect$$libshutdown$$00000000  c_w.l(libshutdown.o)
    0x080002f2   0x080002f2   0x00000000   Code   RO         6355    .ARM.Collect$$libshutdown$$00000002  c_w.l(libshutdown2.o)
    0x080002f2   0x080002f2   0x00000000   Code   RO         6357    .ARM.Collect$$libshutdown$$00000004  c_w.l(libshutdown2.o)
    0x080002f2   0x080002f2   0x00000000   Code   RO         6359    .ARM.Collect$$libshutdown$$00000006  c_w.l(libshutdown2.o)
    0x080002f2   0x080002f2   0x00000000   Code   RO         6362    .ARM.Collect$$libshutdown$$00000009  c_w.l(libshutdown2.o)
    0x080002f2   0x080002f2   0x00000000   Code   RO         6365    .ARM.Collect$$libshutdown$$0000000C  c_w.l(libshutdown2.o)
    0x080002f2   0x080002f2   0x00000000   Code   RO         6367    .ARM.Collect$$libshutdown$$0000000E  c_w.l(libshutdown2.o)
    0x080002f2   0x080002f2   0x00000000   Code   RO         6370    .ARM.Collect$$libshutdown$$00000011  c_w.l(libshutdown2.o)
    0x080002f2   0x080002f2   0x00000002   Code   RO         6371    .ARM.Collect$$libshutdown$$00000012  c_w.l(libshutdown2.o)
    0x080002f4   0x080002f4   0x00000000   Code   RO         6060    .ARM.Collect$$rtentry$$00000000  c_w.l(__rtentry.o)
    0x080002f4   0x080002f4   0x00000000   Code   RO         6166    .ARM.Collect$$rtentry$$00000002  c_w.l(__rtentry2.o)
    0x080002f4   0x080002f4   0x00000006   Code   RO         6178    .ARM.Collect$$rtentry$$00000004  c_w.l(__rtentry4.o)
    0x080002fa   0x080002fa   0x00000000   Code   RO         6168    .ARM.Collect$$rtentry$$00000009  c_w.l(__rtentry2.o)
    0x080002fa   0x080002fa   0x00000004   Code   RO         6169    .ARM.Collect$$rtentry$$0000000A  c_w.l(__rtentry2.o)
    0x080002fe   0x080002fe   0x00000000   Code   RO         6171    .ARM.Collect$$rtentry$$0000000C  c_w.l(__rtentry2.o)
    0x080002fe   0x080002fe   0x00000008   Code   RO         6172    .ARM.Collect$$rtentry$$0000000D  c_w.l(__rtentry2.o)
    0x08000306   0x08000306   0x00000002   Code   RO         6255    .ARM.Collect$$rtexit$$00000000  c_w.l(rtexit.o)
    0x08000308   0x08000308   0x00000000   Code   RO         6310    .ARM.Collect$$rtexit$$00000002  c_w.l(rtexit2.o)
    0x08000308   0x08000308   0x00000004   Code   RO         6311    .ARM.Collect$$rtexit$$00000003  c_w.l(rtexit2.o)
    0x0800030c   0x0800030c   0x00000006   Code   RO         6312    .ARM.Collect$$rtexit$$00000004  c_w.l(rtexit2.o)
    0x08000312   0x08000312   0x00000002   PAD
    0x08000314   0x08000314   0x000000be   Code   RO         3131    .emb_text           port.o
    0x080003d2   0x080003d2   0x00000002   PAD
    0x080003d4   0x080003d4   0x00000040   Code   RO         3211    .text               startup_stm32f40_41xxx.o
    0x08000414   0x08000414   0x00000078   Code   RO         5836    .text               arm_cortexM4lf_math.lib(arm_cos_f32.o)
    0x0800048c   0x0800048c   0x00000094   Code   RO         5886    .text               arm_cortexM4lf_math.lib(arm_sin_f32.o)
    0x08000520   0x08000520   0x00000024   Code   RO         5991    .text               c_w.l(vsprintf.o)
    0x08000544   0x08000544   0x00000052   Code   RO         5999    .text               c_w.l(_printf_str.o)
    0x08000596   0x08000596   0x00000002   PAD
    0x08000598   0x08000598   0x00000078   Code   RO         6001    .text               c_w.l(_printf_dec.o)
    0x08000610   0x08000610   0x00000188   Code   RO         6020    .text               c_w.l(__printf_flags_ss_wp.o)
    0x08000798   0x08000798   0x0000008a   Code   RO         6030    .text               c_w.l(rt_memcpy_v6.o)
    0x08000822   0x08000822   0x00000064   Code   RO         6032    .text               c_w.l(rt_memcpy_w.o)
    0x08000886   0x08000886   0x00000010   Code   RO         6036    .text               c_w.l(aeabi_memset.o)
    0x08000896   0x08000896   0x00000044   Code   RO         6038    .text               c_w.l(rt_memclr.o)
    0x080008da   0x080008da   0x0000004e   Code   RO         6040    .text               c_w.l(rt_memclr_w.o)
    0x08000928   0x08000928   0x00000006   Code   RO         6042    .text               c_w.l(heapauxi.o)
    0x0800092e   0x0800092e   0x0000004e   Code   RO         6061    .text               c_w.l(_printf_pad.o)
    0x0800097c   0x0800097c   0x00000024   Code   RO         6063    .text               c_w.l(_printf_truncate.o)
    0x080009a0   0x080009a0   0x000000b2   Code   RO         6065    .text               c_w.l(_printf_intcommon.o)
    0x08000a52   0x08000a52   0x00000028   Code   RO         6067    .text               c_w.l(_printf_charcount.o)
    0x08000a7a   0x08000a7a   0x00000002   PAD
    0x08000a7c   0x08000a7c   0x00000030   Code   RO         6069    .text               c_w.l(_printf_char_common.o)
    0x08000aac   0x08000aac   0x0000000a   Code   RO         6071    .text               c_w.l(_sputc.o)
    0x08000ab6   0x08000ab6   0x0000002c   Code   RO         6075    .text               c_w.l(_printf_char.o)
    0x08000ae2   0x08000ae2   0x00000002   PAD
    0x08000ae4   0x08000ae4   0x000000bc   Code   RO         6077    .text               c_w.l(_printf_wctomb.o)
    0x08000ba0   0x08000ba0   0x0000007c   Code   RO         6080    .text               c_w.l(_printf_longlong_dec.o)
    0x08000c1c   0x08000c1c   0x00000070   Code   RO         6086    .text               c_w.l(_printf_oct_int_ll.o)
    0x08000c8c   0x08000c8c   0x00000094   Code   RO         6106    .text               c_w.l(_printf_hex_int_ll_ptr.o)
    0x08000d20   0x08000d20   0x0000008a   Code   RO         6180    .text               c_w.l(lludiv10.o)
    0x08000daa   0x08000daa   0x0000041e   Code   RO         6182    .text               c_w.l(_printf_fp_dec.o)
    0x080011c8   0x080011c8   0x000002fc   Code   RO         6184    .text               c_w.l(_printf_fp_hex.o)
    0x080014c4   0x080014c4   0x0000002c   Code   RO         6189    .text               c_w.l(_printf_wchar.o)
    0x080014f0   0x080014f0   0x00000040   Code   RO         6191    .text               c_w.l(_wcrtomb.o)
    0x08001530   0x08001530   0x0000004a   Code   RO         6197    .text               c_w.l(sys_stackheap_outer.o)
    0x0800157a   0x0800157a   0x00000002   PAD
    0x0800157c   0x0800157c   0x00000010   Code   RO         6199    .text               c_w.l(rt_ctype_table.o)
    0x0800158c   0x0800158c   0x00000008   Code   RO         6204    .text               c_w.l(rt_locale_intlibspace.o)
    0x08001594   0x08001594   0x00000080   Code   RO         6206    .text               c_w.l(_printf_fp_infnan.o)
    0x08001614   0x08001614   0x000000e4   Code   RO         6208    .text               c_w.l(bigflt0.o)
    0x080016f8   0x080016f8   0x00000012   Code   RO         6236    .text               c_w.l(exit.o)
    0x0800170a   0x0800170a   0x00000002   PAD
    0x0800170c   0x0800170c   0x00000008   Code   RO         6252    .text               c_w.l(libspace.o)
    0x08001714   0x08001714   0x00000030   Code   RO         6257    .text               c_w.l(_fptrap.o)
    0x08001744   0x08001744   0x00000080   Code   RO         6262    .text               c_w.l(strcmpv7m.o)
    0x080017c4   0x080017c4   0x0000000e   Code   RO         6316    .text               c_w.l(defsig_fpe_outer.o)
    0x080017d2   0x080017d2   0x00000002   PAD
    0x080017d4   0x080017d4   0x0000000c   Code   RO         6324    .text               c_w.l(sys_exit.o)
    0x080017e0   0x080017e0   0x0000000a   Code   RO         6328    .text               c_w.l(defsig_exit.o)
    0x080017ea   0x080017ea   0x00000002   PAD
    0x080017ec   0x080017ec   0x000000ac   Code   RO         6330    .text               c_w.l(defsig_fpe_inner.o)
    0x08001898   0x08001898   0x00000002   Code   RO         6341    .text               c_w.l(use_no_semi.o)
    0x0800189a   0x0800189a   0x00000000   Code   RO         6343    .text               c_w.l(indicate_semi.o)
    0x0800189a   0x0800189a   0x00000032   Code   RO         6348    .text               c_w.l(defsig_general.o)
    0x080018cc   0x080018cc   0x0000000e   Code   RO         6372    .text               c_w.l(sys_wrch.o)
    0x080018da   0x080018da   0x0000003e   Code   RO         6211    CL$$btod_d2e        c_w.l(btod.o)
    0x08001918   0x08001918   0x00000046   Code   RO         6213    CL$$btod_d2e_denorm_low  c_w.l(btod.o)
    0x0800195e   0x0800195e   0x00000060   Code   RO         6212    CL$$btod_d2e_norm_op1  c_w.l(btod.o)
    0x080019be   0x080019be   0x00000338   Code   RO         6221    CL$$btod_div_common  c_w.l(btod.o)
    0x08001cf6   0x08001cf6   0x000000dc   Code   RO         6218    CL$$btod_e2e        c_w.l(btod.o)
    0x08001dd2   0x08001dd2   0x0000002a   Code   RO         6215    CL$$btod_ediv       c_w.l(btod.o)
    0x08001dfc   0x08001dfc   0x0000002a   Code   RO         6214    CL$$btod_emul       c_w.l(btod.o)
    0x08001e26   0x08001e26   0x00000244   Code   RO         6220    CL$$btod_mult_common  c_w.l(btod.o)
    0x0800206a   0x0800206a   0x00000002   PAD
    0x0800206c   0x0800206c   0x000000c0   Code   RO         1111    i.AllTaskFpsCount   debugtask.o
    0x0800212c   0x0800212c   0x00000034   Code   RO         1520    i.BSP_All_Init      rm_bsp.o
    0x08002160   0x08002160   0x00000004   Code   RO         3259    i.BusFault_Handler  stm32f4xx_it.o
    0x08002164   0x08002164   0x0000003c   Code   RO         1258    i.CAN1_RX0_IRQHandler  irqhandler_config.o
    0x080021a0   0x080021a0   0x0000001c   Code   RO         1259    i.CAN1_TX_IRQHandler  irqhandler_config.o
    0x080021bc   0x080021bc   0x0000007c   Code   RO         1260    i.CAN2_RX0_IRQHandler  irqhandler_config.o
    0x08002238   0x08002238   0x0000001c   Code   RO         1261    i.CAN2_TX_IRQHandler  irqhandler_config.o
    0x08002254   0x08002254   0x0000002c   Code   RO         1478    i.CANRx_C620DataParse  can_communication.o
    0x08002280   0x08002280   0x0000002c   Code   RO         1480    i.CANTx_SendCurrentToMotor  can_communication.o
    0x080022ac   0x080022ac   0x000000a8   Code   RO         3696    i.CAN_ClearITPendingBit  stm32f4xx_can.o
    0x08002354   0x08002354   0x00000038   Code   RO         3698    i.CAN_DeInit        stm32f4xx_can.o
    0x0800238c   0x0800238c   0x00000108   Code   RO         3700    i.CAN_FilterInit    stm32f4xx_can.o
    0x08002494   0x08002494   0x00000120   Code   RO         3702    i.CAN_GetITStatus   stm32f4xx_can.o
    0x080025b4   0x080025b4   0x00000012   Code   RO         3706    i.CAN_ITConfig      stm32f4xx_can.o
    0x080025c6   0x080025c6   0x00000114   Code   RO         3707    i.CAN_Init          stm32f4xx_can.o
    0x080026da   0x080026da   0x000000e8   Code   RO         3710    i.CAN_Receive       stm32f4xx_can.o
    0x080027c2   0x080027c2   0x00000066   Code   RO         1481    i.CAN_Send          can_communication.o
    0x08002828   0x08002828   0x00000020   Code   RO         3713    i.CAN_StructInit    stm32f4xx_can.o
    0x08002848   0x08002848   0x00000126   Code   RO         3715    i.CAN_Transmit      stm32f4xx_can.o
    0x0800296e   0x0800296e   0x00000002   PAD
    0x08002970   0x08002970   0x000001bc   Code   RO          883    i.CH_LQRCal_Process  chassis_apifunction.o
    0x08002b2c   0x08002b2c   0x000000a0   Code   RO          884    i.CH_LQR_DesDataUpdate  chassis_apifunction.o
    0x08002bcc   0x08002bcc   0x00000080   Code   RO          885    i.CH_LegLenDes_Update  chassis_apifunction.o
    0x08002c4c   0x08002c4c   0x00000090   Code   RO          886    i.CH_LegLinkageCal_Process  chassis_apifunction.o
    0x08002cdc   0x08002cdc   0x00000060   Code   RO          887    i.CH_ModeChooseParaStructUpdate  chassis_apifunction.o
    0x08002d3c   0x08002d3c   0x0000006e   Code   RO          888    i.CH_MotionUpdateAndProcess  chassis_apifunction.o
    0x08002daa   0x08002daa   0x00000002   PAD
    0x08002dac   0x08002dac   0x0000005c   Code   RO          889    i.CH_VMCCal_Process  chassis_apifunction.o
    0x08002e08   0x08002e08   0x00000170   Code   RO          890    i.CH_VMC_DesDataUpdate  chassis_apifunction.o
    0x08002f78   0x08002f78   0x00000010   Code   RO          760    i.ChModeControl_AutoSafeMode_RCControl  chassis_stratgy.o
    0x08002f88   0x08002f88   0x00000020   Code   RO          761    i.ChModeControl_FollowMode_RCControl  chassis_stratgy.o
    0x08002fa8   0x08002fa8   0x0000034c   Code   RO          762    i.ChModeControl_FreeMode_RCControl  chassis_stratgy.o
    0x080032f4   0x080032f4   0x0000001c   Code   RO          763    i.ChModeControl_ManualSafeMode_RCControl  chassis_stratgy.o
    0x08003310   0x08003310   0x00000010   Code   RO          764    i.ChModeControl_SittingMode_RCControl  chassis_stratgy.o
    0x08003320   0x08003320   0x00000124   Code   RO          765    i.ChModeControl_SlowSitDownMode_RCControl  chassis_stratgy.o
    0x08003444   0x08003444   0x00000108   Code   RO          766    i.ChModeControl_StandUpMode_RCControl  chassis_stratgy.o
    0x0800354c   0x0800354c   0x00000170   Code   RO          721    i.ChassisControl    chassis_task.o
    0x080036bc   0x080036bc   0x000000aa   Code   RO          767    i.ChassisModeChoose_RCControl  chassis_stratgy.o
    0x08003766   0x08003766   0x00000042   Code   RO          768    i.ChassisModeControl_RCControl  chassis_stratgy.o
    0x080037a8   0x080037a8   0x0000006a   Code   RO          769    i.ChassisMode_GetModeStartTime  chassis_stratgy.o
    0x08003812   0x08003812   0x00000002   PAD
    0x08003814   0x08003814   0x0000002c   Code   RO          722    i.ChassisTask       chassis_task.o
    0x08003840   0x08003840   0x00000024   Code   RO          891    i.Chassis_AllDesDataReset  chassis_apifunction.o
    0x08003864   0x08003864   0x00000230   Code   RO          892    i.Chassis_AllFBDataUpdate  chassis_apifunction.o
    0x08003a94   0x08003a94   0x00000014   Code   RO          893    i.Chassis_DisFBClear  chassis_apifunction.o
    0x08003aa8   0x08003aa8   0x0000000c   Code   RO          894    i.Chassis_RobotCtrlDataReset  chassis_apifunction.o
    0x08003ab4   0x08003ab4   0x0000005c   Code   RO          895    i.Chassis_RobotCtrlDefaultConfigDataReset  chassis_apifunction.o
    0x08003b10   0x08003b10   0x000000b0   Code   RO          896    i.Chassis_RobotCtrlForceConfigDataReset  chassis_apifunction.o
    0x08003bc0   0x08003bc0   0x00000012   Code   RO         3718    i.CheckITStatus     stm32f4xx_can.o
    0x08003bd2   0x08003bd2   0x00000002   PAD
    0x08003bd4   0x08003bd4   0x00000034   Code   RO         3865    i.DMA_ClearITPendingBit  stm32f4xx_dma.o
    0x08003c08   0x08003c08   0x00000016   Code   RO         3866    i.DMA_Cmd           stm32f4xx_dma.o
    0x08003c1e   0x08003c1e   0x00000002   PAD
    0x08003c20   0x08003c20   0x00000158   Code   RO         3867    i.DMA_DeInit        stm32f4xx_dma.o
    0x08003d78   0x08003d78   0x00000014   Code   RO         3871    i.DMA_GetCmdStatus  stm32f4xx_dma.o
    0x08003d8c   0x08003d8c   0x00000008   Code   RO         3872    i.DMA_GetCurrDataCounter  stm32f4xx_dma.o
    0x08003d94   0x08003d94   0x00000058   Code   RO         3878    i.DMA_Init          stm32f4xx_dma.o
    0x08003dec   0x08003dec   0x00000004   Code   RO         3881    i.DMA_SetCurrDataCounter  stm32f4xx_dma.o
    0x08003df0   0x08003df0   0x00000022   Code   RO         3882    i.DMA_StructInit    stm32f4xx_dma.o
    0x08003e12   0x08003e12   0x00000002   Code   RO         3260    i.DebugMon_Handler  stm32f4xx_it.o
    0x08003e14   0x08003e14   0x00000070   Code   RO         1112    i.DebugTask         debugtask.o
    0x08003e84   0x08003e84   0x0000001e   Code   RO         1690    i.Delay_ms_Unexact  delay_config.o
    0x08003ea2   0x08003ea2   0x00000090   Code   RO         4330    i.GPIO_Init         stm32f4xx_gpio.o
    0x08003f32   0x08003f32   0x00000046   Code   RO         4331    i.GPIO_PinAFConfig  stm32f4xx_gpio.o
    0x08003f78   0x08003f78   0x00000012   Code   RO         4339    i.GPIO_StructInit   stm32f4xx_gpio.o
    0x08003f8a   0x08003f8a   0x00000002   PAD
    0x08003f8c   0x08003f8c   0x0000002c   Code   RO          897    i.HM_DesDataReset   chassis_apifunction.o
    0x08003fb8   0x08003fb8   0x00000080   Code   RO          898    i.HM_DesDataUpdate  chassis_apifunction.o
    0x08004038   0x08004038   0x00000004   Code   RO         3261    i.HardFault_Handler  stm32f4xx_it.o
    0x0800403c   0x0800403c   0x00000020   Code   RO          899    i.IsEnterManualCalibration  chassis_apifunction.o
    0x0800405c   0x0800405c   0x00000026   Code   RO          583    i.IsInsideEightGesture  general_auxiliaryfunc.o
    0x08004082   0x08004082   0x00000002   PAD
    0x08004084   0x08004084   0x00000018   Code   RO          584    i.IsLeftJoyStickBeyondDeadZoneDown  general_auxiliaryfunc.o
    0x0800409c   0x0800409c   0x00000018   Code   RO          585    i.IsLeftJoyStickBeyondDeadZoneUp  general_auxiliaryfunc.o
    0x080040b4   0x080040b4   0x00000018   Code   RO          586    i.IsLeftJoyStickDown  general_auxiliaryfunc.o
    0x080040cc   0x080040cc   0x00000018   Code   RO          587    i.IsLeftJoyStickLeft  general_auxiliaryfunc.o
    0x080040e4   0x080040e4   0x00000018   Code   RO          588    i.IsLeftJoyStickRight  general_auxiliaryfunc.o
    0x080040fc   0x080040fc   0x00000014   Code   RO          590    i.IsLeftLevelDown   general_auxiliaryfunc.o
    0x08004110   0x08004110   0x00000014   Code   RO          591    i.IsLeftLevelMid    general_auxiliaryfunc.o
    0x08004124   0x08004124   0x000000d4   Code   RO          593    i.IsRCConnected     general_auxiliaryfunc.o
    0x080041f8   0x080041f8   0x00000018   Code   RO          594    i.IsRightJoyStickDown  general_auxiliaryfunc.o
    0x08004210   0x08004210   0x00000018   Code   RO          595    i.IsRightJoyStickLeft  general_auxiliaryfunc.o
    0x08004228   0x08004228   0x00000014   Code   RO          600    i.IsRightLevelUp    general_auxiliaryfunc.o
    0x0800423c   0x0800423c   0x00000018   Code   RO          602    i.IsRollerUp        general_auxiliaryfunc.o
    0x08004254   0x08004254   0x00000084   Code   RO          900    i.JM_DesDataReset   chassis_apifunction.o
    0x080042d8   0x080042d8   0x000000e4   Code   RO          901    i.JM_DesDataUpdate  chassis_apifunction.o
    0x080043bc   0x080043bc   0x0000007c   Code   RO          233    i.LPF_Cal           algorithm.o
    0x08004438   0x08004438   0x00000006   Code   RO          234    i.LPF_GetOutput     algorithm.o
    0x0800443e   0x0800443e   0x00000006   Code   RO          235    i.LPF_SetInput      algorithm.o
    0x08004444   0x08004444   0x00000064   Code   RO          236    i.LQR_Cal           algorithm.o
    0x080044a8   0x080044a8   0x00000020   Code   RO          237    i.LQR_Get_uVector   algorithm.o
    0x080044c8   0x080044c8   0x00000058   Code   RO          238    i.LQR_K_MatrixUpdate  algorithm.o
    0x08004520   0x08004520   0x0000002a   Code   RO          239    i.LQR_xVector_DataUpdate  algorithm.o
    0x0800454a   0x0800454a   0x0000001a   Code   RO          240    i.LegLinkage_AngleDataUpdate  algorithm.o
    0x08004564   0x08004564   0x0000000a   Code   RO          241    i.LegLinkage_AngleVelDataUpdate  algorithm.o
    0x0800456e   0x0800456e   0x00000002   PAD
    0x08004570   0x08004570   0x00000308   Code   RO          242    i.LegLinkage_ForwardKinematicsCal  algorithm.o
    0x08004878   0x08004878   0x00000006   Code   RO          243    i.LegLinkage_GetL0Length  algorithm.o
    0x0800487e   0x0800487e   0x00000002   PAD
    0x08004880   0x08004880   0x00000114   Code   RO          244    i.LegLinkage_GetL0dot  algorithm.o
    0x08004994   0x08004994   0x00000006   Code   RO          245    i.LegLinkage_GetLegLength  algorithm.o
    0x0800499a   0x0800499a   0x00000002   PAD
    0x0800499c   0x0800499c   0x000000b4   Code   RO          246    i.LegLinkage_GetTheta  algorithm.o
    0x08004a50   0x08004a50   0x00000140   Code   RO          247    i.LegLinkage_GetThetadot  algorithm.o
    0x08004b90   0x08004b90   0x00000040   Code   RO          248    i.LegLinkage_GetxCdot  algorithm.o
    0x08004bd0   0x08004bd0   0x0000002a   Code   RO          603    i.Limit             general_auxiliaryfunc.o
    0x08004bfa   0x08004bfa   0x00000002   PAD
    0x08004bfc   0x08004bfc   0x0000008c   Code   RO          249    i.LuenbergerObserver_UniformVelocityModel  algorithm.o
    0x08004c88   0x08004c88   0x00000004   Code   RO         3262    i.MemManage_Handler  stm32f4xx_it.o
    0x08004c8c   0x08004c8c   0x0000000a   Code   RO          516    i.MyAbsf            algorithm_simple.o
    0x08004c96   0x08004c96   0x00000018   Code   RO          517    i.MyAtan            algorithm_simple.o
    0x08004cae   0x08004cae   0x00000002   PAD
    0x08004cb0   0x08004cb0   0x00000034   Code   RO          518    i.MyCos             algorithm_simple.o
    0x08004ce4   0x08004ce4   0x00000030   Code   RO          519    i.MySign            algorithm_simple.o
    0x08004d14   0x08004d14   0x00000034   Code   RO          520    i.MySin             algorithm_simple.o
    0x08004d48   0x08004d48   0x0000000a   Code   RO          521    i.MySqr             algorithm_simple.o
    0x08004d52   0x08004d52   0x00000002   PAD
    0x08004d54   0x08004d54   0x00000034   Code   RO          522    i.MySqrt            algorithm_simple.o
    0x08004d88   0x08004d88   0x00000120   Code   RO         1559    i.My_CAN1_Init      can_config.o
    0x08004ea8   0x08004ea8   0x00000128   Code   RO         1560    i.My_CAN2_Init      can_config.o
    0x08004fd0   0x08004fd0   0x00000044   Code   RO         1811    i.My_TIM5_Init      tim_config.o
    0x08005014   0x08005014   0x00000188   Code   RO         1747    i.My_UART4_Init     usart_config.o
    0x0800519c   0x0800519c   0x0000014c   Code   RO         1749    i.My_USART1_Init    usart_config.o
    0x080052e8   0x080052e8   0x000001c4   Code   RO         1750    i.My_USART2_Init    usart_config.o
    0x080054ac   0x080054ac   0x000001c0   Code   RO         1751    i.My_USART3_Init    usart_config.o
    0x0800566c   0x0800566c   0x00000184   Code   RO         1752    i.My_USART6_Init    usart_config.o
    0x080057f0   0x080057f0   0x00000042   Code   RO         1720    i.My_WWDG_Init      wwdg_config.o
    0x08005832   0x08005832   0x00000002   Code   RO         3263    i.NMI_Handler       stm32f4xx_it.o
    0x08005834   0x08005834   0x00000078   Code   RO         3316    i.NVIC_Init         misc.o
    0x080058ac   0x080058ac   0x00000014   Code   RO         3317    i.NVIC_PriorityGroupConfig  misc.o
    0x080058c0   0x080058c0   0x00000006   Code   RO          250    i.OffGround_BodyZAccUpdate  algorithm.o
    0x080058c6   0x080058c6   0x0000006a   Code   RO          251    i.OffGround_GetLegToWheelForce  algorithm.o
    0x08005930   0x08005930   0x000001da   Code   RO          252    i.OffGround_GetRealFAndTp  algorithm.o
    0x08005b0a   0x08005b0a   0x00000002   PAD
    0x08005b0c   0x08005b0c   0x000000f0   Code   RO          253    i.OffGround_GetSupportForce  algorithm.o
    0x08005bfc   0x08005bfc   0x000000f0   Code   RO          254    i.OffGround_LegLinkRelateDataUpdate  algorithm.o
    0x08005cec   0x08005cec   0x00000006   Code   RO          255    i.OffGround_PitchAngleUpdate  algorithm.o
    0x08005cf2   0x08005cf2   0x00000006   Code   RO          256    i.OffGround_PitchAngleVelUpdate  algorithm.o
    0x08005cf8   0x08005cf8   0x0000000a   Code   RO          257    i.OffGround_TorqueDataUpdate  algorithm.o
    0x08005d02   0x08005d02   0x00000002   PAD
    0x08005d04   0x08005d04   0x00000154   Code   RO          258    i.PID_Cal           algorithm.o
    0x08005e58   0x08005e58   0x00000006   Code   RO          259    i.PID_GetOutput     algorithm.o
    0x08005e5e   0x08005e5e   0x00000002   PAD
    0x08005e60   0x08005e60   0x00000048   Code   RO          260    i.PID_Reset         algorithm.o
    0x08005ea8   0x08005ea8   0x00000006   Code   RO          261    i.PID_SetDes        algorithm.o
    0x08005eae   0x08005eae   0x00000006   Code   RO          262    i.PID_SetFB         algorithm.o
    0x08005eb4   0x08005eb4   0x0000000e   Code   RO          263    i.PID_SetKpKiKd     algorithm.o
    0x08005ec2   0x08005ec2   0x00000002   PAD
    0x08005ec4   0x08005ec4   0x00000020   Code   RO         4434    i.RCC_AHB1PeriphClockCmd  stm32f4xx_rcc.o
    0x08005ee4   0x08005ee4   0x00000020   Code   RO         4443    i.RCC_APB1PeriphClockCmd  stm32f4xx_rcc.o
    0x08005f04   0x08005f04   0x00000020   Code   RO         4445    i.RCC_APB1PeriphResetCmd  stm32f4xx_rcc.o
    0x08005f24   0x08005f24   0x00000020   Code   RO         4446    i.RCC_APB2PeriphClockCmd  stm32f4xx_rcc.o
    0x08005f44   0x08005f44   0x00000020   Code   RO         4448    i.RCC_APB2PeriphResetCmd  stm32f4xx_rcc.o
    0x08005f64   0x08005f64   0x000000e8   Code   RO         4455    i.RCC_GetClocksFreq  stm32f4xx_rcc.o
    0x0800604c   0x0800604c   0x00000020   Code   RO         1156    i.ReceiverTask      receivertask.o
    0x0800606c   0x0800606c   0x00000018   Code   RO         1812    i.RunTimeGet        tim_config.o
    0x08006084   0x08006084   0x00000010   Code   RO         1813    i.RunTimeReset      tim_config.o
    0x08006094   0x08006094   0x00000024   Code   RO         1174    i.SendDataTask      senddatatask.o
    0x080060b8   0x080060b8   0x000000ec   Code   RO         3218    i.SetSysClock       system_stm32f4xx.o
    0x080061a4   0x080061a4   0x0000004c   Code   RO          604    i.StepChangeValue   general_auxiliaryfunc.o
    0x080061f0   0x080061f0   0x00000034   Code   RO         3132    i.SysTick_Handler   port.o
    0x08006224   0x08006224   0x00000068   Code   RO         3220    i.SystemInit        system_stm32f4xx.o
    0x0800628c   0x0800628c   0x0000003c   Code   RO          264    i.TD_Cal            algorithm.o
    0x080062c8   0x080062c8   0x00000006   Code   RO          265    i.TD_GetOutput      algorithm.o
    0x080062ce   0x080062ce   0x00000002   PAD
    0x080062d0   0x080062d0   0x00000018   Code   RO          266    i.TD_Reset          algorithm.o
    0x080062e8   0x080062e8   0x00000006   Code   RO          267    i.TD_SetInput       algorithm.o
    0x080062ee   0x080062ee   0x00000006   Code   RO          268    i.TD_Setr           algorithm.o
    0x080062f4   0x080062f4   0x00000018   Code   RO         5022    i.TIM_Cmd           stm32f4xx_tim.o
    0x0800630c   0x0800630c   0x00000006   Code   RO         5041    i.TIM_GetCounter    stm32f4xx_tim.o
    0x08006312   0x08006312   0x00000004   Code   RO         5088    i.TIM_SetCounter    stm32f4xx_tim.o
    0x08006316   0x08006316   0x00000002   PAD
    0x08006318   0x08006318   0x00000084   Code   RO         5094    i.TIM_TimeBaseInit  stm32f4xx_tim.o
    0x0800639c   0x0800639c   0x00000012   Code   RO         5095    i.TIM_TimeBaseStructInit  stm32f4xx_tim.o
    0x080063ae   0x080063ae   0x00000002   PAD
    0x080063b0   0x080063b0   0x000000e8   Code   RO         1365    i.UA1Rx_ReceiverDataProcess  usart_communication.o
    0x08006498   0x08006498   0x000000a8   Code   RO         1366    i.UA2Rx_IMU1DataProcess  usart_communication.o
    0x08006540   0x08006540   0x00000068   Code   RO         1367    i.UA2Tx_SendDataToIMU1  usart_communication.o
    0x080065a8   0x080065a8   0x0000001c   Code   RO         1368    i.UA4Rx_IMU2DataProcess  usart_communication.o
    0x080065c4   0x080065c4   0x00000134   Code   RO         1369    i.UA4Tx_SendDataToIMU2  usart_communication.o
    0x080066f8   0x080066f8   0x00000060   Code   RO         1262    i.UART4_IRQHandler  irqhandler_config.o
    0x08006758   0x08006758   0x00000064   Code   RO         1263    i.USART1_IRQHandler  irqhandler_config.o
    0x080067bc   0x080067bc   0x00000060   Code   RO         1264    i.USART2_IRQHandler  irqhandler_config.o
    0x0800681c   0x0800681c   0x0000004c   Code   RO         1370    i.USART3_DMA_printf  usart_communication.o
    0x08006868   0x08006868   0x00000054   Code   RO         1265    i.USART3_IRQHandler  irqhandler_config.o
    0x080068bc   0x080068bc   0x00000012   Code   RO         5575    i.USART_ClearFlag   stm32f4xx_usart.o
    0x080068ce   0x080068ce   0x00000018   Code   RO         5579    i.USART_Cmd         stm32f4xx_usart.o
    0x080068e6   0x080068e6   0x00000012   Code   RO         5580    i.USART_DMACmd      stm32f4xx_usart.o
    0x080068f8   0x080068f8   0x000000f0   Code   RO         5581    i.USART_DeInit      stm32f4xx_usart.o
    0x080069e8   0x080069e8   0x00000054   Code   RO         5583    i.USART_GetITStatus  stm32f4xx_usart.o
    0x08006a3c   0x08006a3c   0x0000004a   Code   RO         5585    i.USART_ITConfig    stm32f4xx_usart.o
    0x08006a86   0x08006a86   0x00000002   PAD
    0x08006a88   0x08006a88   0x000000d4   Code   RO         5586    i.USART_Init        stm32f4xx_usart.o
    0x08006b5c   0x08006b5c   0x00000018   Code   RO         5602    i.USART_StructInit  stm32f4xx_usart.o
    0x08006b74   0x08006b74   0x00000004   Code   RO         3264    i.UsageFault_Handler  stm32f4xx_it.o
    0x08006b78   0x08006b78   0x000001cc   Code   RO          269    i.VMC_Cal           algorithm.o
    0x08006d44   0x08006d44   0x0000001a   Code   RO          270    i.VMC_FMatrixUpdate  algorithm.o
    0x08006d5e   0x08006d5e   0x00000002   PAD
    0x08006d60   0x08006d60   0x00000108   Code   RO         1113    i.VofaPrint         debugtask.o
    0x08006e68   0x08006e68   0x0000000c   Code   RO         5770    i.WWDG_ClearFlag    stm32f4xx_wwdg.o
    0x08006e74   0x08006e74   0x00000010   Code   RO         5772    i.WWDG_Enable       stm32f4xx_wwdg.o
    0x08006e84   0x08006e84   0x0000000c   Code   RO         5773    i.WWDG_EnableIT     stm32f4xx_wwdg.o
    0x08006e90   0x08006e90   0x00000014   Code   RO         1266    i.WWDG_IRQHandler   irqhandler_config.o
    0x08006ea4   0x08006ea4   0x00000010   Code   RO         5775    i.WWDG_SetCounter   stm32f4xx_wwdg.o
    0x08006eb4   0x08006eb4   0x00000018   Code   RO         5776    i.WWDG_SetPrescaler  stm32f4xx_wwdg.o
    0x08006ecc   0x08006ecc   0x00000028   Code   RO         5777    i.WWDG_SetWindowValue  stm32f4xx_wwdg.o
    0x08006ef4   0x08006ef4   0x00000070   Code   RO         1521    i._BSPInit_CANSendZeroCurrent  rm_bsp.o
    0x08006f64   0x08006f64   0x00000014   Code   RO          902    i._CH_Flag_Reset    chassis_apifunction.o
    0x08006f78   0x08006f78   0x0000005c   Code   RO          903    i._CH_LQRCal_DesDataReset  chassis_apifunction.o
    0x08006fd4   0x08006fd4   0x00000018   Code   RO          904    i._CH_LegLen_DesDataReset  chassis_apifunction.o
    0x08006fec   0x08006fec   0x00000058   Code   RO          905    i._CH_PIDCal_DataReset  chassis_apifunction.o
    0x08007044   0x08007044   0x00000044   Code   RO          906    i._CH_TDCal_DataReset  chassis_apifunction.o
    0x08007088   0x08007088   0x0000002c   Code   RO          907    i._CH_VMCCal_DesDataReset  chassis_apifunction.o
    0x080070b4   0x080070b4   0x0000002c   Code   RO         1372    i._CRC16_Append     usart_communication.o
    0x080070e0   0x080070e0   0x00000034   Code   RO         1373    i._CRC16_GetCheckSum  usart_communication.o
    0x08007114   0x08007114   0x0000003c   Code   RO         1374    i._CRC16_Verify     usart_communication.o
    0x08007150   0x08007150   0x00000088   Code   RO          770    i._ChIsEnter_AutoSafeMode_RCControl  chassis_stratgy.o
    0x080071d8   0x080071d8   0x00000004   Code   RO          771    i._ChIsEnter_FollowMode_RCControl  chassis_stratgy.o
    0x080071dc   0x080071dc   0x0000005c   Code   RO          772    i._ChIsEnter_FreeMode_RCControl  chassis_stratgy.o
    0x08007238   0x08007238   0x00000020   Code   RO          773    i._ChIsEnter_ManualSafeMode_RCControl  chassis_stratgy.o
    0x08007258   0x08007258   0x000000a4   Code   RO          774    i._ChIsEnter_SittingMode_RCControl  chassis_stratgy.o
    0x080072fc   0x080072fc   0x0000004e   Code   RO          775    i._ChIsEnter_SlowSitDownMode_RCControl  chassis_stratgy.o
    0x0800734a   0x0800734a   0x00000002   PAD
    0x0800734c   0x0800734c   0x0000008c   Code   RO          776    i._ChIsEnter_StandUpMode_RCControl  chassis_stratgy.o
    0x080073d8   0x080073d8   0x00000028   Code   RO          908    i._Ch_FBData_LPF    chassis_apifunction.o
    0x08007400   0x08007400   0x000000a8   Code   RO          909    i._Ch_VelFB_Process  chassis_apifunction.o
    0x080074a8   0x080074a8   0x00000054   Code   RO          910    i._HM_DesData_TorqueToCurrent  chassis_apifunction.o
    0x080074fc   0x080074fc   0x0000008c   Code   RO          911    i._HM_FBData_Parse  chassis_apifunction.o
    0x08007588   0x08007588   0x00000112   Code   RO          272    i._TD_fst           algorithm.o
    0x0800769a   0x0800769a   0x00000030   Code   RO         6250    i.__ARM_fpclassify  m_wm.l(fpclassify.o)
    0x080076ca   0x080076ca   0x00000026   Code   RO         6149    i.__ARM_fpclassifyf  m_wm.l(fpclassifyf.o)
    0x080076f0   0x080076f0   0x0000000e   Code   RO          273    i.__ARM_isnanf      algorithm.o
    0x080076fe   0x080076fe   0x00000002   PAD
    0x08007700   0x08007700   0x00000020   Code   RO         1267    i.__IsUART4SingleRecOK  irqhandler_config.o
    0x08007720   0x08007720   0x00000020   Code   RO         1268    i.__IsUSART1SingleRecOK  irqhandler_config.o
    0x08007740   0x08007740   0x00000020   Code   RO         1269    i.__IsUSART2SingleRecOK  irqhandler_config.o
    0x08007760   0x08007760   0x0000002c   Code   RO         1375    i.__UA2Rx_IsVerifySuccess  usart_communication.o
    0x0800778c   0x0800778c   0x00000028   Code   RO         1376    i.__UA4Rx_IsVerifySuccess  usart_communication.o
    0x080077b4   0x080077b4   0x00000160   Code   RO         6048    i.__hardfp_atanf    m_wm.l(atanf.o)
    0x08007914   0x08007914   0x00000006   Code   RO         6152    i.__mathlib_flt_infnan  m_wm.l(funder.o)
    0x0800791a   0x0800791a   0x00000002   PAD
    0x0800791c   0x0800791c   0x00000010   Code   RO         6157    i.__mathlib_flt_underflow  m_wm.l(funder.o)
    0x0800792c   0x0800792c   0x0000000e   Code   RO         6013    i._is_digit         c_w.l(__printf_wp.o)
    0x0800793a   0x0800793a   0x00000002   PAD
    0x0800793c   0x0800793c   0x00000104   Code   RO         1195    i.main              main.o
    0x08007a40   0x08007a40   0x000000b8   Code   RO         2416    i.prvAddCurrentTaskToDelayedList  tasks.o
    0x08007af8   0x08007af8   0x000000f8   Code   RO         2417    i.prvAddNewTaskToReadyList  tasks.o
    0x08007bf0   0x08007bf0   0x00000064   Code   RO         2869    i.prvCheckForValidListAndQueue  timers.o
    0x08007c54   0x08007c54   0x00000048   Code   RO         2418    i.prvCheckTasksWaitingTermination  tasks.o
    0x08007c9c   0x08007c9c   0x0000002a   Code   RO         2012    i.prvCopyDataFromQueue  queue.o
    0x08007cc6   0x08007cc6   0x00000002   PAD
    0x08007cc8   0x08007cc8   0x00000068   Code   RO         2419    i.prvCreateIdleTasks  tasks.o
    0x08007d30   0x08007d30   0x0000005a   Code   RO         2420    i.prvCreateTask     tasks.o
    0x08007d8a   0x08007d8a   0x00000012   Code   RO         2421    i.prvDeleteTCB      tasks.o
    0x08007d9c   0x08007d9c   0x00000028   Code   RO         2870    i.prvGetNextExpireTime  timers.o
    0x08007dc4   0x08007dc4   0x0000006c   Code   RO         3064    i.prvHeapInit       heap_4.o
    0x08007e30   0x08007e30   0x00000028   Code   RO         2422    i.prvIdleTask       tasks.o
    0x08007e58   0x08007e58   0x0000002a   Code   RO         2016    i.prvInitialiseNewQueue  queue.o
    0x08007e82   0x08007e82   0x000000cc   Code   RO         2423    i.prvInitialiseNewTask  tasks.o
    0x08007f4e   0x08007f4e   0x00000002   PAD
    0x08007f50   0x08007f50   0x00000068   Code   RO         2424    i.prvInitialiseTaskLists  tasks.o
    0x08007fb8   0x08007fb8   0x000000a0   Code   RO         3065    i.prvInsertBlockIntoFreeList  heap_4.o
    0x08008058   0x08008058   0x00000058   Code   RO         2872    i.prvInsertTimerInActiveList  timers.o
    0x080080b0   0x080080b0   0x0000001a   Code   RO         2017    i.prvIsQueueEmpty   queue.o
    0x080080ca   0x080080ca   0x00000002   PAD
    0x080080cc   0x080080cc   0x00000044   Code   RO         2873    i.prvProcessExpiredTimer  timers.o
    0x08008110   0x08008110   0x00000154   Code   RO         2874    i.prvProcessReceivedCommands  timers.o
    0x08008264   0x08008264   0x00000074   Code   RO         2875    i.prvProcessTimerOrBlockTask  timers.o
    0x080082d8   0x080082d8   0x00000028   Code   RO         2876    i.prvReloadTimer    timers.o
    0x08008300   0x08008300   0x00000030   Code   RO         2426    i.prvResetNextTaskUnblockTime  tasks.o
    0x08008330   0x08008330   0x0000002c   Code   RO         2877    i.prvSampleTimeNow  timers.o
    0x0800835c   0x0800835c   0x00000044   Code   RO         2878    i.prvSwitchTimerLists  timers.o
    0x080083a0   0x080083a0   0x00000014   Code   RO         2429    i.prvTaskCheckFreeStackSpace  tasks.o
    0x080083b4   0x080083b4   0x00000040   Code   RO         3133    i.prvTaskExitError  port.o
    0x080083f4   0x080083f4   0x0000001a   Code   RO         2879    i.prvTimerTask      timers.o
    0x0800840e   0x0800840e   0x0000007e   Code   RO         2019    i.prvUnlockQueue    queue.o
    0x0800848c   0x0800848c   0x000001f8   Code   RO         3067    i.pvPortMalloc      heap_4.o
    0x08008684   0x08008684   0x0000002c   Code   RO         3134    i.pxPortInitialiseStack  port.o
    0x080086b0   0x080086b0   0x00000028   Code   RO         1972    i.uxListRemove      list.o
    0x080086d8   0x080086d8   0x00000028   Code   RO         2438    i.uxTaskGetStackHighWaterMark  tasks.o
    0x08008700   0x08008700   0x0000001a   Code   RO         1973    i.vListInitialise   list.o
    0x0800871a   0x0800871a   0x00000006   Code   RO         1974    i.vListInitialiseItem  list.o
    0x08008720   0x08008720   0x00000034   Code   RO         1975    i.vListInsert       list.o
    0x08008754   0x08008754   0x00000054   Code   RO         3136    i.vPortEnterCritical  port.o
    0x080087a8   0x080087a8   0x0000003c   Code   RO         3137    i.vPortExitCritical  port.o
    0x080087e4   0x080087e4   0x000000dc   Code   RO         3068    i.vPortFree         heap_4.o
    0x080088c0   0x080088c0   0x00000018   Code   RO         3138    i.vPortSetupTimerInterrupt  port.o
    0x080088d8   0x080088d8   0x00000060   Code   RO         2027    i.vQueueAddToRegistry  queue.o
    0x08008938   0x08008938   0x0000004a   Code   RO         2031    i.vQueueWaitForMessageRestricted  queue.o
    0x08008982   0x08008982   0x00000002   PAD
    0x08008984   0x08008984   0x0000005c   Code   RO         2444    i.vTaskDelay        tasks.o
    0x080089e0   0x080089e0   0x00000018   Code   RO         2449    i.vTaskInternalSetTimeOutState  tasks.o
    0x080089f8   0x080089f8   0x0000000c   Code   RO         2451    i.vTaskMissedYield  tasks.o
    0x08008a04   0x08008a04   0x00000038   Code   RO         2452    i.vTaskPlaceOnEventList  tasks.o
    0x08008a3c   0x08008a3c   0x00000068   Code   RO         2453    i.vTaskPlaceOnEventListRestricted  tasks.o
    0x08008aa4   0x08008aa4   0x0000007c   Code   RO         2462    i.vTaskStartScheduler  tasks.o
    0x08008b20   0x08008b20   0x00000010   Code   RO         2464    i.vTaskSuspendAll   tasks.o
    0x08008b30   0x08008b30   0x00000098   Code   RO         2465    i.vTaskSwitchContext  tasks.o
    0x08008bc8   0x08008bc8   0x00000168   Code   RO         3140    i.xPortStartScheduler  port.o
    0x08008d30   0x08008d30   0x00000066   Code   RO         2034    i.xQueueGenericCreate  queue.o
    0x08008d96   0x08008d96   0x00000002   PAD
    0x08008d98   0x08008d98   0x000000dc   Code   RO         2035    i.xQueueGenericReset  queue.o
    0x08008e74   0x08008e74   0x00000168   Code   RO         2044    i.xQueueReceive     queue.o
    0x08008fdc   0x08008fdc   0x000000ac   Code   RO         2468    i.xTaskCheckForTimeOut  tasks.o
    0x08009088   0x08009088   0x00000038   Code   RO         2469    i.xTaskCreate       tasks.o
    0x080090c0   0x080090c0   0x000000d8   Code   RO         2470    i.xTaskDelayUntil   tasks.o
    0x08009198   0x08009198   0x00000020   Code   RO         2480    i.xTaskGetSchedulerState  tasks.o
    0x080091b8   0x080091b8   0x0000000c   Code   RO         2481    i.xTaskGetTickCount  tasks.o
    0x080091c4   0x080091c4   0x000001cc   Code   RO         2483    i.xTaskIncrementTick  tasks.o
    0x08009390   0x08009390   0x00000134   Code   RO         2486    i.xTaskRemoveFromEventList  tasks.o
    0x080094c4   0x080094c4   0x000001a4   Code   RO         2487    i.xTaskResumeAll    tasks.o
    0x08009668   0x08009668   0x00000058   Code   RO         2888    i.xTimerCreateTimerTask  timers.o
    0x080096c0   0x080096c0   0x0000002c   Code   RO         6234    locale$$code        c_w.l(lc_numeric_c.o)
    0x080096ec   0x080096ec   0x0000002c   Code   RO         6260    locale$$code        c_w.l(lc_ctype_c.o)
    0x08009718   0x08009718   0x0000001a   Code   RO         6132    x$fpl$dfltn         g_wm.l(dflt_clz.o)
    0x08009732   0x08009732   0x0000000c   Code   RO         6136    x$fpl$dretinf       g_wm.l(dretinf.o)
    0x0800973e   0x0800973e   0x00000002   PAD
    0x08009740   0x08009740   0x000001ec   Code   RO         6193    x$fpl$exception     g_wm.l(except.o)
    0x0800992c   0x0800992c   0x0000007a   Code   RO         6046    x$fpl$f2d           g_wm.l(f2d.o)
    0x080099a6   0x080099a6   0x000000f2   Code   RO         6138    x$fpl$fnaninf       g_wm.l(fnaninf.o)
    0x08009a98   0x08009a98   0x0000000a   Code   RO         6322    x$fpl$fpinit        g_wm.l(fpinit.o)
    0x08009aa2   0x08009aa2   0x0000013c   Code   RO         6195    x$fpl$funder        g_wm.l(funder_clz.o)
    0x08009bde   0x08009bde   0x00000002   PAD
    0x08009be0   0x08009be0   0x00000020   Code   RO         6244    x$fpl$ieeestatus    g_wm.l(istatus.o)
    0x08009c00   0x08009c00   0x00000004   Code   RO         6140    x$fpl$printf1       g_wm.l(printf1.o)
    0x08009c04   0x08009c04   0x00000004   Code   RO         6142    x$fpl$printf2       g_wm.l(printf2.o)
    0x08009c08   0x08009c08   0x000000b2   Code   RO         6246    x$fpl$retnan        g_wm.l(retnan.o)
    0x08009cba   0x08009cba   0x0000007e   Code   RO         6248    x$fpl$trapveneer    g_wm.l(trapv.o)
    0x08009d38   0x08009d38   0x00000000   Code   RO         6148    x$fpl$usenofp       g_wm.l(usenofp.o)
    0x08009d38   0x08009d38   0x0000000c   Data   RO           58    .constdata          globaldeclare_chassis.o
    0x08009d44   0x08009d44   0x0000020e   Data   RO         1378    .constdata          usart_communication.o
    0x08009f52   0x08009f52   0x00000002   Data   RO         1721    .constdata          wwdg_config.o
    0x08009f54   0x08009f54   0x00000804   Data   RO         5966    .constdata          arm_cortexM4lf_math.lib(arm_common_tables.o)
    0x0800a758   0x0800a758   0x00000011   Data   RO         6021    .constdata          c_w.l(__printf_flags_ss_wp.o)
    0x0800a769   0x0800a769   0x00000003   PAD
    0x0800a76c   0x0800a76c   0x00000008   Data   RO         6078    .constdata          c_w.l(_printf_wctomb.o)
    0x0800a774   0x0800a774   0x00000028   Data   RO         6107    .constdata          c_w.l(_printf_hex_int_ll_ptr.o)
    0x0800a79c   0x0800a79c   0x00000026   Data   RO         6185    .constdata          c_w.l(_printf_fp_hex.o)
    0x0800a7c2   0x0800a7c2   0x00000002   PAD
    0x0800a7c4   0x0800a7c4   0x00000094   Data   RO         6209    .constdata          c_w.l(bigflt0.o)
    0x0800a858   0x0800a858   0x00000020   Data   RO         6392    Region$$Table       anon$$obj.o
    0x0800a878   0x0800a878   0x0000001c   Data   RO         6233    locale$$data        c_w.l(lc_numeric_c.o)
    0x0800a894   0x0800a894   0x00000110   Data   RO         6259    locale$$data        c_w.l(lc_ctype_c.o)


    Execution Region RW_IRAM1 (Exec base: 0x20000000, Load base: 0x0800a9a4, Size: 0x00005a60, Max: 0x00020000, ABSOLUTE, COMPRESSED[0x00000138])

    Exec Addr    Load Addr    Size         Type   Attr      Idx    E Section Name        Object

    0x20000000   COMPRESSED   0x00000021   Data   RW            5    .data               globaldeclare_general.o
    0x20000021   COMPRESSED   0x00000003   PAD
    0x20000024   COMPRESSED   0x000003e0   Data   RW           59    .data               globaldeclare_chassis.o
    0x20000404   COMPRESSED   0x00000008   Data   RW          107    .data               globaldeclare_gimbal.o
    0x2000040c   COMPRESSED   0x000000a0   Data   RW          274    .data               algorithm.o
    0x200004ac   COMPRESSED   0x00000104   Data   RW          723    .data               chassis_task.o
    0x200005b0   COMPRESSED   0x00000002   Data   RW         1114    .data               debugtask.o
    0x200005b2   COMPRESSED   0x00000002   PAD
    0x200005b4   COMPRESSED   0x00000020   Data   RW         1196    .data               main.o
    0x200005d4   COMPRESSED   0x00000040   Data   RW         2490    .data               tasks.o
    0x20000614   COMPRESSED   0x00000014   Data   RW         2899    .data               timers.o
    0x20000628   COMPRESSED   0x0000001c   Data   RW         3075    .data               heap_4.o
    0x20000644   COMPRESSED   0x0000000c   Data   RW         3141    .data               port.o
    0x20000650   COMPRESSED   0x00000010   Data   RW         4487    .data               stm32f4xx_rcc.o
    0x20000660        -       0x000000c4   Zero   RW            4    .bss                globaldeclare_general.o
    0x20000724        -       0x00000290   Zero   RW           57    .bss                globaldeclare_chassis.o
    0x200009b4        -       0x00000140   Zero   RW          105    .bss                globaldeclare_gimbal.o
    0x20000af4        -       0x000005be   Zero   RW         1377    .bss                usart_communication.o
    0x200010b2   COMPRESSED   0x00000002   PAD
    0x200010b4        -       0x00000040   Zero   RW         2048    .bss                queue.o
    0x200010f4        -       0x000002e4   Zero   RW         2489    .bss                tasks.o
    0x200013d8        -       0x00000028   Zero   RW         2898    .bss                timers.o
    0x20001400        -       0x00004000   Zero   RW         3074    .bss                heap_4.o
    0x20005400        -       0x00000060   Zero   RW         6253    .bss                c_w.l(libspace.o)
    0x20005460        -       0x00000200   Zero   RW         3209    HEAP                startup_stm32f40_41xxx.o
    0x20005660        -       0x00000400   Zero   RW         3208    STACK               startup_stm32f40_41xxx.o


==============================================================================

Image component sizes


      Code (inc. data)   RO Data    RW Data    ZI Data      Debug   Object Name

      4610        122          0        160          0      37585   algorithm.o
       248         28          0          0          0      17652   algorithm_simple.o
       190         12          0          0          0       2456   can_communication.o
       584         16          0          0          0     293838   can_config.o
      3770        478          0          0          0      19326   chassis_apifunction.o
      2480        244          0          0          0      13803   chassis_stratgy.o
       412         66          0        260          0       2191   chassis_task.o
       568        128          0          2          0       1794   debugtask.o
        30          0          0          0          0        631   delay_config.o
         0          0          0          0          0      14936   event_groups.o
       620         70          0          0          0       8874   general_auxiliaryfunc.o
         0          0         12        992        656      16846   globaldeclare_chassis.o
         0          0          0         33        196       8996   globaldeclare_general.o
         0          0          0          8        320     246984   globaldeclare_gimbal.o
       992         84          0         28      16384       5803   heap_4.o
       732        128          0          0          0       6738   irqhandler_config.o
       124          0          0          0          0       2797   list.o
       260        106          0         32          0      16185   main.o
       140         24          0          0          0      18799   misc.o
       878         78          0         12          0      10304   port.o
      1088         16          0          0         64      12455   queue.o
        32          4          0          0          0        547   receivertask.o
       164         10          0          0          0       1133   rm_bsp.o
        36          4          0          0          0        547   senddatatask.o
        64         26        392          0       1536        880   startup_stm32f40_41xxx.o
      1646         22          0          0          0      16228   stm32f4xx_can.o
       572         40          0          0          0      18968   stm32f4xx_dma.o
       232          0          0          0          0       9597   stm32f4xx_gpio.o
        20          0          0          0          0       3013   stm32f4xx_it.o
       392         48          0         16          0      21561   stm32f4xx_rcc.o
       184         28          0          0          0      23480   stm32f4xx_tim.o
       694         42          0          0          0      12505   stm32f4xx_usart.o
       120         32          0          0          0       3991   stm32f4xx_wwdg.o
       340         32          0          0          0       1649   system_stm32f4xx.o
      3428        364          0         64        740      32912   tasks.o
       108         14          0          0          0       1603   tim_config.o
      1018        110          0         20         40      26624   timers.o
      1156        138        526          0       1470       9751   usart_communication.o
      2012        126          0          0          0       4288   usart_config.o
        66          0          2          0          0       1172   wwdg_config.o

    ----------------------------------------------------------------------
     30070       2640        964       1632      21408     949442   Object Totals
         0          0         32          0          0          0   (incl. Generated)
        60          0          0          5          2          0   (incl. Padding)

    ----------------------------------------------------------------------

      Code (inc. data)   RO Data    RW Data    ZI Data      Debug   Library Member Name

         0          0       2052          0          0       4704   arm_common_tables.o
       120         12          0          0          0      17170   arm_cos_f32.o
       148         18          0          0          0        814   arm_sin_f32.o
        90          0          0          0          0          0   __dczerorl2.o
         8          0          0          0          0         68   __main.o
       392          4         17          0          0         92   __printf_flags_ss_wp.o
        14          0          0          0          0         68   __printf_wp.o
         0          0          0          0          0          0   __rtentry.o
        12          0          0          0          0          0   __rtentry2.o
         6          0          0          0          0          0   __rtentry4.o
        52          8          0          0          0          0   __scatter.o
        28          0          0          0          0          0   __scatter_zi.o
        48          4          0          0          0         84   _fptrap.o
         6          0          0          0          0          0   _printf_a.o
         6          0          0          0          0          0   _printf_c.o
        44          0          0          0          0        108   _printf_char.o
        48          6          0          0          0         96   _printf_char_common.o
        40          0          0          0          0         68   _printf_charcount.o
         6          0          0          0          0          0   _printf_d.o
       120         16          0          0          0         92   _printf_dec.o
         6          0          0          0          0          0   _printf_e.o
         6          0          0          0          0          0   _printf_f.o
      1054          0          0          0          0        216   _printf_fp_dec.o
       764          8         38          0          0        100   _printf_fp_hex.o
       128         16          0          0          0         84   _printf_fp_infnan.o
         6          0          0          0          0          0   _printf_g.o
       148          4         40          0          0        160   _printf_hex_int_ll_ptr.o
         6          0          0          0          0          0   _printf_i.o
       178          0          0          0          0         88   _printf_intcommon.o
        10          0          0          0          0          0   _printf_l.o
         6          0          0          0          0          0   _printf_lc.o
        10          0          0          0          0          0   _printf_ll.o
         6          0          0          0          0          0   _printf_lld.o
         6          0          0          0          0          0   _printf_lli.o
         6          0          0          0          0          0   _printf_llo.o
         6          0          0          0          0          0   _printf_llu.o
         6          0          0          0          0          0   _printf_llx.o
       124         16          0          0          0         92   _printf_longlong_dec.o
         6          0          0          0          0          0   _printf_ls.o
         6          0          0          0          0          0   _printf_n.o
         6          0          0          0          0          0   _printf_o.o
       112         10          0          0          0        124   _printf_oct_int_ll.o
         6          0          0          0          0          0   _printf_p.o
        78          0          0          0          0        108   _printf_pad.o
         0          0          0          0          0          0   _printf_percent.o
         4          0          0          0          0          0   _printf_percent_end.o
         6          0          0          0          0          0   _printf_s.o
        82          0          0          0          0         80   _printf_str.o
        36          0          0          0          0         84   _printf_truncate.o
         6          0          0          0          0          0   _printf_u.o
        44          0          0          0          0        108   _printf_wchar.o
       188          6          8          0          0         92   _printf_wctomb.o
         6          0          0          0          0          0   _printf_x.o
        10          0          0          0          0         68   _sputc.o
        64          0          0          0          0         92   _wcrtomb.o
        16          0          0          0          0         68   aeabi_memset.o
       228          4        148          0          0         96   bigflt0.o
      1936        128          0          0          0        672   btod.o
        10          0          0          0          0         68   defsig_exit.o
       172        110          0          0          0         76   defsig_fpe_inner.o
        14          0          0          0          0         80   defsig_fpe_outer.o
        50          0          0          0          0         88   defsig_general.o
        18          0          0          0          0         80   exit.o
         6          0          0          0          0        152   heapauxi.o
         0          0          0          0          0          0   indicate_semi.o
        44         10        272          0          0         76   lc_ctype_c.o
        44         10         28          0          0         76   lc_numeric_c.o
         2          0          0          0          0          0   libinit.o
        34          0          0          0          0          0   libinit2.o
         2          0          0          0          0          0   libshutdown.o
         2          0          0          0          0          0   libshutdown2.o
         8          4          0          0         96         68   libspace.o
       138          0          0          0          0         80   lludiv10.o
        16          4          0          0          0         76   rt_ctype_table.o
         8          4          0          0          0         68   rt_locale_intlibspace.o
        68          0          0          0          0         68   rt_memclr.o
        78          0          0          0          0         80   rt_memclr_w.o
       138          0          0          0          0         68   rt_memcpy_v6.o
       100          0          0          0          0         80   rt_memcpy_w.o
         2          0          0          0          0          0   rtexit.o
        10          0          0          0          0          0   rtexit2.o
       128          0          0          0          0         68   strcmpv7m.o
        12          4          0          0          0         68   sys_exit.o
        74          0          0          0          0         80   sys_stackheap_outer.o
        14          0          0          0          0         76   sys_wrch.o
         2          0          0          0          0         68   use_no_semi.o
        36          4          0          0          0         76   vsprintf.o
        26          0          0          0          0        116   dflt_clz.o
        12          0          0          0          0        116   dretinf.o
       492         36          0          0          0        148   except.o
       122          8          0          0          0        132   f2d.o
       242          4          0          0          0        144   fnaninf.o
        10          0          0          0          0        116   fpinit.o
       316          0          0          0          0        132   funder_clz.o
        32          4          0          0          0        116   istatus.o
         4          0          0          0          0        116   printf1.o
         4          0          0          0          0        116   printf2.o
       178          0          0          0          0        116   retnan.o
       126          0          0          0          0        148   trapv.o
         0          0          0          0          0          0   usenofp.o
       352         56          0          0          0        172   atanf.o
        48          0          0          0          0        124   fpclassify.o
        38          0          0          0          0        116   fpclassifyf.o
        22          6          0          0          0        232   funder.o

    ----------------------------------------------------------------------
      9786        524       2608          0         96      29576   Library Totals
        28          0          5          0          0          0   (incl. Padding)

    ----------------------------------------------------------------------

      Code (inc. data)   RO Data    RW Data    ZI Data      Debug   Library Name

       268         30       2052          0          0      22688   arm_cortexM4lf_math.lib
      7466        380        551          0         96       4728   c_w.l
      1564         52          0          0          0       1516   g_wm.l
       460         62          0          0          0        644   m_wm.l

    ----------------------------------------------------------------------
      9786        524       2608          0         96      29576   Library Totals

    ----------------------------------------------------------------------

==============================================================================


      Code (inc. data)   RO Data    RW Data    ZI Data      Debug   

     39856       3164       3572       1632      21504     949166   Grand Totals
     39856       3164       3572        312      21504     949166   ELF Image Totals (compressed)
     39856       3164       3572        312          0          0   ROM Totals

==============================================================================

    Total RO  Size (Code + RO Data)                43428 (  42.41kB)
    Total RW  Size (RW Data + ZI Data)             23136 (  22.59kB)
    Total ROM Size (Code + RO Data + RW Data)      43740 (  42.71kB)

==============================================================================

